../Src/syscalls.c:51:9:_sbrk	8	static
../Src/syscalls.c:80:5:_gettimeofday	0	static
../Src/syscalls.c:92:6:initialise_monitor_handles	0	static
../Src/syscalls.c:96:5:_getpid	0	static
../Src/syscalls.c:101:5:_kill	8	static
C:\ST\STM32CubeIDE_1.12.1\STM32CubeIDE\plugins\com.st.stm32cube.ide.mcu.externaltools.gnu-tools-for-stm32.11.3.rel1.win32_1.1.0.202305231506\tools\bin/../lib/gcc/arm-none-eabi/11.3.1/../../../../arm-none-eabi/include/sys/unistd.h:18:6:_exit	8	static
../Src/syscalls.c:115:27:_read	16	static
../Src/syscalls.c:129:5:_write	16	static
../Src/syscalls.c:142:5:_close	0	static
../Src/syscalls.c:149:5:_fstat	0	static
../Src/syscalls.c:156:5:_isatty	0	static
../Src/syscalls.c:162:5:_lseek	0	static
../Src/syscalls.c:170:5:_open	0	static
C:\ST\STM32CubeIDE_1.12.1\STM32CubeIDE\plugins\com.st.stm32cube.ide.mcu.externaltools.gnu-tools-for-stm32.11.3.rel1.win32_1.1.0.202305231506\tools\bin/../lib/gcc/arm-none-eabi/11.3.1/../../../../arm-none-eabi/include/sys/wait.h:38:7:_wait	8	static
../Src/syscalls.c:185:5:_unlink	8	static
../Src/syscalls.c:192:5:_times	0	static
../Src/syscalls.c:198:5:_stat	0	static
../Src/syscalls.c:205:5:_link	8	static
../Src/syscalls.c:213:5:_fork	8	static
../Src/syscalls.c:219:5:_execve	8	static
