Archive member included to satisfy reference by file (symbol)

../Middlewares/ST/STM32_Audio/Addons/PDM/Lib/\libPDMFilter_CM4_GCC_wc32.a(pdm_filter.o)
                              ./Drivers/BSP/STM32F4-Discovery/stm32f4_discovery_audio.o (PDM_Filter_Init)
../Middlewares/ST/STM32_Audio/Addons/PDM/Lib/\libPDMFilter_CM4_GCC_wc32.a(stm32_crc_lock.o)
                              ../Middlewares/ST/STM32_Audio/Addons/PDM/Lib/\libPDMFilter_CM4_GCC_wc32.a(pdm_filter.o) (CRC_Lock)
../sdk/mcu/lib/stm32f407/en\libpicovoice.a(picovoice.o)
                              ./Src/main.o (pv_status_to_string)
../sdk/mcu/lib/stm32f407/en\libpicovoice.a(pv_picovoice.o)
                              ./Src/main.o (pv_inference_delete)
../sdk/mcu/lib/stm32f407/en\libpicovoice.a(pv_porcupine.o)
                              ../sdk/mcu/lib/stm32f407/en\libpicovoice.a(pv_picovoice.o) (pv_porcupine_init)
../sdk/mcu/lib/stm32f407/en\libpicovoice.a(pv_porcupine_internal.o)
                              ../sdk/mcu/lib/stm32f407/en\libpicovoice.a(pv_porcupine.o) (taabe24)
../sdk/mcu/lib/stm32f407/en\libpicovoice.a(pv_rhino.o)
                              ../sdk/mcu/lib/stm32f407/en\libpicovoice.a(pv_picovoice.o) (pv_rhino_init)
../sdk/mcu/lib/stm32f407/en\libpicovoice.a(pv_rhino_context.o)
                              ../sdk/mcu/lib/stm32f407/en\libpicovoice.a(pv_rhino.o) (taabe616)
../sdk/mcu/lib/stm32f407/en\libpicovoice.a(pv_rhino_decoder.o)
                              ../sdk/mcu/lib/stm32f407/en\libpicovoice.a(pv_rhino.o) (taabe64)
../sdk/mcu/lib/stm32f407/en\libpicovoice.a(pv_rhino_decoder_fancy_slots.o)
                              ../sdk/mcu/lib/stm32f407/en\libpicovoice.a(pv_rhino_decoder.o) (taabe714)
../sdk/mcu/lib/stm32f407/en\libpicovoice.a(pv_cipher.o)
                              ../sdk/mcu/lib/stm32f407/en\libpicovoice.a(pv_porcupine_internal.o) (taabe490)
../sdk/mcu/lib/stm32f407/en\libpicovoice.a(pv_language.o)
                              ../sdk/mcu/lib/stm32f407/en\libpicovoice.a(pv_porcupine.o) (taabe267)
../sdk/mcu/lib/stm32f407/en\libpicovoice.a(pv_language_info_en.o)
                              ../sdk/mcu/lib/stm32f407/en\libpicovoice.a(pv_porcupine_internal.o) (PV_LANGUAGE_INFO)
../sdk/mcu/lib/stm32f407/en\libpicovoice.a(pv_memory.o)
                              ../sdk/mcu/lib/stm32f407/en\libpicovoice.a(pv_porcupine.o) (taabe653)
../sdk/mcu/lib/stm32f407/en\libpicovoice.a(pv_filterbank.o)
                              ../sdk/mcu/lib/stm32f407/en\libpicovoice.a(pv_porcupine_internal.o) (taabe734)
../sdk/mcu/lib/stm32f407/en\libpicovoice.a(pv_stft.o)
                              ../sdk/mcu/lib/stm32f407/en\libpicovoice.a(pv_filterbank.o) (taabe378)
../sdk/mcu/lib/stm32f407/en\libpicovoice.a(pv_access.o)
                              ../sdk/mcu/lib/stm32f407/en\libpicovoice.a(pv_picovoice.o) (taabe572)
../sdk/mcu/lib/stm32f407/en\libpicovoice.a(pv_log.o)
                              ../sdk/mcu/lib/stm32f407/en\libpicovoice.a(pv_porcupine.o) (taabe250)
../sdk/mcu/lib/stm32f407/en\libpicovoice.a(pv_fft.o)
                              ../sdk/mcu/lib/stm32f407/en\libpicovoice.a(pv_stft.o) (taabe72)
../sdk/mcu/lib/stm32f407/en\libpicovoice.a(pv_math.o)
                              ../sdk/mcu/lib/stm32f407/en\libpicovoice.a(pv_porcupine_internal.o) (taabe312)
../sdk/mcu/lib/stm32f407/en\libpicovoice.a(pv_online_token_classifier.o)
                              ../sdk/mcu/lib/stm32f407/en\libpicovoice.a(pv_porcupine_internal.o) (taabe194)
../sdk/mcu/lib/stm32f407/en\libpicovoice.a(pv_fc.o)
                              ../sdk/mcu/lib/stm32f407/en\libpicovoice.a(pv_online_token_classifier.o) (taabe703)
../sdk/mcu/lib/stm32f407/en\libpicovoice.a(pv_rnn.o)
                              ../sdk/mcu/lib/stm32f407/en\libpicovoice.a(pv_online_token_classifier.o) (taabe288)
../sdk/mcu/lib/stm32f407/en\libpicovoice.a(pv_softmax.o)
                              ../sdk/mcu/lib/stm32f407/en\libpicovoice.a(pv_online_token_classifier.o) (taabe358)
../sdk/mcu/lib/stm32f407/en\libpicovoice.a(pv_classifier_80_cortexm.o)
                              ../sdk/mcu/lib/stm32f407/en\libpicovoice.a(pv_porcupine_internal.o) (PV_PORCUPINE_CLASSIFIER_PARAM)
../sdk/mcu/lib/stm32f407/en\libpicovoice.a(pv_porcupine_decoder.o)
                              ../sdk/mcu/lib/stm32f407/en\libpicovoice.a(pv_porcupine_internal.o) (taabe521)
../sdk/mcu/lib/stm32f407/en\libpicovoice.a(pv_base64.o)
                              ../sdk/mcu/lib/stm32f407/en\libpicovoice.a(pv_access.o) (taabe715)
../sdk/mcu/lib/stm32f407/en\libpicovoice.a(pv_string.o)
                              ../sdk/mcu/lib/stm32f407/en\libpicovoice.a(pv_access.o) (taabe187)
../sdk/mcu/lib/stm32f407/en\libpicovoice.a(pv_normalization.o)
                              ../sdk/mcu/lib/stm32f407/en\libpicovoice.a(pv_online_token_classifier.o) (taabe673)
[...]
Memory Configuration

Name             Origin             Length             Attributes
RAM              0x0000000020000000 0x0000000000020000 xrw
FLASH            0x0000000008000000 0x0000000000100000 xr
*default*        0x0000000000000000 0xffffffffffffffff

Linker script and memory map

LOAD c:/st/stm32cubeide_1.12.1/stm32cubeide/plugins/com.st.stm32cube.ide.mcu.externaltools.gnu-tools-for-stm32.10.3-2021.10.win32_1.0.200.202301161003/tools/bin/../lib/gcc/arm-none-eabi/10.3.1/thumb/v7e-m+fp/hard/crti.o
LOAD c:/st/stm32cubeide_1.12.1/stm32cubeide/plugins/com.st.stm32cube.ide.mcu.externaltools.gnu-tools-for-stm32.10.3-2021.10.win32_1.0.200.202301161003/tools/bin/../lib/gcc/arm-none-eabi/10.3.1/thumb/v7e-m+fp/hard/crtbegin.o
LOAD c:/st/stm32cubeide_1.12.1/stm32cubeide/plugins/com.st.stm32cube.ide.mcu.externaltools.gnu-tools-for-stm32.10.3-2021.10.win32_1.0.200.202301161003/tools/bin/../lib/gcc/arm-none-eabi/10.3.1/../../../../arm-none-eabi/lib/thumb/v7e-m+fp/hard/crt0.o
LOAD ./Drivers/BSP/Components/cs43l22/cs43l22.o
LOAD ./Drivers/BSP/STM32F4-Discovery/stm32f4_discovery.o
LOAD ./Drivers/BSP/STM32F4-Discovery/stm32f4_discovery_audio.o
LOAD ./Drivers/STM32F4xx_HAL_Driver/Src/stm32f4xx_hal.o
LOAD ./Drivers/STM32F4xx_HAL_Driver/Src/stm32f4xx_hal_cortex.o
LOAD ./Drivers/STM32F4xx_HAL_Driver/Src/stm32f4xx_hal_dma.o
LOAD ./Drivers/STM32F4xx_HAL_Driver/Src/stm32f4xx_hal_gpio.o
LOAD ./Drivers/STM32F4xx_HAL_Driver/Src/stm32f4xx_hal_i2c.o
LOAD ./Drivers/STM32F4xx_HAL_Driver/Src/stm32f4xx_hal_i2s.o
LOAD ./Drivers/STM32F4xx_HAL_Driver/Src/stm32f4xx_hal_i2s_ex.o
LOAD ./Drivers/STM32F4xx_HAL_Driver/Src/stm32f4xx_hal_rcc.o
LOAD ./Drivers/STM32F4xx_HAL_Driver/Src/stm32f4xx_hal_rcc_ex.o
LOAD ./Drivers/STM32F4xx_HAL_Driver/Src/stm32f4xx_hal_uart.o
LOAD ./Src/main.o
LOAD ./Src/pv_audio_rec.o
LOAD ./Src/pv_st_f407.o
LOAD ./Src/stm32f4xx_hal_msp.o
LOAD ./Src/stm32f4xx_it.o
LOAD ./Src/syscalls.o
LOAD ./Src/system_stm32f4xx.o
LOAD ./Src/uartSendInit.o
LOAD ./Startup/startup_stm32f407xx.o
LOAD ./USB_HOST/App/usb_host.o
LOAD ./USB_HOST/Target/usbh_conf.o
LOAD ./USB_HOST/Target/usbh_platform.o
LOAD ../Middlewares/ST/STM32_Audio/Addons/PDM/Lib/\libPDMFilter_CM4_GCC_wc32.a
LOAD ../sdk/mcu/lib/stm32f407/en\libpicovoice.a
START GROUP
LOAD c:/st/stm32cubeide_1.12.1/stm32cubeide/plugins/com.st.stm32cube.ide.mcu.externaltools.gnu-tools-for-stm32.10.3-2021.10.win32_1.0.200.202301161003/tools/bin/../lib/gcc/arm-none-eabi/10.3.1/../../../../arm-none-eabi/lib/thumb/v7e-m+fp/hard\libc_nano.a
LOAD c:/st/stm32cubeide_1.12.1/stm32cubeide/plugins/com.st.stm32cube.ide.mcu.externaltools.gnu-tools-for-stm32.10.3-2021.10.win32_1.0.200.202301161003/tools/bin/../lib/gcc/arm-none-eabi/10.3.1/../../../../arm-none-eabi/lib/thumb/v7e-m+fp/hard\libm.a
END GROUP
START GROUP
LOAD c:/st/stm32cubeide_1.12.1/stm32cubeide/plugins/com.st.stm32cube.ide.mcu.externaltools.gnu-tools-for-stm32.10.3-2021.10.win32_1.0.200.202301161003/tools/bin/../lib/gcc/arm-none-eabi/10.3.1/thumb/v7e-m+fp/hard\libgcc.a
LOAD c:/st/stm32cubeide_1.12.1/stm32cubeide/plugins/com.st.stm32cube.ide.mcu.externaltools.gnu-tools-for-stm32.10.3-2021.10.win32_1.0.200.202301161003/tools/bin/../lib/gcc/arm-none-eabi/10.3.1/../../../../arm-none-eabi/lib/thumb/v7e-m+fp/hard\libc_nano.a
END GROUP
START GROUP
LOAD c:/st/stm32cubeide_1.12.1/stm32cubeide/plugins/com.st.stm32cube.ide.mcu.externaltools.gnu-tools-for-stm32.10.3-2021.10.win32_1.0.200.202301161003/tools/bin/../lib/gcc/arm-none-eabi/10.3.1/thumb/v7e-m+fp/hard\libgcc.a
LOAD c:/st/stm32cubeide_1.12.1/stm32cubeide/plugins/com.st.stm32cube.ide.mcu.externaltools.gnu-tools-for-stm32.10.3-2021.10.win32_1.0.200.202301161003/tools/bin/../lib/gcc/arm-none-eabi/10.3.1/../../../../arm-none-eabi/lib/thumb/v7e-m+fp/hard\libc_nano.a
LOAD c:/st/stm32cubeide_1.12.1/stm32cubeide/plugins/com.st.stm32cube.ide.mcu.externaltools.gnu-tools-for-stm32.10.3-2021.10.win32_1.0.200.202301161003/tools/bin/../lib/gcc/arm-none-eabi/10.3.1/../../../../arm-none-eabi/lib/thumb/v7e-m+fp/hard\libnosys.a
END GROUP
START GROUP
LOAD c:/st/stm32cubeide_1.12.1/stm32cubeide/plugins/com.st.stm32cube.ide.mcu.externaltools.gnu-tools-for-stm32.10.3-2021.10.win32_1.0.200.202301161003/tools/bin/../lib/gcc/arm-none-eabi/10.3.1/thumb/v7e-m+fp/hard\libgcc.a
LOAD c:/st/stm32cubeide_1.12.1/stm32cubeide/plugins/com.st.stm32cube.ide.mcu.externaltools.gnu-tools-for-stm32.10.3-2021.10.win32_1.0.200.202301161003/tools/bin/../lib/gcc/arm-none-eabi/10.3.1/../../../../arm-none-eabi/lib/thumb/v7e-m+fp/hard\libc_nano.a
LOAD c:/st/stm32cubeide_1.12.1/stm32cubeide/plugins/com.st.stm32cube.ide.mcu.externaltools.gnu-tools-for-stm32.10.3-2021.10.win32_1.0.200.202301161003/tools/bin/../lib/gcc/arm-none-eabi/10.3.1/../../../../arm-none-eabi/lib/thumb/v7e-m+fp/hard\libnosys.a
END GROUP
LOAD c:/st/stm32cubeide_1.12.1/stm32cubeide/plugins/com.st.stm32cube.ide.mcu.externaltools.gnu-tools-for-stm32.10.3-2021.10.win32_1.0.200.202301161003/tools/bin/../lib/gcc/arm-none-eabi/10.3.1/thumb/v7e-m+fp/hard/crtend.o
LOAD c:/st/stm32cubeide_1.12.1/stm32cubeide/plugins/com.st.stm32cube.ide.mcu.externaltools.gnu-tools-for-stm32.10.3-2021.10.win32_1.0.200.202301161003/tools/bin/../lib/gcc/arm-none-eabi/10.3.1/thumb/v7e-m+fp/hard/crtn.o
                0x0000000020020000                _estack = (ORIGIN (RAM) + LENGTH (RAM))
                0x0000000000000200                _Min_Heap_Size = 0x200
                0x0000000000000400                _Min_Stack_Size = 0x400

.isr_vector     0x0000000008000000      0x188
                0x0000000008000000                . = ALIGN (0x4)
 *(.isr_vector)
 .isr_vector    0x0000000008000000      0x188 ./Startup/startup_stm32f407xx.o
                0x0000000008000000                g_pfnVectors
                0x0000000008000188                . = ALIGN (0x4)

.text           0x0000000008000190     0xb7d0
                0x0000000008000190                . = ALIGN (0x4)
 *(.text)
 .text          0x0000000008000190       0x40 c:/st/stm32cubeide_1.12.1/stm32cubeide/plugins/com.st.stm32cube.ide.mcu.externaltools.gnu-tools-for-stm32.10.3-2021.10.win32_1.0.200.202301161003/tools/bin/../lib/gcc/arm-none-eabi/10.3.1/thumb/v7e-m+fp/hard/crtbegin.o
 .text          0x00000000080001d0       0x14 c:/st/stm32cubeide_1.12.1/stm32cubeide/plugins/com.st.stm32cube.ide.mcu.externaltools.gnu-tools-for-stm32.10.3-2021.10.win32_1.0.200.202301161003/tools/bin/../lib/gcc/arm-none-eabi/10.3.1/../../../../arm-none-eabi/lib/thumb/v7e-m+fp/hard\libc_nano.a(lib_a-strcmp.o)
                0x00000000080001d0                strcmp
 .text          0x00000000080001e4       0x10 c:/st/stm32cubeide_1.12.1/stm32cubeide/plugins/com.st.stm32cube.ide.mcu.externaltools.gnu-tools-for-stm32.10.3-2021.10.win32_1.0.200.202301161003/tools/bin/../lib/gcc/arm-none-eabi/10.3.1/../../../../arm-none-eabi/lib/thumb/v7e-m+fp/hard\libc_nano.a(lib_a-strlen.o)
                0x00000000080001e4                strlen
 *fill*         0x00000000080001f4        0xc 
 .text          0x0000000008000200       0xa0 c:/st/stm32cubeide_1.12.1/stm32cubeide/plugins/com.st.stm32cube.ide.mcu.externaltools.gnu-tools-for-stm32.10.3-2021.10.win32_1.0.200.202301161003/tools/bin/../lib/gcc/arm-none-eabi/10.3.1/../../../../arm-none-eabi/lib/thumb/v7e-m+fp/hard\libc_nano.a(lib_a-memchr.o)
                0x0000000008000200                memchr
 .text          0x00000000080002a0      0x378 c:/st/stm32cubeide_1.12.1/stm32cubeide/plugins/com.st.stm32cube.ide.mcu.externaltools.gnu-tools-for-stm32.10.3-2021.10.win32_1.0.200.202301161003/tools/bin/../lib/gcc/arm-none-eabi/10.3.1/thumb/v7e-m+fp/hard\libgcc.a(_arm_addsubdf3.o)
                0x00000000080002a0                __aeabi_drsub
                0x00000000080002a8                __aeabi_dsub
                0x00000000080002a8                __subdf3
                0x00000000080002ac                __aeabi_dadd
                0x00000000080002ac                __adddf3
                0x0000000008000524                __floatunsidf
                0x0000000008000524                __aeabi_ui2d
                0x0000000008000544                __floatsidf
                0x0000000008000544                __aeabi_i2d
                0x0000000008000568                __aeabi_f2d
                0x0000000008000568                __extendsfdf2
                0x00000000080005ac                __floatundidf
                0x00000000080005ac                __aeabi_ul2d
                0x00000000080005bc                __floatdidf
                0x00000000080005bc                __aeabi_l2d
 .text          0x0000000008000618       0xa0 c:/st/stm32cubeide_1.12.1/stm32cubeide/plugins/com.st.stm32cube.ide.mcu.externaltools.gnu-tools-for-stm32.10.3-2021.10.win32_1.0.200.202301161003/tools/bin/../lib/gcc/arm-none-eabi/10.3.1/thumb/v7e-m+fp/hard\libgcc.a(_aeabi_ldivmod.o)
                0x0000000008000618                __aeabi_ldivmod
 .text          0x00000000080006b8       0x30 c:/st/stm32cubeide_1.12.1/stm32cubeide/plugins/com.st.stm32cube.ide.mcu.externaltools.gnu-tools-for-stm32.10.3-2021.10.win32_1.0.200.202301161003/tools/bin/../lib/gcc/arm-none-eabi/10.3.1/thumb/v7e-m+fp/hard\libgcc.a(_aeabi_uldivmod.o)
                0x00000000080006b8                __aeabi_uldivmod
 .text          0x00000000080006e8       0x28 c:/st/stm32cubeide_1.12.1/stm32cubeide/plugins/com.st.stm32cube.ide.mcu.externaltools.gnu-tools-for-stm32.10.3-2021.10.win32_1.0.200.202301161003/tools/bin/../lib/gcc/arm-none-eabi/10.3.1/thumb/v7e-m+fp/hard\libgcc.a(_fixsfdi.o)
                0x00000000080006e8                __fixsfdi
                0x00000000080006e8                __aeabi_f2lz
 .text          0x0000000008000710       0x40 c:/st/stm32cubeide_1.12.1/stm32cubeide/plugins/com.st.stm32cube.ide.mcu.externaltools.gnu-tools-for-stm32.10.3-2021.10.win32_1.0.200.202301161003/tools/bin/../lib/gcc/arm-none-eabi/10.3.1/thumb/v7e-m+fp/hard\libgcc.a(_fixunssfdi.o)
                0x0000000008000710                __fixunssfdi
                0x0000000008000710                __aeabi_f2ulz
 .text          0x0000000008000750      0x2d0 c:/st/stm32cubeide_1.12.1/stm32cubeide/plugins/com.st.stm32cube.ide.mcu.externaltools.gnu-tools-for-stm32.10.3-2021.10.win32_1.0.200.202301161003/tools/bin/../lib/gcc/arm-none-eabi/10.3.1/thumb/v7e-m+fp/hard\libgcc.a(_udivmoddi4.o)
                0x0000000008000750                __udivmoddi4
 .text          0x0000000008000a20      0x254 c:/st/stm32cubeide_1.12.1/stm32cubeide/plugins/com.st.stm32cube.ide.mcu.externaltools.gnu-tools-for-stm32.10.3-2021.10.win32_1.0.200.202301161003/tools/bin/../lib/gcc/arm-none-eabi/10.3.1/thumb/v7e-m+fp/hard\libgcc.a(_arm_muldf3.o)
                0x0000000008000a20                __muldf3
                0x0000000008000a20                __aeabi_dmul
 .text          0x0000000008000c74        0x4 c:/st/stm32cubeide_1.12.1/stm32cubeide/plugins/com.st.stm32cube.ide.mcu.externaltools.gnu-tools-for-stm32.10.3-2021.10.win32_1.0.200.202301161003/tools/bin/../lib/gcc/arm-none-eabi/10.3.1/thumb/v7e-m+fp/hard\libgcc.a(_dvmd_tls.o)
                0x0000000008000c74                __aeabi_idiv0
                0x0000000008000c74                __aeabi_ldiv0
 .text          0x0000000008000c78       0x40 c:/st/stm32cubeide_1.12.1/stm32cubeide/plugins/com.st.stm32cube.ide.mcu.externaltools.gnu-tools-for-stm32.10.3-2021.10.win32_1.0.200.202301161003/tools/bin/../lib/gcc/arm-none-eabi/10.3.1/thumb/v7e-m+fp/hard\libgcc.a(_arm_fixunsdfsi.o)
                0x0000000008000c78                __aeabi_d2uiz
                0x0000000008000c78                __fixunsdfsi
 *(.text*)
 .text.BSP_LED_Init
                0x0000000008000cb8       0xb4 ./Drivers/BSP/STM32F4-Discovery/stm32f4_discovery.o
                0x0000000008000cb8                BSP_LED_Init
 .text.BSP_LED_On
                0x0000000008000d6c       0x1c ./Drivers/BSP/STM32F4-Discovery/stm32f4_discovery.o
                0x0000000008000d6c                BSP_LED_On
 .text.BSP_LED_Off
                0x0000000008000d88       0x1c ./Drivers/BSP/STM32F4-Discovery/stm32f4_discovery.o
                0x0000000008000d88                BSP_LED_Off
 .text.BSP_LED_Toggle
                0x0000000008000da4       0x18 ./Drivers/BSP/STM32F4-Discovery/stm32f4_discovery.o
                0x0000000008000da4                BSP_LED_Toggle
 .text.BSP_AUDIO_OUT_TransferComplete_CallBack
                0x0000000008000dbc        0x4 ./Drivers/BSP/STM32F4-Discovery/stm32f4_discovery_audio.o
                0x0000000008000dbc                BSP_AUDIO_OUT_TransferComplete_CallBack
 .text.HAL_I2S_TxCpltCallback
                0x0000000008000dc0       0x18 ./Drivers/BSP/STM32F4-Discovery/stm32f4_discovery_audio.o
                0x0000000008000dc0                HAL_I2S_TxCpltCallback
 .text.BSP_AUDIO_OUT_Error_CallBack
                0x0000000008000dd8        0x4 ./Drivers/BSP/STM32F4-Discovery/stm32f4_discovery_audio.o
                0x0000000008000dd8                BSP_AUDIO_OUT_Error_CallBack
 .text.BSP_AUDIO_IN_Record
                0x0000000008000ddc       0x18 ./Drivers/BSP/STM32F4-Discovery/stm32f4_discovery_audio.o
                0x0000000008000ddc                BSP_AUDIO_IN_Record
 .text.BSP_AUDIO_IN_SetVolume
                0x0000000008000df4        0xc ./Drivers/BSP/STM32F4-Discovery/stm32f4_discovery_audio.o
                0x0000000008000df4                BSP_AUDIO_IN_SetVolume
 .text.BSP_AUDIO_IN_PDMToPCM
                0x0000000008000e00       0x44 ./Drivers/BSP/STM32F4-Discovery/stm32f4_discovery_audio.o
                0x0000000008000e00                BSP_AUDIO_IN_PDMToPCM
 .text.BSP_AUDIO_IN_ClockConfig
                0x0000000008000e44       0x30 ./Drivers/BSP/STM32F4-Discovery/stm32f4_discovery_audio.o
                0x0000000008000e44                BSP_AUDIO_IN_ClockConfig
 .text.BSP_AUDIO_IN_MspInit
                0x0000000008000e74      0x100 ./Drivers/BSP/STM32F4-Discovery/stm32f4_discovery_audio.o
                0x0000000008000e74                BSP_AUDIO_IN_MspInit
 .text.BSP_AUDIO_IN_Init
                0x0000000008000f74       0xf4 ./Drivers/BSP/STM32F4-Discovery/stm32f4_discovery_audio.o
                0x0000000008000f74                BSP_AUDIO_IN_Init
 .text.HAL_I2S_RxCpltCallback
                0x0000000008001068        0x8 ./Drivers/BSP/STM32F4-Discovery/stm32f4_discovery_audio.o
                0x0000000008001068                HAL_I2S_RxCpltCallback
 .text.HAL_I2S_RxHalfCpltCallback
                0x0000000008001070        0x8 ./Drivers/BSP/STM32F4-Discovery/stm32f4_discovery_audio.o
                0x0000000008001070                HAL_I2S_RxHalfCpltCallback
 .text.BSP_AUDIO_IN_Error_Callback
                0x0000000008001078        0x4 ./Drivers/BSP/STM32F4-Discovery/stm32f4_discovery_audio.o
                0x0000000008001078                BSP_AUDIO_IN_Error_Callback
 .text.HAL_I2S_ErrorCallback
                0x000000000800107c       0x2c ./Drivers/BSP/STM32F4-Discovery/stm32f4_discovery_audio.o
                0x000000000800107c                HAL_I2S_ErrorCallback
 .text.HAL_InitTick
                0x00000000080010a8       0x48 ./Drivers/STM32F4xx_HAL_Driver/Src/stm32f4xx_hal.o
                0x00000000080010a8                HAL_InitTick
 .text.HAL_Init
                0x00000000080010f0       0x2c ./Drivers/STM32F4xx_HAL_Driver/Src/stm32f4xx_hal.o
                0x00000000080010f0                HAL_Init
 .text.HAL_IncTick
                0x000000000800111c       0x18 ./Drivers/STM32F4xx_HAL_Driver/Src/stm32f4xx_hal.o
                0x000000000800111c                HAL_IncTick
 .text.HAL_GetTick
                0x0000000008001134        0xc ./Drivers/STM32F4xx_HAL_Driver/Src/stm32f4xx_hal.o
                0x0000000008001134                HAL_GetTick
 .text.HAL_Delay
                0x0000000008001140       0x24 ./Drivers/STM32F4xx_HAL_Driver/Src/stm32f4xx_hal.o
                0x0000000008001140                HAL_Delay
 .text.HAL_GetREVID
                0x0000000008001164        0xc ./Drivers/STM32F4xx_HAL_Driver/Src/stm32f4xx_hal.o
                0x0000000008001164                HAL_GetREVID
 .text.HAL_NVIC_SetPriorityGrouping
                0x0000000008001170       0x24 ./Drivers/STM32F4xx_HAL_Driver/Src/stm32f4xx_hal_cortex.o
                0x0000000008001170                HAL_NVIC_SetPriorityGrouping
 .text.HAL_NVIC_SetPriority
                0x0000000008001194       0x7c ./Drivers/STM32F4xx_HAL_Driver/Src/stm32f4xx_hal_cortex.o
                0x0000000008001194                HAL_NVIC_SetPriority
 .text.HAL_NVIC_EnableIRQ
                0x0000000008001210       0x1c ./Drivers/STM32F4xx_HAL_Driver/Src/stm32f4xx_hal_cortex.o
                0x0000000008001210                HAL_NVIC_EnableIRQ
 .text.HAL_SYSTICK_Config
                0x000000000800122c       0x34 ./Drivers/STM32F4xx_HAL_Driver/Src/stm32f4xx_hal_cortex.o
                0x000000000800122c                HAL_SYSTICK_Config
 .text.HAL_DMA_Init
                0x0000000008001260      0x130 ./Drivers/STM32F4xx_HAL_Driver/Src/stm32f4xx_hal_dma.o
                0x0000000008001260                HAL_DMA_Init
 .text.HAL_DMA_DeInit
                0x0000000008001390       0x80 ./Drivers/STM32F4xx_HAL_Driver/Src/stm32f4xx_hal_dma.o
                0x0000000008001390                HAL_DMA_DeInit
 .text.HAL_DMA_Start_IT
                0x0000000008001410       0x80 ./Drivers/STM32F4xx_HAL_Driver/Src/stm32f4xx_hal_dma.o
                0x0000000008001410                HAL_DMA_Start_IT
 .text.HAL_DMA_Abort
                0x0000000008001490       0x90 ./Drivers/STM32F4xx_HAL_Driver/Src/stm32f4xx_hal_dma.o
                0x0000000008001490                HAL_DMA_Abort
 .text.HAL_DMA_Abort_IT
                0x0000000008001520       0x24 ./Drivers/STM32F4xx_HAL_Driver/Src/stm32f4xx_hal_dma.o
                0x0000000008001520                HAL_DMA_Abort_IT
 .text.HAL_DMA_IRQHandler
                0x0000000008001544      0x1e0 ./Drivers/STM32F4xx_HAL_Driver/Src/stm32f4xx_hal_dma.o
                0x0000000008001544                HAL_DMA_IRQHandler
 .text.HAL_GPIO_Init
                0x0000000008001724      0x240 ./Drivers/STM32F4xx_HAL_Driver/Src/stm32f4xx_hal_gpio.o
                0x0000000008001724                HAL_GPIO_Init
 .text.HAL_GPIO_WritePin
                0x0000000008001964        0x8 ./Drivers/STM32F4xx_HAL_Driver/Src/stm32f4xx_hal_gpio.o
                0x0000000008001964                HAL_GPIO_WritePin
 .text.HAL_GPIO_TogglePin
                0x000000000800196c       0x14 ./Drivers/STM32F4xx_HAL_Driver/Src/stm32f4xx_hal_gpio.o
                0x000000000800196c                HAL_GPIO_TogglePin
 .text.HAL_I2S_MspInit
                0x0000000008001980        0x4 ./Drivers/STM32F4xx_HAL_Driver/Src/stm32f4xx_hal_i2s.o
                0x0000000008001980                HAL_I2S_MspInit
 .text.HAL_I2S_Init
                0x0000000008001984      0x134 ./Drivers/STM32F4xx_HAL_Driver/Src/stm32f4xx_hal_i2s.o
                0x0000000008001984                HAL_I2S_Init
 .text.HAL_I2S_Receive_DMA
                0x0000000008001ab8       0xe8 ./Drivers/STM32F4xx_HAL_Driver/Src/stm32f4xx_hal_i2s.o
                0x0000000008001ab8                HAL_I2S_Receive_DMA
 .text.I2S_DMARxHalfCplt
                0x0000000008001ba0        0xc ./Drivers/STM32F4xx_HAL_Driver/Src/stm32f4xx_hal_i2s.o
 .text.I2S_DMARxCplt
                0x0000000008001bac       0x24 ./Drivers/STM32F4xx_HAL_Driver/Src/stm32f4xx_hal_i2s.o
 .text.I2S_IRQHandler
                0x0000000008001bd0      0x108 ./Drivers/STM32F4xx_HAL_Driver/Src/stm32f4xx_hal_i2s.o
 .text.I2S_DMAError
                0x0000000008001cd8       0x2c ./Drivers/STM32F4xx_HAL_Driver/Src/stm32f4xx_hal_i2s.o
 .text.HAL_I2S_GetState
                0x0000000008001d04        0x8 ./Drivers/STM32F4xx_HAL_Driver/Src/stm32f4xx_hal_i2s.o
                0x0000000008001d04                HAL_I2S_GetState
 .text.HAL_I2SEx_TxRxCpltCallback
                0x0000000008001d0c        0x4 ./Drivers/STM32F4xx_HAL_Driver/Src/stm32f4xx_hal_i2s_ex.o
                0x0000000008001d0c                HAL_I2SEx_TxRxCpltCallback
 .text.HAL_I2SEx_FullDuplex_IRQHandler
                0x0000000008001d10      0x25c ./Drivers/STM32F4xx_HAL_Driver/Src/stm32f4xx_hal_i2s_ex.o
                0x0000000008001d10                HAL_I2SEx_FullDuplex_IRQHandler
 .text.HAL_RCC_OscConfig
                0x0000000008001f6c      0x3c8 ./Drivers/STM32F4xx_HAL_Driver/Src/stm32f4xx_hal_rcc.o
                0x0000000008001f6c                HAL_RCC_OscConfig
 .text.HAL_RCC_GetSysClockFreq
                0x0000000008002334       0x68 ./Drivers/STM32F4xx_HAL_Driver/Src/stm32f4xx_hal_rcc.o
                0x0000000008002334                HAL_RCC_GetSysClockFreq
 .text.HAL_RCC_ClockConfig
                0x000000000800239c      0x13c ./Drivers/STM32F4xx_HAL_Driver/Src/stm32f4xx_hal_rcc.o
                0x000000000800239c                HAL_RCC_ClockConfig
 .text.HAL_RCC_GetPCLK1Freq
                0x00000000080024d8       0x20 ./Drivers/STM32F4xx_HAL_Driver/Src/stm32f4xx_hal_rcc.o
                0x00000000080024d8                HAL_RCC_GetPCLK1Freq
 .text.HAL_RCC_GetPCLK2Freq
                0x00000000080024f8       0x20 ./Drivers/STM32F4xx_HAL_Driver/Src/stm32f4xx_hal_rcc.o
                0x00000000080024f8                HAL_RCC_GetPCLK2Freq
 .text.HAL_RCCEx_PeriphCLKConfig
                0x0000000008002518      0x140 ./Drivers/STM32F4xx_HAL_Driver/Src/stm32f4xx_hal_rcc_ex.o
                0x0000000008002518                HAL_RCCEx_PeriphCLKConfig
 .text.HAL_RCCEx_GetPeriphCLKConfig
                0x0000000008002658       0x30 ./Drivers/STM32F4xx_HAL_Driver/Src/stm32f4xx_hal_rcc_ex.o
                0x0000000008002658                HAL_RCCEx_GetPeriphCLKConfig
 .text.HAL_RCCEx_GetPeriphCLKFreq
                0x0000000008002688       0x50 ./Drivers/STM32F4xx_HAL_Driver/Src/stm32f4xx_hal_rcc_ex.o
                0x0000000008002688                HAL_RCCEx_GetPeriphCLKFreq
 .text.UART_EndRxTransfer
                0x00000000080026d8       0x60 ./Drivers/STM32F4xx_HAL_Driver/Src/stm32f4xx_hal_uart.o
 .text.UART_SetConfig
                0x0000000008002738       0xe0 ./Drivers/STM32F4xx_HAL_Driver/Src/stm32f4xx_hal_uart.o
 .text.HAL_UART_Init
                0x0000000008002818       0x60 ./Drivers/STM32F4xx_HAL_Driver/Src/stm32f4xx_hal_uart.o
                0x0000000008002818                HAL_UART_Init
 .text.HAL_UART_Transmit_IT
                0x0000000008002878       0x44 ./Drivers/STM32F4xx_HAL_Driver/Src/stm32f4xx_hal_uart.o
                0x0000000008002878                HAL_UART_Transmit_IT
 .text.HAL_UART_Receive_IT
                0x00000000080028bc       0x58 ./Drivers/STM32F4xx_HAL_Driver/Src/stm32f4xx_hal_uart.o
                0x00000000080028bc                HAL_UART_Receive_IT
 .text.UART_DMAAbortOnError
                0x0000000008002914       0x10 ./Drivers/STM32F4xx_HAL_Driver/Src/stm32f4xx_hal_uart.o
 .text.HAL_UARTEx_RxEventCallback
                0x0000000008002924        0x4 ./Drivers/STM32F4xx_HAL_Driver/Src/stm32f4xx_hal_uart.o
                0x0000000008002924                HAL_UARTEx_RxEventCallback
 .text.UART_Receive_IT.part.0.isra.0
                0x0000000008002928       0xcc ./Drivers/STM32F4xx_HAL_Driver/Src/stm32f4xx_hal_uart.o
 .text.HAL_UART_IRQHandler
                0x00000000080029f4      0x2c8 ./Drivers/STM32F4xx_HAL_Driver/Src/stm32f4xx_hal_uart.o
                0x00000000080029f4                HAL_UART_IRQHandler
 .text.inference_callback
                0x0000000008002cbc      0x140 ./Src/main.o
 .text.wake_word_callback
                0x0000000008002dfc       0x18 ./Src/main.o
 .text.startup.main
                0x0000000008002e14      0x144 ./Src/main.o
                0x0000000008002e14                main
 .text.pv_audio_rec_init
                0x0000000008002f58       0x38 ./Src/pv_audio_rec.o
                0x0000000008002f58                pv_audio_rec_init
 .text.pv_audio_rec_start
                0x0000000008002f90       0x20 ./Src/pv_audio_rec.o
                0x0000000008002f90                pv_audio_rec_start
 .text.pv_audio_rec_get_new_buffer
                0x0000000008002fb0       0x2c ./Src/pv_audio_rec.o
                0x0000000008002fb0                pv_audio_rec_get_new_buffer
 .text.BSP_AUDIO_IN_TransferComplete_CallBack
                0x0000000008002fdc       0x64 ./Src/pv_audio_rec.o
                0x0000000008002fdc                BSP_AUDIO_IN_TransferComplete_CallBack
 .text.BSP_AUDIO_IN_HalfTransfer_CallBack
                0x0000000008003040       0x64 ./Src/pv_audio_rec.o
                0x0000000008003040                BSP_AUDIO_IN_HalfTransfer_CallBack
 .text.pv_get_uuid
                0x00000000080030a4        0x8 ./Src/pv_st_f407.o
                0x00000000080030a4                pv_get_uuid
 .text.pv_get_uuid_size
                0x00000000080030ac        0x4 ./Src/pv_st_f407.o
                0x00000000080030ac                pv_get_uuid_size
 .text.pv_board_init
                0x00000000080030b0       0xe4 ./Src/pv_st_f407.o
                0x00000000080030b0                pv_board_init
 .text.__io_putchar
                0x0000000008003194       0x2c ./Src/pv_st_f407.o
                0x0000000008003194                __io_putchar
 .text.HAL_MspInit
                0x00000000080031c0       0x3c ./Src/stm32f4xx_hal_msp.o
                0x00000000080031c0                HAL_MspInit
 .text.HAL_UART_MspInit
                0x00000000080031fc       0x88 ./Src/stm32f4xx_hal_msp.o
                0x00000000080031fc                HAL_UART_MspInit
 .text.NMI_Handler
                0x0000000008003284        0x4 ./Src/stm32f4xx_it.o
                0x0000000008003284                NMI_Handler
 .text.HardFault_Handler
                0x0000000008003288        0x4 ./Src/stm32f4xx_it.o
                0x0000000008003288                HardFault_Handler
 .text.MemManage_Handler
                0x000000000800328c        0x4 ./Src/stm32f4xx_it.o
                0x000000000800328c                MemManage_Handler
 .text.BusFault_Handler
                0x0000000008003290        0x4 ./Src/stm32f4xx_it.o
                0x0000000008003290                BusFault_Handler
 .text.UsageFault_Handler
                0x0000000008003294        0x4 ./Src/stm32f4xx_it.o
                0x0000000008003294                UsageFault_Handler
 .text.SVC_Handler
                0x0000000008003298        0x4 ./Src/stm32f4xx_it.o
                0x0000000008003298                SVC_Handler
 .text.DebugMon_Handler
                0x000000000800329c        0x4 ./Src/stm32f4xx_it.o
                0x000000000800329c                DebugMon_Handler
 .text.PendSV_Handler
                0x00000000080032a0        0x4 ./Src/stm32f4xx_it.o
                0x00000000080032a0                PendSV_Handler
 .text.SysTick_Handler
                0x00000000080032a4        0x4 ./Src/stm32f4xx_it.o
                0x00000000080032a4                SysTick_Handler
 .text.DMA1_Stream7_IRQHandler
                0x00000000080032a8        0xc ./Src/stm32f4xx_it.o
                0x00000000080032a8                DMA1_Stream7_IRQHandler
 .text.DMA1_Stream3_IRQHandler
                0x00000000080032b4        0xc ./Src/stm32f4xx_it.o
                0x00000000080032b4                DMA1_Stream3_IRQHandler
 .text.USART2_IRQHandler
                0x00000000080032c0        0xc ./Src/stm32f4xx_it.o
                0x00000000080032c0                USART2_IRQHandler
 .text._sbrk    0x00000000080032cc       0x40 ./Src/syscalls.o
                0x00000000080032cc                _sbrk
 .text._write   0x000000000800330c       0x1c ./Src/syscalls.o
                0x000000000800330c                _write
 .text._close   0x0000000008003328        0x8 ./Src/syscalls.o
                0x0000000008003328                _close
 .text._fstat   0x0000000008003330        0xc ./Src/syscalls.o
                0x0000000008003330                _fstat
 .text._isatty  0x000000000800333c        0x4 ./Src/syscalls.o
                0x000000000800333c                _isatty
 .text._lseek   0x0000000008003340        0x4 ./Src/syscalls.o
                0x0000000008003340                _lseek
 .text._read    0x0000000008003344       0x1c ./Src/syscalls.o
                0x0000000008003344                _read
 .text.SystemInit
                0x0000000008003360       0x50 ./Src/system_stm32f4xx.o
                0x0000000008003360                SystemInit
 .text.Error_Handler
                0x00000000080033b0        0xc ./Src/uartSendInit.o
 .text.uartSendInit
                0x00000000080033bc       0xf0 ./Src/uartSendInit.o
                0x00000000080033bc                uartSendInit
 .text.uartTx   0x00000000080034ac       0x78 ./Src/uartSendInit.o
                0x00000000080034ac                uartTx
 .text.HAL_UART_TxCpltCallback
                0x0000000008003524       0x10 ./Src/uartSendInit.o
                0x0000000008003524                HAL_UART_TxCpltCallback
 .text.HAL_UART_RxCpltCallback
                0x0000000008003534       0x10 ./Src/uartSendInit.o
                0x0000000008003534                HAL_UART_RxCpltCallback
 .text.HAL_UART_ErrorCallback
                0x0000000008003544        0x8 ./Src/uartSendInit.o
                0x0000000008003544                HAL_UART_ErrorCallback
 .text.Reset_Handler
                0x000000000800354c       0x50 ./Startup/startup_stm32f407xx.o
                0x000000000800354c                Reset_Handler
 .text.Default_Handler
                0x000000000800359c        0x2 ./Startup/startup_stm32f407xx.o
                0x000000000800359c                RTC_Alarm_IRQHandler
                0x000000000800359c                HASH_RNG_IRQHandler
                0x000000000800359c                EXTI2_IRQHandler
                0x000000000800359c                TIM8_CC_IRQHandler
                0x000000000800359c                TIM1_CC_IRQHandler
                0x000000000800359c                DMA2_Stream5_IRQHandler
                0x000000000800359c                DMA1_Stream5_IRQHandler
                0x000000000800359c                PVD_IRQHandler
                0x000000000800359c                SDIO_IRQHandler
                0x000000000800359c                TAMP_STAMP_IRQHandler
                0x000000000800359c                CAN2_RX1_IRQHandler
                0x000000000800359c                EXTI3_IRQHandler
                0x000000000800359c                TIM8_TRG_COM_TIM14_IRQHandler
                0x000000000800359c                TIM1_UP_TIM10_IRQHandler
                0x000000000800359c                TIM8_UP_TIM13_IRQHandler
                0x000000000800359c                I2C3_ER_IRQHandler
                0x000000000800359c                EXTI0_IRQHandler
                0x000000000800359c                I2C2_EV_IRQHandler
                0x000000000800359c                DMA1_Stream2_IRQHandler
                0x000000000800359c                CAN1_RX0_IRQHandler
                0x000000000800359c                FPU_IRQHandler
                0x000000000800359c                OTG_HS_WKUP_IRQHandler
                0x000000000800359c                CAN2_SCE_IRQHandler
                0x000000000800359c                DMA2_Stream2_IRQHandler
                0x000000000800359c                SPI1_IRQHandler
                0x000000000800359c                TIM6_DAC_IRQHandler
                0x000000000800359c                TIM1_BRK_TIM9_IRQHandler
                0x000000000800359c                DCMI_IRQHandler
                0x000000000800359c                CAN2_RX0_IRQHandler
                0x000000000800359c                DMA2_Stream3_IRQHandler
                0x000000000800359c                USART6_IRQHandler
                0x000000000800359c                USART3_IRQHandler
                0x000000000800359c                CAN1_RX1_IRQHandler
                0x000000000800359c                UART5_IRQHandler
                0x000000000800359c                DMA2_Stream0_IRQHandler
                0x000000000800359c                TIM4_IRQHandler
                0x000000000800359c                I2C1_EV_IRQHandler
                0x000000000800359c                DMA1_Stream6_IRQHandler
                0x000000000800359c                DMA1_Stream1_IRQHandler
                0x000000000800359c                UART4_IRQHandler
                0x000000000800359c                TIM3_IRQHandler
                0x000000000800359c                RCC_IRQHandler
                0x000000000800359c                TIM8_BRK_TIM12_IRQHandler
                0x000000000800359c                Default_Handler
                0x000000000800359c                EXTI15_10_IRQHandler
                0x000000000800359c                ADC_IRQHandler
                0x000000000800359c                TIM7_IRQHandler
                0x000000000800359c                CAN2_TX_IRQHandler
                0x000000000800359c                TIM5_IRQHandler
                0x000000000800359c                DMA2_Stream7_IRQHandler
                0x000000000800359c                I2C3_EV_IRQHandler
                0x000000000800359c                EXTI9_5_IRQHandler
                0x000000000800359c                RTC_WKUP_IRQHandler
                0x000000000800359c                ETH_WKUP_IRQHandler
                0x000000000800359c                SPI2_IRQHandler
                0x000000000800359c                OTG_HS_EP1_IN_IRQHandler
                0x000000000800359c                DMA1_Stream0_IRQHandler
                0x000000000800359c                CAN1_TX_IRQHandler
                0x000000000800359c                EXTI4_IRQHandler
                0x000000000800359c                FSMC_IRQHandler
                0x000000000800359c                ETH_IRQHandler
                0x000000000800359c                OTG_HS_EP1_OUT_IRQHandler
                0x000000000800359c                WWDG_IRQHandler
                0x000000000800359c                TIM2_IRQHandler
                0x000000000800359c                OTG_FS_WKUP_IRQHandler
                0x000000000800359c                TIM1_TRG_COM_TIM11_IRQHandler
                0x000000000800359c                OTG_HS_IRQHandler
                0x000000000800359c                EXTI1_IRQHandler
                0x000000000800359c                I2C2_ER_IRQHandler
                0x000000000800359c                DMA2_Stream1_IRQHandler
                0x000000000800359c                CAN1_SCE_IRQHandler
                0x000000000800359c                FLASH_IRQHandler
                0x000000000800359c                DMA2_Stream4_IRQHandler
                0x000000000800359c                USART1_IRQHandler
                0x000000000800359c                OTG_FS_IRQHandler
                0x000000000800359c                SPI3_IRQHandler
                0x000000000800359c                DMA1_Stream4_IRQHandler
                0x000000000800359c                I2C1_ER_IRQHandler
                0x000000000800359c                DMA2_Stream6_IRQHandler
 *fill*         0x000000000800359e        0x2 
 .text.D16_GENERIC
                0x00000000080035a0      0x120 ../Middlewares/ST/STM32_Audio/Addons/PDM/Lib/\libPDMFilter_CM4_GCC_wc32.a(pdm_filter.o)
 .text.D24_GENERIC
                0x00000000080036c0      0x190 ../Middlewares/ST/STM32_Audio/Addons/PDM/Lib/\libPDMFilter_CM4_GCC_wc32.a(pdm_filter.o)
 .text.D32_GENERIC
                0x0000000008003850      0x198 ../Middlewares/ST/STM32_Audio/Addons/PDM/Lib/\libPDMFilter_CM4_GCC_wc32.a(pdm_filter.o)
 .text.D48_GENERIC
                0x00000000080039e8      0x1ec ../Middlewares/ST/STM32_Audio/Addons/PDM/Lib/\libPDMFilter_CM4_GCC_wc32.a(pdm_filter.o)
 .text.D64_GENERIC
                0x0000000008003bd4      0x220 ../Middlewares/ST/STM32_Audio/Addons/PDM/Lib/\libPDMFilter_CM4_GCC_wc32.a(pdm_filter.o)
 .text.D80_GENERIC
                0x0000000008003df4      0x2a0 ../Middlewares/ST/STM32_Audio/Addons/PDM/Lib/\libPDMFilter_CM4_GCC_wc32.a(pdm_filter.o)
 .text.D128_GENERIC
                0x0000000008004094      0x3f0 ../Middlewares/ST/STM32_Audio/Addons/PDM/Lib/\libPDMFilter_CM4_GCC_wc32.a(pdm_filter.o)
 .text.D16_1CH_HTONS_VOL_HP
                0x0000000008004484       0xe4 ../Middlewares/ST/STM32_Audio/Addons/PDM/Lib/\libPDMFilter_CM4_GCC_wc32.a(pdm_filter.o)
 .text.D24_1CH_HTONS_VOL_HP
                0x0000000008004568      0x138 ../Middlewares/ST/STM32_Audio/Addons/PDM/Lib/\libPDMFilter_CM4_GCC_wc32.a(pdm_filter.o)
 .text.D32_1CH_HTONS_VOL_HP
                0x00000000080046a0      0x144 ../Middlewares/ST/STM32_Audio/Addons/PDM/Lib/\libPDMFilter_CM4_GCC_wc32.a(pdm_filter.o)
 .text.D48_1CH_HTONS_VOL_HP
                0x00000000080047e4      0x16c ../Middlewares/ST/STM32_Audio/Addons/PDM/Lib/\libPDMFilter_CM4_GCC_wc32.a(pdm_filter.o)
 .text.D64_1CH_HTONS_VOL_HP
                0x0000000008004950      0x1b8 ../Middlewares/ST/STM32_Audio/Addons/PDM/Lib/\libPDMFilter_CM4_GCC_wc32.a(pdm_filter.o)
 .text.D80_1CH_HTONS_VOL_HP
                0x0000000008004b08      0x214 ../Middlewares/ST/STM32_Audio/Addons/PDM/Lib/\libPDMFilter_CM4_GCC_wc32.a(pdm_filter.o)
 .text.D128_1CH_HTONS_VOL_HP
                0x0000000008004d1c      0x324 ../Middlewares/ST/STM32_Audio/Addons/PDM/Lib/\libPDMFilter_CM4_GCC_wc32.a(pdm_filter.o)
 .text.PDM_Filter_Init
                0x0000000008005040      0x114 ../Middlewares/ST/STM32_Audio/Addons/PDM/Lib/\libPDMFilter_CM4_GCC_wc32.a(pdm_filter.o)
                0x0000000008005040                PDM_Filter_Init
 .text.PDM_Filter_setConfig
                0x0000000008005154      0x1e4 ../Middlewares/ST/STM32_Audio/Addons/PDM/Lib/\libPDMFilter_CM4_GCC_wc32.a(pdm_filter.o)
                0x0000000008005154                PDM_Filter_setConfig
 .text.PDM_Filter
                0x0000000008005338       0x38 ../Middlewares/ST/STM32_Audio/Addons/PDM/Lib/\libPDMFilter_CM4_GCC_wc32.a(pdm_filter.o)
                0x0000000008005338                PDM_Filter
 .text.CRC_Lock
                0x0000000008005370       0x7c ../Middlewares/ST/STM32_Audio/Addons/PDM/Lib/\libPDMFilter_CM4_GCC_wc32.a(stm32_crc_lock.o)
                0x0000000008005370                CRC_Lock
 .text.taabe431
                0x00000000080053ec        0x8 ../sdk/mcu/lib/stm32f407/en\libpicovoice.a(picovoice.o)
                0x00000000080053ec                taabe431
 .text.pv_status_to_string
                0x00000000080053f4       0x14 ../sdk/mcu/lib/stm32f407/en\libpicovoice.a(picovoice.o)
                0x00000000080053f4                pv_status_to_string
 .text.pv_inference_delete.part.0
                0x0000000008005408       0x40 ../sdk/mcu/lib/stm32f407/en\libpicovoice.a(pv_picovoice.o)
 .text.pv_inference_delete
                0x0000000008005448        0x8 ../sdk/mcu/lib/stm32f407/en\libpicovoice.a(pv_picovoice.o)
                0x0000000008005448                pv_inference_delete
 .text.taabe762
                0x0000000008005450      0x154 ../sdk/mcu/lib/stm32f407/en\libpicovoice.a(pv_picovoice.o)
                0x0000000008005450                taabe762
 .text.pv_picovoice_init
                0x00000000080055a4       0x10 ../sdk/mcu/lib/stm32f407/en\libpicovoice.a(pv_picovoice.o)
                0x00000000080055a4                pv_picovoice_init
 .text.pv_picovoice_process
                0x00000000080055b4      0x1a4 ../sdk/mcu/lib/stm32f407/en\libpicovoice.a(pv_picovoice.o)
                0x00000000080055b4                pv_picovoice_process
 .text.pv_picovoice_context_info
                0x0000000008005758       0x10 ../sdk/mcu/lib/stm32f407/en\libpicovoice.a(pv_picovoice.o)
                0x0000000008005758                pv_picovoice_context_info
 .text.pv_porcupine_delete.part.0
                0x0000000008005768       0x8c ../sdk/mcu/lib/stm32f407/en\libpicovoice.a(pv_porcupine.o)
 .text.taabe567
                0x00000000080057f4      0x488 ../sdk/mcu/lib/stm32f407/en\libpicovoice.a(pv_porcupine.o)
                0x00000000080057f4                taabe567
 .text.pv_porcupine_init
                0x0000000008005c7c       0x10 ../sdk/mcu/lib/stm32f407/en\libpicovoice.a(pv_porcupine.o)
                0x0000000008005c7c                pv_porcupine_init
 .text.pv_porcupine_delete
                0x0000000008005c8c        0x8 ../sdk/mcu/lib/stm32f407/en\libpicovoice.a(pv_porcupine.o)
                0x0000000008005c8c                pv_porcupine_delete
 .text.pv_porcupine_process
                0x0000000008005c94       0x88 ../sdk/mcu/lib/stm32f407/en\libpicovoice.a(pv_porcupine.o)
                0x0000000008005c94                pv_porcupine_process
 .text.taabe114
                0x0000000008005d1c        0x8 ../sdk/mcu/lib/stm32f407/en\libpicovoice.a(pv_porcupine.o)
                0x0000000008005d1c                taabe114
 .text.pv_porcupine_get_min_memory_buffer_size
                0x0000000008005d24       0xe4 ../sdk/mcu/lib/stm32f407/en\libpicovoice.a(pv_porcupine.o)
                0x0000000008005d24                pv_porcupine_get_min_memory_buffer_size
 .text.taabe394.part.0
                0x0000000008005e08       0x90 ../sdk/mcu/lib/stm32f407/en\libpicovoice.a(pv_porcupine_internal.o)
 .text.taabe24  0x0000000008005e98      0x208 ../sdk/mcu/lib/stm32f407/en\libpicovoice.a(pv_porcupine_internal.o)
                0x0000000008005e98                taabe24
 .text.taabe394
                0x00000000080060a0        0x8 ../sdk/mcu/lib/stm32f407/en\libpicovoice.a(pv_porcupine_internal.o)
                0x00000000080060a0                taabe394
 .text.taabe787
                0x00000000080060a8       0x74 ../sdk/mcu/lib/stm32f407/en\libpicovoice.a(pv_porcupine_internal.o)
                0x00000000080060a8                taabe787
 .text.taabe173
                0x000000000800611c      0x20c ../sdk/mcu/lib/stm32f407/en\libpicovoice.a(pv_porcupine_internal.o)
                0x000000000800611c                taabe173
 .text.taabe559
                0x0000000008006328        0x4 ../sdk/mcu/lib/stm32f407/en\libpicovoice.a(pv_porcupine_internal.o)
                0x0000000008006328                taabe559
 .text.taabe85  0x000000000800632c      0x3fc ../sdk/mcu/lib/stm32f407/en\libpicovoice.a(pv_porcupine_internal.o)
                0x000000000800632c                taabe85
 .text.pv_rhino_delete.part.0
                0x0000000008006728       0x3c ../sdk/mcu/lib/stm32f407/en\libpicovoice.a(pv_rhino.o)
 .text.pv_rhino_process.part.0
                0x0000000008006764      0x280 ../sdk/mcu/lib/stm32f407/en\libpicovoice.a(pv_rhino.o)
 .text.pv_rhino_parse_context
                0x00000000080069e4      0x1b0 ../sdk/mcu/lib/stm32f407/en\libpicovoice.a(pv_rhino.o)
                0x00000000080069e4                pv_rhino_parse_context
 .text.taabe279.part.0
                0x0000000008006b94      0x27c ../sdk/mcu/lib/stm32f407/en\libpicovoice.a(pv_rhino.o)
 .text.pv_rhino_init
                0x0000000008006e10       0xc0 ../sdk/mcu/lib/stm32f407/en\libpicovoice.a(pv_rhino.o)
                0x0000000008006e10                pv_rhino_init
 .text.pv_rhino_delete
                0x0000000008006ed0        0x8 ../sdk/mcu/lib/stm32f407/en\libpicovoice.a(pv_rhino.o)
                0x0000000008006ed0                pv_rhino_delete
 .text.pv_rhino_process
                0x0000000008006ed8       0x1c ../sdk/mcu/lib/stm32f407/en\libpicovoice.a(pv_rhino.o)
                0x0000000008006ed8                pv_rhino_process
 .text.pv_rhino_is_understood
                0x0000000008006ef4       0x18 ../sdk/mcu/lib/stm32f407/en\libpicovoice.a(pv_rhino.o)
                0x0000000008006ef4                pv_rhino_is_understood
 .text.pv_rhino_get_intent
                0x0000000008006f0c       0x30 ../sdk/mcu/lib/stm32f407/en\libpicovoice.a(pv_rhino.o)
                0x0000000008006f0c                pv_rhino_get_intent
 .text.pv_rhino_free_slots_and_values
                0x0000000008006f3c       0x1c ../sdk/mcu/lib/stm32f407/en\libpicovoice.a(pv_rhino.o)
                0x0000000008006f3c                pv_rhino_free_slots_and_values
 .text.pv_rhino_reset
                0x0000000008006f58       0x50 ../sdk/mcu/lib/stm32f407/en\libpicovoice.a(pv_rhino.o)
                0x0000000008006f58                pv_rhino_reset
 .text.pv_rhino_context_info
                0x0000000008006fa8       0x1c ../sdk/mcu/lib/stm32f407/en\libpicovoice.a(pv_rhino.o)
                0x0000000008006fa8                pv_rhino_context_info
 .text.taabe217.part.0
                0x0000000008006fc4        0x8 ../sdk/mcu/lib/stm32f407/en\libpicovoice.a(pv_rhino_context.o)
 .text.taabe616
                0x0000000008006fcc      0x2f8 ../sdk/mcu/lib/stm32f407/en\libpicovoice.a(pv_rhino_context.o)
                0x0000000008006fcc                taabe616
 .text.taabe217
                0x00000000080072c4        0xc ../sdk/mcu/lib/stm32f407/en\libpicovoice.a(pv_rhino_context.o)
                0x00000000080072c4                taabe217
 .text.taabe420
                0x00000000080072d0        0x4 ../sdk/mcu/lib/stm32f407/en\libpicovoice.a(pv_rhino_context.o)
                0x00000000080072d0                taabe420
 .text.taabe227
                0x00000000080072d4        0x8 ../sdk/mcu/lib/stm32f407/en\libpicovoice.a(pv_rhino_context.o)
                0x00000000080072d4                taabe227
 .text.taabe473
                0x00000000080072dc        0x8 ../sdk/mcu/lib/stm32f407/en\libpicovoice.a(pv_rhino_context.o)
                0x00000000080072dc                taabe473
 .text.taabe55  0x00000000080072e4        0x8 ../sdk/mcu/lib/stm32f407/en\libpicovoice.a(pv_rhino_context.o)
                0x00000000080072e4                taabe55
 .text.taabe644
                0x00000000080072ec       0x18 ../sdk/mcu/lib/stm32f407/en\libpicovoice.a(pv_rhino_context.o)
                0x00000000080072ec                taabe644
 .text.taabe356
                0x0000000008007304        0xc ../sdk/mcu/lib/stm32f407/en\libpicovoice.a(pv_rhino_context.o)
                0x0000000008007304                taabe356
 .text.taabe385
                0x0000000008007310        0xc ../sdk/mcu/lib/stm32f407/en\libpicovoice.a(pv_rhino_context.o)
                0x0000000008007310                taabe385
 .text.taabe296
                0x000000000800731c        0xc ../sdk/mcu/lib/stm32f407/en\libpicovoice.a(pv_rhino_context.o)
                0x000000000800731c                taabe296
 .text.taabe272
                0x0000000008007328       0x28 ../sdk/mcu/lib/stm32f407/en\libpicovoice.a(pv_rhino_context.o)
                0x0000000008007328                taabe272
 .text.taabe59  0x0000000008007350        0xc ../sdk/mcu/lib/stm32f407/en\libpicovoice.a(pv_rhino_context.o)
                0x0000000008007350                taabe59
 .text.taabe21  0x000000000800735c       0x14 ../sdk/mcu/lib/stm32f407/en\libpicovoice.a(pv_rhino_context.o)
                0x000000000800735c                taabe21
 .text.taabe30  0x0000000008007370        0xc ../sdk/mcu/lib/stm32f407/en\libpicovoice.a(pv_rhino_context.o)
                0x0000000008007370                taabe30
 .text.taabe462
                0x000000000800737c       0x34 ../sdk/mcu/lib/stm32f407/en\libpicovoice.a(pv_rhino_context.o)
                0x000000000800737c                taabe462
 .text.taabe604
                0x00000000080073b0        0x4 ../sdk/mcu/lib/stm32f407/en\libpicovoice.a(pv_rhino_context.o)
                0x00000000080073b0                taabe604
 .text.pv_rhino_beams_insert_at
                0x00000000080073b4       0x70 ../sdk/mcu/lib/stm32f407/en\libpicovoice.a(pv_rhino_decoder.o)
 .text.pv_rhino_beams_insert
                0x0000000008007424      0x12c ../sdk/mcu/lib/stm32f407/en\libpicovoice.a(pv_rhino_decoder.o)
 .text.pv_rhino_beams_delete.part.0
                0x0000000008007550       0x5c ../sdk/mcu/lib/stm32f407/en\libpicovoice.a(pv_rhino_decoder.o)
 .text.pv_rhino_beams_init
                0x00000000080075ac       0xe4 ../sdk/mcu/lib/stm32f407/en\libpicovoice.a(pv_rhino_decoder.o)
 .text.taabe64  0x0000000008007690       0xc4 ../sdk/mcu/lib/stm32f407/en\libpicovoice.a(pv_rhino_decoder.o)
                0x0000000008007690                taabe64
 .text.taabe43  0x0000000008007754       0x1c ../sdk/mcu/lib/stm32f407/en\libpicovoice.a(pv_rhino_decoder.o)
                0x0000000008007754                taabe43
 .text.taabe466
                0x0000000008007770      0x94c ../sdk/mcu/lib/stm32f407/en\libpicovoice.a(pv_rhino_decoder.o)
                0x0000000008007770                taabe466
 .text.taabe347
                0x00000000080080bc       0x9c ../sdk/mcu/lib/stm32f407/en\libpicovoice.a(pv_rhino_decoder.o)
                0x00000000080080bc                taabe347
 .text.taabe129
                0x0000000008008158      0x1b8 ../sdk/mcu/lib/stm32f407/en\libpicovoice.a(pv_rhino_decoder.o)
                0x0000000008008158                taabe129
 .text.taabe599
                0x0000000008008310       0x38 ../sdk/mcu/lib/stm32f407/en\libpicovoice.a(pv_rhino_decoder.o)
                0x0000000008008310                taabe599
 .text.binary_search
                0x0000000008008348       0x5c ../sdk/mcu/lib/stm32f407/en\libpicovoice.a(pv_rhino_decoder_fancy_slots.o)
 .text.taabe714
                0x00000000080083a4      0x114 ../sdk/mcu/lib/stm32f407/en\libpicovoice.a(pv_rhino_decoder_fancy_slots.o)
                0x00000000080083a4                taabe714
 .text.taabe490
                0x00000000080084b8      0x164 ../sdk/mcu/lib/stm32f407/en\libpicovoice.a(pv_cipher.o)
                0x00000000080084b8                taabe490
 .text.taabe267
                0x000000000800861c       0x10 ../sdk/mcu/lib/stm32f407/en\libpicovoice.a(pv_language.o)
                0x000000000800861c                taabe267
 .text.taabe681
                0x000000000800862c       0x10 ../sdk/mcu/lib/stm32f407/en\libpicovoice.a(pv_language.o)
                0x000000000800862c                taabe681
 .text.taabe592
                0x000000000800863c        0x4 ../sdk/mcu/lib/stm32f407/en\libpicovoice.a(pv_language.o)
                0x000000000800863c                taabe592
 .text.taabe248
                0x0000000008008640        0x8 ../sdk/mcu/lib/stm32f407/en\libpicovoice.a(pv_language.o)
                0x0000000008008640                taabe248
 .text.taabe525
                0x0000000008008648       0x10 ../sdk/mcu/lib/stm32f407/en\libpicovoice.a(pv_language.o)
                0x0000000008008648                taabe525
 .text.taabe653
                0x0000000008008658       0x44 ../sdk/mcu/lib/stm32f407/en\libpicovoice.a(pv_memory.o)
                0x0000000008008658                taabe653
 .text.taabe284
                0x000000000800869c       0x68 ../sdk/mcu/lib/stm32f407/en\libpicovoice.a(pv_memory.o)
                0x000000000800869c                taabe284
 .text.taabe22  0x0000000008008704       0x30 ../sdk/mcu/lib/stm32f407/en\libpicovoice.a(pv_memory.o)
                0x0000000008008704                taabe22
 .text.taabe590
                0x0000000008008734        0x4 ../sdk/mcu/lib/stm32f407/en\libpicovoice.a(pv_memory.o)
                0x0000000008008734                taabe590
 .text.taabe734
                0x0000000008008738       0x5c ../sdk/mcu/lib/stm32f407/en\libpicovoice.a(pv_filterbank.o)
                0x0000000008008738                taabe734
 .text.taabe4   0x0000000008008794       0x1c ../sdk/mcu/lib/stm32f407/en\libpicovoice.a(pv_filterbank.o)
                0x0000000008008794                taabe4
 .text.taabe453
                0x00000000080087b0      0x1e8 ../sdk/mcu/lib/stm32f407/en\libpicovoice.a(pv_filterbank.o)
                0x00000000080087b0                taabe453
 .text.taabe57  0x0000000008008998        0xc ../sdk/mcu/lib/stm32f407/en\libpicovoice.a(pv_filterbank.o)
                0x0000000008008998                taabe57
 .text.taabe378
                0x00000000080089a4       0x84 ../sdk/mcu/lib/stm32f407/en\libpicovoice.a(pv_stft.o)
                0x00000000080089a4                taabe378
 .text.taabe355
                0x0000000008008a28       0x24 ../sdk/mcu/lib/stm32f407/en\libpicovoice.a(pv_stft.o)
                0x0000000008008a28                taabe355
 .text.taabe716
                0x0000000008008a4c      0x180 ../sdk/mcu/lib/stm32f407/en\libpicovoice.a(pv_stft.o)
                0x0000000008008a4c                taabe716
 .text.taabe642
                0x0000000008008bcc       0x18 ../sdk/mcu/lib/stm32f407/en\libpicovoice.a(pv_stft.o)
                0x0000000008008bcc                taabe642
 .text.taabe572.part.0
                0x0000000008008be4       0xf4 ../sdk/mcu/lib/stm32f407/en\libpicovoice.a(pv_access.o)
 .text.taabe572
                0x0000000008008cd8       0x24 ../sdk/mcu/lib/stm32f407/en\libpicovoice.a(pv_access.o)
                0x0000000008008cd8                taabe572
 .text.taabe246
                0x0000000008008cfc        0x8 ../sdk/mcu/lib/stm32f407/en\libpicovoice.a(pv_access.o)
                0x0000000008008cfc                taabe246
 .text.taabe695
                0x0000000008008d04       0x34 ../sdk/mcu/lib/stm32f407/en\libpicovoice.a(pv_access.o)
                0x0000000008008d04                taabe695
 .text.taabe250
                0x0000000008008d38       0x3c ../sdk/mcu/lib/stm32f407/en\libpicovoice.a(pv_log.o)
                0x0000000008008d38                taabe250
 .text.pv_fft_complex_DIT_RN
                0x0000000008008d74       0xec ../sdk/mcu/lib/stm32f407/en\libpicovoice.a(pv_fft.o)
 .text.taabe72  0x0000000008008e60       0x24 ../sdk/mcu/lib/stm32f407/en\libpicovoice.a(pv_fft.o)
                0x0000000008008e60                taabe72
 .text.taabe544
                0x0000000008008e84        0xc ../sdk/mcu/lib/stm32f407/en\libpicovoice.a(pv_fft.o)
                0x0000000008008e84                taabe544
 .text.taabe429
                0x0000000008008e90      0x134 ../sdk/mcu/lib/stm32f407/en\libpicovoice.a(pv_fft.o)
                0x0000000008008e90                taabe429
 .text.taabe312
                0x0000000008008fc4       0x7c ../sdk/mcu/lib/stm32f407/en\libpicovoice.a(pv_math.o)
                0x0000000008008fc4                taabe312
 .text.taabe419
                0x0000000008009040       0x58 ../sdk/mcu/lib/stm32f407/en\libpicovoice.a(pv_math.o)
                0x0000000008009040                taabe419
 .text.taabe61  0x0000000008009098       0x64 ../sdk/mcu/lib/stm32f407/en\libpicovoice.a(pv_math.o)
                0x0000000008009098                taabe61
 .text.taabe39  0x00000000080090fc       0x5c ../sdk/mcu/lib/stm32f407/en\libpicovoice.a(pv_math.o)
                0x00000000080090fc                taabe39
 .text.taabe422.part.0
                0x0000000008009158       0x40 ../sdk/mcu/lib/stm32f407/en\libpicovoice.a(pv_online_token_classifier.o)
 .text.taabe194
                0x0000000008009198       0xb0 ../sdk/mcu/lib/stm32f407/en\libpicovoice.a(pv_online_token_classifier.o)
                0x0000000008009198                taabe194
 .text.taabe422
                0x0000000008009248        0x8 ../sdk/mcu/lib/stm32f407/en\libpicovoice.a(pv_online_token_classifier.o)
                0x0000000008009248                taabe422
 .text.taabe265
                0x0000000008009250       0x10 ../sdk/mcu/lib/stm32f407/en\libpicovoice.a(pv_online_token_classifier.o)
                0x0000000008009250                taabe265
 .text.taabe310
                0x0000000008009260       0xa4 ../sdk/mcu/lib/stm32f407/en\libpicovoice.a(pv_online_token_classifier.o)
                0x0000000008009260                taabe310
 .text.taabe51  0x0000000008009304       0x24 ../sdk/mcu/lib/stm32f407/en\libpicovoice.a(pv_online_token_classifier.o)
                0x0000000008009304                taabe51
 .text.taabe703
                0x0000000008009328       0x30 ../sdk/mcu/lib/stm32f407/en\libpicovoice.a(pv_fc.o)
                0x0000000008009328                taabe703
 .text.taabe0   0x0000000008009358        0xc ../sdk/mcu/lib/stm32f407/en\libpicovoice.a(pv_fc.o)
                0x0000000008009358                taabe0
 .text.taabe278
                0x0000000008009364      0x20c ../sdk/mcu/lib/stm32f407/en\libpicovoice.a(pv_fc.o)
                0x0000000008009364                taabe278
 .text.taabe288
                0x0000000008009570       0xdc ../sdk/mcu/lib/stm32f407/en\libpicovoice.a(pv_rnn.o)
                0x0000000008009570                taabe288
 .text.taabe41  0x000000000800964c       0x34 ../sdk/mcu/lib/stm32f407/en\libpicovoice.a(pv_rnn.o)
                0x000000000800964c                taabe41
 .text.taabe588
                0x0000000008009680      0x148 ../sdk/mcu/lib/stm32f407/en\libpicovoice.a(pv_rnn.o)
                0x0000000008009680                taabe588
 .text.taabe756
                0x00000000080097c8       0x5c ../sdk/mcu/lib/stm32f407/en\libpicovoice.a(pv_rnn.o)
                0x00000000080097c8                taabe756
 .text.taabe358
                0x0000000008009824       0x20 ../sdk/mcu/lib/stm32f407/en\libpicovoice.a(pv_softmax.o)
                0x0000000008009824                taabe358
 .text.taabe397
                0x0000000008009844        0xc ../sdk/mcu/lib/stm32f407/en\libpicovoice.a(pv_softmax.o)
                0x0000000008009844                taabe397
 .text.taabe152
                0x0000000008009850       0xd0 ../sdk/mcu/lib/stm32f407/en\libpicovoice.a(pv_softmax.o)
                0x0000000008009850                taabe152
 .text.taabe738.part.0
                0x0000000008009920       0x38 ../sdk/mcu/lib/stm32f407/en\libpicovoice.a(pv_porcupine_decoder.o)
 .text.taabe521
                0x0000000008009958      0x104 ../sdk/mcu/lib/stm32f407/en\libpicovoice.a(pv_porcupine_decoder.o)
                0x0000000008009958                taabe521
 .text.taabe738
                0x0000000008009a5c        0x8 ../sdk/mcu/lib/stm32f407/en\libpicovoice.a(pv_porcupine_decoder.o)
                0x0000000008009a5c                taabe738
 .text.taabe343
                0x0000000008009a64      0x21c ../sdk/mcu/lib/stm32f407/en\libpicovoice.a(pv_porcupine_decoder.o)
                0x0000000008009a64                taabe343
 .text.taabe7   0x0000000008009c80       0x90 ../sdk/mcu/lib/stm32f407/en\libpicovoice.a(pv_porcupine_decoder.o)
                0x0000000008009c80                taabe7
 .text.taabe171
                0x0000000008009d10      0x220 ../sdk/mcu/lib/stm32f407/en\libpicovoice.a(pv_base64.o)
                0x0000000008009d10                taabe171
 .text.taabe673
                0x0000000008009f30       0x60 ../sdk/mcu/lib/stm32f407/en\libpicovoice.a(pv_normalization.o)
                0x0000000008009f30                taabe673
 .text.calloc   0x0000000008009f90       0x10 c:/st/stm32cubeide_1.12.1/stm32cubeide/plugins/com.st.stm32cube.ide.mcu.externaltools.gnu-tools-for-stm32.10.3-2021.10.win32_1.0.200.202301161003/tools/bin/../lib/gcc/arm-none-eabi/10.3.1/../../../../arm-none-eabi/lib/thumb/v7e-m+fp/hard\libc_nano.a(lib_a-calloc.o)
                0x0000000008009f90                calloc
 .text.__errno  0x0000000008009fa0        0xc c:/st/stm32cubeide_1.12.1/stm32cubeide/plugins/com.st.stm32cube.ide.mcu.externaltools.gnu-tools-for-stm32.10.3-2021.10.win32_1.0.200.202301161003/tools/bin/../lib/gcc/arm-none-eabi/10.3.1/../../../../arm-none-eabi/lib/thumb/v7e-m+fp/hard\libc_nano.a(lib_a-errno.o)
                0x0000000008009fa0                __errno
 .text.__libc_init_array
                0x0000000008009fac       0x48 c:/st/stm32cubeide_1.12.1/stm32cubeide/plugins/com.st.stm32cube.ide.mcu.externaltools.gnu-tools-for-stm32.10.3-2021.10.win32_1.0.200.202301161003/tools/bin/../lib/gcc/arm-none-eabi/10.3.1/../../../../arm-none-eabi/lib/thumb/v7e-m+fp/hard\libc_nano.a(lib_a-init.o)
                0x0000000008009fac                __libc_init_array
 .text.malloc   0x0000000008009ff4       0x10 c:/st/stm32cubeide_1.12.1/stm32cubeide/plugins/com.st.stm32cube.ide.mcu.externaltools.gnu-tools-for-stm32.10.3-2021.10.win32_1.0.200.202301161003/tools/bin/../lib/gcc/arm-none-eabi/10.3.1/../../../../arm-none-eabi/lib/thumb/v7e-m+fp/hard\libc_nano.a(lib_a-malloc.o)
                0x0000000008009ff4                malloc
 .text.free     0x000000000800a004       0x10 c:/st/stm32cubeide_1.12.1/stm32cubeide/plugins/com.st.stm32cube.ide.mcu.externaltools.gnu-tools-for-stm32.10.3-2021.10.win32_1.0.200.202301161003/tools/bin/../lib/gcc/arm-none-eabi/10.3.1/../../../../arm-none-eabi/lib/thumb/v7e-m+fp/hard\libc_nano.a(lib_a-malloc.o)
                0x000000000800a004                free
 .text.memcpy   0x000000000800a014       0x1c c:/st/stm32cubeide_1.12.1/stm32cubeide/plugins/com.st.stm32cube.ide.mcu.externaltools.gnu-tools-for-stm32.10.3-2021.10.win32_1.0.200.202301161003/tools/bin/../lib/gcc/arm-none-eabi/10.3.1/../../../../arm-none-eabi/lib/thumb/v7e-m+fp/hard\libc_nano.a(lib_a-memcpy-stub.o)
                0x000000000800a014                memcpy
 .text.memmove  0x000000000800a030       0x34 c:/st/stm32cubeide_1.12.1/stm32cubeide/plugins/com.st.stm32cube.ide.mcu.externaltools.gnu-tools-for-stm32.10.3-2021.10.win32_1.0.200.202301161003/tools/bin/../lib/gcc/arm-none-eabi/10.3.1/../../../../arm-none-eabi/lib/thumb/v7e-m+fp/hard\libc_nano.a(lib_a-memmove.o)
                0x000000000800a030                memmove
 .text.memset   0x000000000800a064       0x10 c:/st/stm32cubeide_1.12.1/stm32cubeide/plugins/com.st.stm32cube.ide.mcu.externaltools.gnu-tools-for-stm32.10.3-2021.10.win32_1.0.200.202301161003/tools/bin/../lib/gcc/arm-none-eabi/10.3.1/../../../../arm-none-eabi/lib/thumb/v7e-m+fp/hard\libc_nano.a(lib_a-memset.o)
                0x000000000800a064                memset
 .text._calloc_r
                0x000000000800a074       0x2c c:/st/stm32cubeide_1.12.1/stm32cubeide/plugins/com.st.stm32cube.ide.mcu.externaltools.gnu-tools-for-stm32.10.3-2021.10.win32_1.0.200.202301161003/tools/bin/../lib/gcc/arm-none-eabi/10.3.1/../../../../arm-none-eabi/lib/thumb/v7e-m+fp/hard\libc_nano.a(lib_a-nano-callocr.o)
                0x000000000800a074                _calloc_r
 .text._free_r  0x000000000800a0a0       0x98 c:/st/stm32cubeide_1.12.1/stm32cubeide/plugins/com.st.stm32cube.ide.mcu.externaltools.gnu-tools-for-stm32.10.3-2021.10.win32_1.0.200.202301161003/tools/bin/../lib/gcc/arm-none-eabi/10.3.1/../../../../arm-none-eabi/lib/thumb/v7e-m+fp/hard\libc_nano.a(lib_a-nano-freer.o)
                0x000000000800a0a0                _free_r
 .text.sbrk_aligned
                0x000000000800a138       0x40 c:/st/stm32cubeide_1.12.1/stm32cubeide/plugins/com.st.stm32cube.ide.mcu.externaltools.gnu-tools-for-stm32.10.3-2021.10.win32_1.0.200.202301161003/tools/bin/../lib/gcc/arm-none-eabi/10.3.1/../../../../arm-none-eabi/lib/thumb/v7e-m+fp/hard\libc_nano.a(lib_a-nano-mallocr.o)
 .text._malloc_r
                0x000000000800a178       0xe8 c:/st/stm32cubeide_1.12.1/stm32cubeide/plugins/com.st.stm32cube.ide.mcu.externaltools.gnu-tools-for-stm32.10.3-2021.10.win32_1.0.200.202301161003/tools/bin/../lib/gcc/arm-none-eabi/10.3.1/../../../../arm-none-eabi/lib/thumb/v7e-m+fp/hard\libc_nano.a(lib_a-nano-mallocr.o)
                0x000000000800a178                _malloc_r
 .text.__sfputc_r
                0x000000000800a260       0x2e c:/st/stm32cubeide_1.12.1/stm32cubeide/plugins/com.st.stm32cube.ide.mcu.externaltools.gnu-tools-for-stm32.10.3-2021.10.win32_1.0.200.202301161003/tools/bin/../lib/gcc/arm-none-eabi/10.3.1/../../../../arm-none-eabi/lib/thumb/v7e-m+fp/hard\libc_nano.a(lib_a-nano-vfprintf.o)
 .text.__sfputs_r
                0x000000000800a28e       0x24 c:/st/stm32cubeide_1.12.1/stm32cubeide/plugins/com.st.stm32cube.ide.mcu.externaltools.gnu-tools-for-stm32.10.3-2021.10.win32_1.0.200.202301161003/tools/bin/../lib/gcc/arm-none-eabi/10.3.1/../../../../arm-none-eabi/lib/thumb/v7e-m+fp/hard\libc_nano.a(lib_a-nano-vfprintf.o)
                0x000000000800a28e                __sfputs_r
 *fill*         0x000000000800a2b2        0x2 
 .text._vfprintf_r
                0x000000000800a2b4      0x260 c:/st/stm32cubeide_1.12.1/stm32cubeide/plugins/com.st.stm32cube.ide.mcu.externaltools.gnu-tools-for-stm32.10.3-2021.10.win32_1.0.200.202301161003/tools/bin/../lib/gcc/arm-none-eabi/10.3.1/../../../../arm-none-eabi/lib/thumb/v7e-m+fp/hard\libc_nano.a(lib_a-nano-vfprintf.o)
                0x000000000800a2b4                _vfprintf_r
                0x000000000800a2b4                _vfiprintf_r
 .text.vfprintf
                0x000000000800a514       0x14 c:/st/stm32cubeide_1.12.1/stm32cubeide/plugins/com.st.stm32cube.ide.mcu.externaltools.gnu-tools-for-stm32.10.3-2021.10.win32_1.0.200.202301161003/tools/bin/../lib/gcc/arm-none-eabi/10.3.1/../../../../arm-none-eabi/lib/thumb/v7e-m+fp/hard\libc_nano.a(lib_a-nano-vfprintf.o)
                0x000000000800a514                vfprintf
                0x000000000800a514                vfiprintf
 .text._printf_common
                0x000000000800a528       0xda c:/st/stm32cubeide_1.12.1/stm32cubeide/plugins/com.st.stm32cube.ide.mcu.externaltools.gnu-tools-for-stm32.10.3-2021.10.win32_1.0.200.202301161003/tools/bin/../lib/gcc/arm-none-eabi/10.3.1/../../../../arm-none-eabi/lib/thumb/v7e-m+fp/hard\libc_nano.a(lib_a-nano-vfprintf_i.o)
                0x000000000800a528                _printf_common
 *fill*         0x000000000800a602        0x2 
 .text._printf_i
                0x000000000800a604      0x24c c:/st/stm32cubeide_1.12.1/stm32cubeide/plugins/com.st.stm32cube.ide.mcu.externaltools.gnu-tools-for-stm32.10.3-2021.10.win32_1.0.200.202301161003/tools/bin/../lib/gcc/arm-none-eabi/10.3.1/../../../../arm-none-eabi/lib/thumb/v7e-m+fp/hard\libc_nano.a(lib_a-nano-vfprintf_i.o)
                0x000000000800a604                _printf_i
 .text.printf   0x000000000800a850       0x30 c:/st/stm32cubeide_1.12.1/stm32cubeide/plugins/com.st.stm32cube.ide.mcu.externaltools.gnu-tools-for-stm32.10.3-2021.10.win32_1.0.200.202301161003/tools/bin/../lib/gcc/arm-none-eabi/10.3.1/../../../../arm-none-eabi/lib/thumb/v7e-m+fp/hard\libc_nano.a(lib_a-printf.o)
                0x000000000800a850                iprintf
                0x000000000800a850                printf
 .text._puts_r  0x000000000800a880       0xdc c:/st/stm32cubeide_1.12.1/stm32cubeide/plugins/com.st.stm32cube.ide.mcu.externaltools.gnu-tools-for-stm32.10.3-2021.10.win32_1.0.200.202301161003/tools/bin/../lib/gcc/arm-none-eabi/10.3.1/../../../../arm-none-eabi/lib/thumb/v7e-m+fp/hard\libc_nano.a(lib_a-puts.o)
                0x000000000800a880                _puts_r
 .text.puts     0x000000000800a95c       0x10 c:/st/stm32cubeide_1.12.1/stm32cubeide/plugins/com.st.stm32cube.ide.mcu.externaltools.gnu-tools-for-stm32.10.3-2021.10.win32_1.0.200.202301161003/tools/bin/../lib/gcc/arm-none-eabi/10.3.1/../../../../arm-none-eabi/lib/thumb/v7e-m+fp/hard\libc_nano.a(lib_a-puts.o)
                0x000000000800a95c                puts
 .text._sbrk_r  0x000000000800a96c       0x20 c:/st/stm32cubeide_1.12.1/stm32cubeide/plugins/com.st.stm32cube.ide.mcu.externaltools.gnu-tools-for-stm32.10.3-2021.10.win32_1.0.200.202301161003/tools/bin/../lib/gcc/arm-none-eabi/10.3.1/../../../../arm-none-eabi/lib/thumb/v7e-m+fp/hard\libc_nano.a(lib_a-sbrkr.o)
                0x000000000800a96c                _sbrk_r
 .text.strcpy   0x000000000800a98c       0x10 c:/st/stm32cubeide_1.12.1/stm32cubeide/plugins/com.st.stm32cube.ide.mcu.externaltools.gnu-tools-for-stm32.10.3-2021.10.win32_1.0.200.202301161003/tools/bin/../lib/gcc/arm-none-eabi/10.3.1/../../../../arm-none-eabi/lib/thumb/v7e-m+fp/hard\libc_nano.a(lib_a-strcpy.o)
                0x000000000800a98c                strcpy
 .text.strcspn  0x000000000800a99c       0x22 c:/st/stm32cubeide_1.12.1/stm32cubeide/plugins/com.st.stm32cube.ide.mcu.externaltools.gnu-tools-for-stm32.10.3-2021.10.win32_1.0.200.202301161003/tools/bin/../lib/gcc/arm-none-eabi/10.3.1/../../../../arm-none-eabi/lib/thumb/v7e-m+fp/hard\libc_nano.a(lib_a-strcspn.o)
                0x000000000800a99c                strcspn
 .text.strncmp  0x000000000800a9be       0x28 c:/st/stm32cubeide_1.12.1/stm32cubeide/plugins/com.st.stm32cube.ide.mcu.externaltools.gnu-tools-for-stm32.10.3-2021.10.win32_1.0.200.202301161003/tools/bin/../lib/gcc/arm-none-eabi/10.3.1/../../../../arm-none-eabi/lib/thumb/v7e-m+fp/hard\libc_nano.a(lib_a-strncmp.o)
                0x000000000800a9be                strncmp
 .text.strncpy  0x000000000800a9e6       0x26 c:/st/stm32cubeide_1.12.1/stm32cubeide/plugins/com.st.stm32cube.ide.mcu.externaltools.gnu-tools-for-stm32.10.3-2021.10.win32_1.0.200.202301161003/tools/bin/../lib/gcc/arm-none-eabi/10.3.1/../../../../arm-none-eabi/lib/thumb/v7e-m+fp/hard\libc_nano.a(lib_a-strncpy.o)
                0x000000000800a9e6                strncpy
 .text.strspn   0x000000000800aa0c       0x20 c:/st/stm32cubeide_1.12.1/stm32cubeide/plugins/com.st.stm32cube.ide.mcu.externaltools.gnu-tools-for-stm32.10.3-2021.10.win32_1.0.200.202301161003/tools/bin/../lib/gcc/arm-none-eabi/10.3.1/../../../../arm-none-eabi/lib/thumb/v7e-m+fp/hard\libc_nano.a(lib_a-strspn.o)
                0x000000000800aa0c                strspn
 .text.__swbuf_r
                0x000000000800aa2c       0xa4 c:/st/stm32cubeide_1.12.1/stm32cubeide/plugins/com.st.stm32cube.ide.mcu.externaltools.gnu-tools-for-stm32.10.3-2021.10.win32_1.0.200.202301161003/tools/bin/../lib/gcc/arm-none-eabi/10.3.1/../../../../arm-none-eabi/lib/thumb/v7e-m+fp/hard\libc_nano.a(lib_a-wbuf.o)
                0x000000000800aa2c                __swbuf_r
 .text.__swsetup_r
                0x000000000800aad0       0xdc c:/st/stm32cubeide_1.12.1/stm32cubeide/plugins/com.st.stm32cube.ide.mcu.externaltools.gnu-tools-for-stm32.10.3-2021.10.win32_1.0.200.202301161003/tools/bin/../lib/gcc/arm-none-eabi/10.3.1/../../../../arm-none-eabi/lib/thumb/v7e-m+fp/hard\libc_nano.a(lib_a-wsetup.o)
                0x000000000800aad0                __swsetup_r
 .text.__sflush_r
                0x000000000800abac      0x10c c:/st/stm32cubeide_1.12.1/stm32cubeide/plugins/com.st.stm32cube.ide.mcu.externaltools.gnu-tools-for-stm32.10.3-2021.10.win32_1.0.200.202301161003/tools/bin/../lib/gcc/arm-none-eabi/10.3.1/../../../../arm-none-eabi/lib/thumb/v7e-m+fp/hard\libc_nano.a(lib_a-fflush.o)
                0x000000000800abac                __sflush_r
 .text._fflush_r
                0x000000000800acb8       0x78 c:/st/stm32cubeide_1.12.1/stm32cubeide/plugins/com.st.stm32cube.ide.mcu.externaltools.gnu-tools-for-stm32.10.3-2021.10.win32_1.0.200.202301161003/tools/bin/../lib/gcc/arm-none-eabi/10.3.1/../../../../arm-none-eabi/lib/thumb/v7e-m+fp/hard\libc_nano.a(lib_a-fflush.o)
                0x000000000800acb8                _fflush_r
 .text.std      0x000000000800ad30       0x48 c:/st/stm32cubeide_1.12.1/stm32cubeide/plugins/com.st.stm32cube.ide.mcu.externaltools.gnu-tools-for-stm32.10.3-2021.10.win32_1.0.200.202301161003/tools/bin/../lib/gcc/arm-none-eabi/10.3.1/../../../../arm-none-eabi/lib/thumb/v7e-m+fp/hard\libc_nano.a(lib_a-findfp.o)
 .text._cleanup_r
                0x000000000800ad78        0xc c:/st/stm32cubeide_1.12.1/stm32cubeide/plugins/com.st.stm32cube.ide.mcu.externaltools.gnu-tools-for-stm32.10.3-2021.10.win32_1.0.200.202301161003/tools/bin/../lib/gcc/arm-none-eabi/10.3.1/../../../../arm-none-eabi/lib/thumb/v7e-m+fp/hard\libc_nano.a(lib_a-findfp.o)
                0x000000000800ad78                _cleanup_r
 .text.__sfmoreglue
                0x000000000800ad84       0x2c c:/st/stm32cubeide_1.12.1/stm32cubeide/plugins/com.st.stm32cube.ide.mcu.externaltools.gnu-tools-for-stm32.10.3-2021.10.win32_1.0.200.202301161003/tools/bin/../lib/gcc/arm-none-eabi/10.3.1/../../../../arm-none-eabi/lib/thumb/v7e-m+fp/hard\libc_nano.a(lib_a-findfp.o)
                0x000000000800ad84                __sfmoreglue
 .text.__sfp_lock_acquire
                0x000000000800adb0        0xc c:/st/stm32cubeide_1.12.1/stm32cubeide/plugins/com.st.stm32cube.ide.mcu.externaltools.gnu-tools-for-stm32.10.3-2021.10.win32_1.0.200.202301161003/tools/bin/../lib/gcc/arm-none-eabi/10.3.1/../../../../arm-none-eabi/lib/thumb/v7e-m+fp/hard\libc_nano.a(lib_a-findfp.o)
                0x000000000800adb0                __sfp_lock_acquire
 .text.__sfp_lock_release
                0x000000000800adbc        0xc c:/st/stm32cubeide_1.12.1/stm32cubeide/plugins/com.st.stm32cube.ide.mcu.externaltools.gnu-tools-for-stm32.10.3-2021.10.win32_1.0.200.202301161003/tools/bin/../lib/gcc/arm-none-eabi/10.3.1/../../../../arm-none-eabi/lib/thumb/v7e-m+fp/hard\libc_nano.a(lib_a-findfp.o)
                0x000000000800adbc                __sfp_lock_release
 .text.__sinit_lock_acquire
                0x000000000800adc8        0xc c:/st/stm32cubeide_1.12.1/stm32cubeide/plugins/com.st.stm32cube.ide.mcu.externaltools.gnu-tools-for-stm32.10.3-2021.10.win32_1.0.200.202301161003/tools/bin/../lib/gcc/arm-none-eabi/10.3.1/../../../../arm-none-eabi/lib/thumb/v7e-m+fp/hard\libc_nano.a(lib_a-findfp.o)
                0x000000000800adc8                __sinit_lock_acquire
 .text.__sinit_lock_release
                0x000000000800add4        0xc c:/st/stm32cubeide_1.12.1/stm32cubeide/plugins/com.st.stm32cube.ide.mcu.externaltools.gnu-tools-for-stm32.10.3-2021.10.win32_1.0.200.202301161003/tools/bin/../lib/gcc/arm-none-eabi/10.3.1/../../../../arm-none-eabi/lib/thumb/v7e-m+fp/hard\libc_nano.a(lib_a-findfp.o)
                0x000000000800add4                __sinit_lock_release
 .text.__sinit  0x000000000800ade0       0x70 c:/st/stm32cubeide_1.12.1/stm32cubeide/plugins/com.st.stm32cube.ide.mcu.externaltools.gnu-tools-for-stm32.10.3-2021.10.win32_1.0.200.202301161003/tools/bin/../lib/gcc/arm-none-eabi/10.3.1/../../../../arm-none-eabi/lib/thumb/v7e-m+fp/hard\libc_nano.a(lib_a-findfp.o)
                0x000000000800ade0                __sinit
 .text.__sfp    0x000000000800ae50       0x8c c:/st/stm32cubeide_1.12.1/stm32cubeide/plugins/com.st.stm32cube.ide.mcu.externaltools.gnu-tools-for-stm32.10.3-2021.10.win32_1.0.200.202301161003/tools/bin/../lib/gcc/arm-none-eabi/10.3.1/../../../../arm-none-eabi/lib/thumb/v7e-m+fp/hard\libc_nano.a(lib_a-findfp.o)
                0x000000000800ae50                __sfp
 .text._fwalk_reent
                0x000000000800aedc       0x3e c:/st/stm32cubeide_1.12.1/stm32cubeide/plugins/com.st.stm32cube.ide.mcu.externaltools.gnu-tools-for-stm32.10.3-2021.10.win32_1.0.200.202301161003/tools/bin/../lib/gcc/arm-none-eabi/10.3.1/../../../../arm-none-eabi/lib/thumb/v7e-m+fp/hard\libc_nano.a(lib_a-fwalk.o)
                0x000000000800aedc                _fwalk_reent
 .text.__retarget_lock_init_recursive
                0x000000000800af1a        0x2 c:/st/stm32cubeide_1.12.1/stm32cubeide/plugins/com.st.stm32cube.ide.mcu.externaltools.gnu-tools-for-stm32.10.3-2021.10.win32_1.0.200.202301161003/tools/bin/../lib/gcc/arm-none-eabi/10.3.1/../../../../arm-none-eabi/lib/thumb/v7e-m+fp/hard\libc_nano.a(lib_a-lock.o)
                0x000000000800af1a                __retarget_lock_init_recursive
 .text.__retarget_lock_acquire_recursive
                0x000000000800af1c        0x2 c:/st/stm32cubeide_1.12.1/stm32cubeide/plugins/com.st.stm32cube.ide.mcu.externaltools.gnu-tools-for-stm32.10.3-2021.10.win32_1.0.200.202301161003/tools/bin/../lib/gcc/arm-none-eabi/10.3.1/../../../../arm-none-eabi/lib/thumb/v7e-m+fp/hard\libc_nano.a(lib_a-lock.o)
                0x000000000800af1c                __retarget_lock_acquire_recursive
 .text.__retarget_lock_release_recursive
                0x000000000800af1e        0x2 c:/st/stm32cubeide_1.12.1/stm32cubeide/plugins/com.st.stm32cube.ide.mcu.externaltools.gnu-tools-for-stm32.10.3-2021.10.win32_1.0.200.202301161003/tools/bin/../lib/gcc/arm-none-eabi/10.3.1/../../../../arm-none-eabi/lib/thumb/v7e-m+fp/hard\libc_nano.a(lib_a-lock.o)
                0x000000000800af1e                __retarget_lock_release_recursive
 .text.__swhatbuf_r
                0x000000000800af20       0x4a c:/st/stm32cubeide_1.12.1/stm32cubeide/plugins/com.st.stm32cube.ide.mcu.externaltools.gnu-tools-for-stm32.10.3-2021.10.win32_1.0.200.202301161003/tools/bin/../lib/gcc/arm-none-eabi/10.3.1/../../../../arm-none-eabi/lib/thumb/v7e-m+fp/hard\libc_nano.a(lib_a-makebuf.o)
                0x000000000800af20                __swhatbuf_r
 *fill*         0x000000000800af6a        0x2 
 .text.__smakebuf_r
                0x000000000800af6c       0x80 c:/st/stm32cubeide_1.12.1/stm32cubeide/plugins/com.st.stm32cube.ide.mcu.externaltools.gnu-tools-for-stm32.10.3-2021.10.win32_1.0.200.202301161003/tools/bin/../lib/gcc/arm-none-eabi/10.3.1/../../../../arm-none-eabi/lib/thumb/v7e-m+fp/hard\libc_nano.a(lib_a-makebuf.o)
                0x000000000800af6c                __smakebuf_r
 .text.__malloc_lock
                0x000000000800afec        0xc c:/st/stm32cubeide_1.12.1/stm32cubeide/plugins/com.st.stm32cube.ide.mcu.externaltools.gnu-tools-for-stm32.10.3-2021.10.win32_1.0.200.202301161003/tools/bin/../lib/gcc/arm-none-eabi/10.3.1/../../../../arm-none-eabi/lib/thumb/v7e-m+fp/hard\libc_nano.a(lib_a-mlock.o)
                0x000000000800afec                __malloc_lock
 .text.__malloc_unlock
                0x000000000800aff8        0xc c:/st/stm32cubeide_1.12.1/stm32cubeide/plugins/com.st.stm32cube.ide.mcu.externaltools.gnu-tools-for-stm32.10.3-2021.10.win32_1.0.200.202301161003/tools/bin/../lib/gcc/arm-none-eabi/10.3.1/../../../../arm-none-eabi/lib/thumb/v7e-m+fp/hard\libc_nano.a(lib_a-mlock.o)
                0x000000000800aff8                __malloc_unlock
 .text.__sread  0x000000000800b004       0x22 c:/st/stm32cubeide_1.12.1/stm32cubeide/plugins/com.st.stm32cube.ide.mcu.externaltools.gnu-tools-for-stm32.10.3-2021.10.win32_1.0.200.202301161003/tools/bin/../lib/gcc/arm-none-eabi/10.3.1/../../../../arm-none-eabi/lib/thumb/v7e-m+fp/hard\libc_nano.a(lib_a-stdio.o)
                0x000000000800b004                __sread
 .text.__swrite
                0x000000000800b026       0x38 c:/st/stm32cubeide_1.12.1/stm32cubeide/plugins/com.st.stm32cube.ide.mcu.externaltools.gnu-tools-for-stm32.10.3-2021.10.win32_1.0.200.202301161003/tools/bin/../lib/gcc/arm-none-eabi/10.3.1/../../../../arm-none-eabi/lib/thumb/v7e-m+fp/hard\libc_nano.a(lib_a-stdio.o)
                0x000000000800b026                __swrite
 .text.__sseek  0x000000000800b05e       0x24 c:/st/stm32cubeide_1.12.1/stm32cubeide/plugins/com.st.stm32cube.ide.mcu.externaltools.gnu-tools-for-stm32.10.3-2021.10.win32_1.0.200.202301161003/tools/bin/../lib/gcc/arm-none-eabi/10.3.1/../../../../arm-none-eabi/lib/thumb/v7e-m+fp/hard\libc_nano.a(lib_a-stdio.o)
                0x000000000800b05e                __sseek
 .text.__sclose
                0x000000000800b082        0x8 c:/st/stm32cubeide_1.12.1/stm32cubeide/plugins/com.st.stm32cube.ide.mcu.externaltools.gnu-tools-for-stm32.10.3-2021.10.win32_1.0.200.202301161003/tools/bin/../lib/gcc/arm-none-eabi/10.3.1/../../../../arm-none-eabi/lib/thumb/v7e-m+fp/hard\libc_nano.a(lib_a-stdio.o)
                0x000000000800b082                __sclose
 *fill*         0x000000000800b08a        0x2 
 .text._write_r
                0x000000000800b08c       0x24 c:/st/stm32cubeide_1.12.1/stm32cubeide/plugins/com.st.stm32cube.ide.mcu.externaltools.gnu-tools-for-stm32.10.3-2021.10.win32_1.0.200.202301161003/tools/bin/../lib/gcc/arm-none-eabi/10.3.1/../../../../arm-none-eabi/lib/thumb/v7e-m+fp/hard\libc_nano.a(lib_a-writer.o)
                0x000000000800b08c                _write_r
 .text._close_r
                0x000000000800b0b0       0x20 c:/st/stm32cubeide_1.12.1/stm32cubeide/plugins/com.st.stm32cube.ide.mcu.externaltools.gnu-tools-for-stm32.10.3-2021.10.win32_1.0.200.202301161003/tools/bin/../lib/gcc/arm-none-eabi/10.3.1/../../../../arm-none-eabi/lib/thumb/v7e-m+fp/hard\libc_nano.a(lib_a-closer.o)
                0x000000000800b0b0                _close_r
 .text._fstat_r
                0x000000000800b0d0       0x24 c:/st/stm32cubeide_1.12.1/stm32cubeide/plugins/com.st.stm32cube.ide.mcu.externaltools.gnu-tools-for-stm32.10.3-2021.10.win32_1.0.200.202301161003/tools/bin/../lib/gcc/arm-none-eabi/10.3.1/../../../../arm-none-eabi/lib/thumb/v7e-m+fp/hard\libc_nano.a(lib_a-fstatr.o)
                0x000000000800b0d0                _fstat_r
 .text._isatty_r
                0x000000000800b0f4       0x20 c:/st/stm32cubeide_1.12.1/stm32cubeide/plugins/com.st.stm32cube.ide.mcu.externaltools.gnu-tools-for-stm32.10.3-2021.10.win32_1.0.200.202301161003/tools/bin/../lib/gcc/arm-none-eabi/10.3.1/../../../../arm-none-eabi/lib/thumb/v7e-m+fp/hard\libc_nano.a(lib_a-isattyr.o)
                0x000000000800b0f4                _isatty_r
 .text._lseek_r
                0x000000000800b114       0x24 c:/st/stm32cubeide_1.12.1/stm32cubeide/plugins/com.st.stm32cube.ide.mcu.externaltools.gnu-tools-for-stm32.10.3-2021.10.win32_1.0.200.202301161003/tools/bin/../lib/gcc/arm-none-eabi/10.3.1/../../../../arm-none-eabi/lib/thumb/v7e-m+fp/hard\libc_nano.a(lib_a-lseekr.o)
                0x000000000800b114                _lseek_r
 .text._read_r  0x000000000800b138       0x24 c:/st/stm32cubeide_1.12.1/stm32cubeide/plugins/com.st.stm32cube.ide.mcu.externaltools.gnu-tools-for-stm32.10.3-2021.10.win32_1.0.200.202301161003/tools/bin/../lib/gcc/arm-none-eabi/10.3.1/../../../../arm-none-eabi/lib/thumb/v7e-m+fp/hard\libc_nano.a(lib_a-readr.o)
                0x000000000800b138                _read_r
 .text.roundf   0x000000000800b15c       0x48 c:/st/stm32cubeide_1.12.1/stm32cubeide/plugins/com.st.stm32cube.ide.mcu.externaltools.gnu-tools-for-stm32.10.3-2021.10.win32_1.0.200.202301161003/tools/bin/../lib/gcc/arm-none-eabi/10.3.1/../../../../arm-none-eabi/lib/thumb/v7e-m+fp/hard\libm.a(lib_a-sf_round.o)
                0x000000000800b15c                roundf
 .text.powf     0x000000000800b1a4       0xae c:/st/stm32cubeide_1.12.1/stm32cubeide/plugins/com.st.stm32cube.ide.mcu.externaltools.gnu-tools-for-stm32.10.3-2021.10.win32_1.0.200.202301161003/tools/bin/../lib/gcc/arm-none-eabi/10.3.1/../../../../arm-none-eabi/lib/thumb/v7e-m+fp/hard\libm.a(lib_a-wf_pow.o)
                0x000000000800b1a4                powf
 *fill*         0x000000000800b252        0x2 
 .text.__ieee754_powf
                0x000000000800b254      0x59c c:/st/stm32cubeide_1.12.1/stm32cubeide/plugins/com.st.stm32cube.ide.mcu.externaltools.gnu-tools-for-stm32.10.3-2021.10.win32_1.0.200.202301161003/tools/bin/../lib/gcc/arm-none-eabi/10.3.1/../../../../arm-none-eabi/lib/thumb/v7e-m+fp/hard\libm.a(lib_a-ef_pow.o)
                0x000000000800b254                __ieee754_powf
 .text.__ieee754_sqrtf
                0x000000000800b7f0        0x6 c:/st/stm32cubeide_1.12.1/stm32cubeide/plugins/com.st.stm32cube.ide.mcu.externaltools.gnu-tools-for-stm32.10.3-2021.10.win32_1.0.200.202301161003/tools/bin/../lib/gcc/arm-none-eabi/10.3.1/../../../../arm-none-eabi/lib/thumb/v7e-m+fp/hard\libm.a(lib_a-ef_sqrt.o)
                0x000000000800b7f0                __ieee754_sqrtf
 .text.with_errnof
                0x000000000800b7f6       0x16 c:/st/stm32cubeide_1.12.1/stm32cubeide/plugins/com.st.stm32cube.ide.mcu.externaltools.gnu-tools-for-stm32.10.3-2021.10.win32_1.0.200.202301161003/tools/bin/../lib/gcc/arm-none-eabi/10.3.1/../../../../arm-none-eabi/lib/thumb/v7e-m+fp/hard\libm.a(lib_a-math_errf.o)
 .text.xflowf   0x000000000800b80c       0x16 c:/st/stm32cubeide_1.12.1/stm32cubeide/plugins/com.st.stm32cube.ide.mcu.externaltools.gnu-tools-for-stm32.10.3-2021.10.win32_1.0.200.202301161003/tools/bin/../lib/gcc/arm-none-eabi/10.3.1/../../../../arm-none-eabi/lib/thumb/v7e-m+fp/hard\libm.a(lib_a-math_errf.o)
 *fill*         0x000000000800b822        0x2 
 .text.__math_uflowf
                0x000000000800b824        0xc c:/st/stm32cubeide_1.12.1/stm32cubeide/plugins/com.st.stm32cube.ide.mcu.externaltools.gnu-tools-for-stm32.10.3-2021.10.win32_1.0.200.202301161003/tools/bin/../lib/gcc/arm-none-eabi/10.3.1/../../../../arm-none-eabi/lib/thumb/v7e-m+fp/hard\libm.a(lib_a-math_errf.o)
                0x000000000800b824                __math_uflowf
 .text.__math_oflowf
                0x000000000800b830        0xc c:/st/stm32cubeide_1.12.1/stm32cubeide/plugins/com.st.stm32cube.ide.mcu.externaltools.gnu-tools-for-stm32.10.3-2021.10.win32_1.0.200.202301161003/tools/bin/../lib/gcc/arm-none-eabi/10.3.1/../../../../arm-none-eabi/lib/thumb/v7e-m+fp/hard\libm.a(lib_a-math_errf.o)
                0x000000000800b830                __math_oflowf
 .text.fabsf    0x000000000800b83c        0xe c:/st/stm32cubeide_1.12.1/stm32cubeide/plugins/com.st.stm32cube.ide.mcu.externaltools.gnu-tools-for-stm32.10.3-2021.10.win32_1.0.200.202301161003/tools/bin/../lib/gcc/arm-none-eabi/10.3.1/../../../../arm-none-eabi/lib/thumb/v7e-m+fp/hard\libm.a(lib_a-sf_fabs.o)
                0x000000000800b83c                fabsf
 .text.finitef  0x000000000800b84a       0x1a c:/st/stm32cubeide_1.12.1/stm32cubeide/plugins/com.st.stm32cube.ide.mcu.externaltools.gnu-tools-for-stm32.10.3-2021.10.win32_1.0.200.202301161003/tools/bin/../lib/gcc/arm-none-eabi/10.3.1/../../../../arm-none-eabi/lib/thumb/v7e-m+fp/hard\libm.a(lib_a-sf_finite.o)
                0x000000000800b84a                finitef
 .text.scalbnf  0x000000000800b864       0xe4 c:/st/stm32cubeide_1.12.1/stm32cubeide/plugins/com.st.stm32cube.ide.mcu.externaltools.gnu-tools-for-stm32.10.3-2021.10.win32_1.0.200.202301161003/tools/bin/../lib/gcc/arm-none-eabi/10.3.1/../../../../arm-none-eabi/lib/thumb/v7e-m+fp/hard\libm.a(lib_a-sf_scalbn.o)
                0x000000000800b864                scalbnf
 *(.glue_7)
 .glue_7        0x000000000800b948        0x0 linker stubs
 *(.glue_7t)
 .glue_7t       0x000000000800b948        0x0 linker stubs
 *(.eh_frame)
 .eh_frame      0x000000000800b948        0x0 c:/st/stm32cubeide_1.12.1/stm32cubeide/plugins/com.st.stm32cube.ide.mcu.externaltools.gnu-tools-for-stm32.10.3-2021.10.win32_1.0.200.202301161003/tools/bin/../lib/gcc/arm-none-eabi/10.3.1/thumb/v7e-m+fp/hard/crtbegin.o
 *(.init)
 .init          0x000000000800b948        0x4 c:/st/stm32cubeide_1.12.1/stm32cubeide/plugins/com.st.stm32cube.ide.mcu.externaltools.gnu-tools-for-stm32.10.3-2021.10.win32_1.0.200.202301161003/tools/bin/../lib/gcc/arm-none-eabi/10.3.1/thumb/v7e-m+fp/hard/crti.o
                0x000000000800b948                _init
 .init          0x000000000800b94c        0x8 c:/st/stm32cubeide_1.12.1/stm32cubeide/plugins/com.st.stm32cube.ide.mcu.externaltools.gnu-tools-for-stm32.10.3-2021.10.win32_1.0.200.202301161003/tools/bin/../lib/gcc/arm-none-eabi/10.3.1/thumb/v7e-m+fp/hard/crtn.o
 *(.fini)
 .fini          0x000000000800b954        0x4 c:/st/stm32cubeide_1.12.1/stm32cubeide/plugins/com.st.stm32cube.ide.mcu.externaltools.gnu-tools-for-stm32.10.3-2021.10.win32_1.0.200.202301161003/tools/bin/../lib/gcc/arm-none-eabi/10.3.1/thumb/v7e-m+fp/hard/crti.o
                0x000000000800b954                _fini
 .fini          0x000000000800b958        0x8 c:/st/stm32cubeide_1.12.1/stm32cubeide/plugins/com.st.stm32cube.ide.mcu.externaltools.gnu-tools-for-stm32.10.3-2021.10.win32_1.0.200.202301161003/tools/bin/../lib/gcc/arm-none-eabi/10.3.1/thumb/v7e-m+fp/hard/crtn.o
                0x000000000800b960                . = ALIGN (0x4)
                0x000000000800b960                _etext = .

.vfp11_veneer   0x000000000800b960        0x0
 .vfp11_veneer  0x000000000800b960        0x0 linker stubs

.v4_bx          0x000000000800b960        0x0
 .v4_bx         0x000000000800b960        0x0 linker stubs

.iplt           0x000000000800b960        0x0
 .iplt          0x000000000800b960        0x0 c:/st/stm32cubeide_1.12.1/stm32cubeide/plugins/com.st.stm32cube.ide.mcu.externaltools.gnu-tools-for-stm32.10.3-2021.10.win32_1.0.200.202301161003/tools/bin/../lib/gcc/arm-none-eabi/10.3.1/thumb/v7e-m+fp/hard/crtbegin.o

.rodata         0x000000000800b960    0x3d500
                0x000000000800b960                . = ALIGN (0x4)
 *(.rodata)
 .rodata        0x000000000800b960       0x38 ../Middlewares/ST/STM32_Audio/Addons/PDM/Lib/\libPDMFilter_CM4_GCC_wc32.a(pdm_filter.o)
 *(.rodata*)
 .rodata.GPIO_PIN
                0x000000000800b998        0x8 ./Drivers/BSP/STM32F4-Discovery/stm32f4_discovery.o
                0x000000000800b998                GPIO_PIN
 .rodata.flagBitshiftOffset.0
                0x000000000800b9a0        0x8 ./Drivers/STM32F4xx_HAL_Driver/Src/stm32f4xx_hal_dma.o
 .rodata.inference_callback.str1.4
                0x000000000800b9a8       0x87 ./Src/main.o
                                         0x8b (size before relaxing)
 *fill*         0x000000000800ba2f        0x1 
 .rodata.wake_word_callback.str1.4
                0x000000000800ba30        0xc ./Src/main.o
 .rodata.main.str1.4
                0x000000000800ba3c      0x12f ./Src/main.o
 *fill*         0x000000000800bb6b        0x5 
 .rodata.CONTEXT_ARRAY
                0x000000000800bb70      0xfdc ./Src/main.o
 .rodata.KEYWORD_ARRAY
                0x000000000800cb4c      0x3bc ./Src/main.o
 .rodata.AHBPrescTable
                0x000000000800cf08       0x10 ./Src/system_stm32f4xx.o
                0x000000000800cf08                AHBPrescTable
 .rodata.APBPrescTable
                0x000000000800cf18        0x8 ./Src/system_stm32f4xx.o
                0x000000000800cf18                APBPrescTable
 .rodata.uartTx.str1.4
                0x000000000800cf20       0x2a ./Src/uartSendInit.o
 *fill*         0x000000000800cf4a        0x2 
 .rodata.str1.4
                0x000000000800cf4c       0xcf ../sdk/mcu/lib/stm32f407/en\libpicovoice.a(picovoice.o)
 *fill*         0x000000000800d01b        0x1 
 .rodata.STRINGS.0
                0x000000000800d01c       0x30 ../sdk/mcu/lib/stm32f407/en\libpicovoice.a(picovoice.o)
 .rodata.taabe567.str1.4
                0x000000000800d04c      0x1d0 ../sdk/mcu/lib/stm32f407/en\libpicovoice.a(pv_porcupine.o)
 .rodata.taabe24.str1.4
                0x000000000800d21c       0x7e ../sdk/mcu/lib/stm32f407/en\libpicovoice.a(pv_porcupine_internal.o)
 *fill*         0x000000000800d29a        0x2 
 .rodata.taabe85.str1.4
                0x000000000800d29c      0x1e2 ../sdk/mcu/lib/stm32f407/en\libpicovoice.a(pv_porcupine_internal.o)
                                        0x1ea (size before relaxing)
 *fill*         0x000000000800d47e        0x2 
 .rodata.pv_rhino_parse_context.str1.4
                0x000000000800d480      0x149 ../sdk/mcu/lib/stm32f407/en\libpicovoice.a(pv_rhino.o)
                                        0x18d (size before relaxing)
 *fill*         0x000000000800d5c9        0x3 
 .rodata.taabe279.part.0.str1.4
                0x000000000800d5cc      0x11c ../sdk/mcu/lib/stm32f407/en\libpicovoice.a(pv_rhino.o)
                                        0x19f (size before relaxing)
 .rodata.taabe714.str1.4
                0x000000000800d6e8        0x2 ../sdk/mcu/lib/stm32f407/en\libpicovoice.a(pv_rhino_decoder_fancy_slots.o)
                                          0x6 (size before relaxing)
 *fill*         0x000000000800d6ea        0x2 
 .rodata.str1.4
                0x000000000800d6ec       0x9b ../sdk/mcu/lib/stm32f407/en\libpicovoice.a(pv_language_info_en.o)
                                         0xa3 (size before relaxing)
 *fill*         0x000000000800d787        0x1 
 .rodata.PV_LANGUAGE_INFO
                0x000000000800d788       0x10 ../sdk/mcu/lib/stm32f407/en\libpicovoice.a(pv_language_info_en.o)
                0x000000000800d788                PV_LANGUAGE_INFO
 .rodata.BINS.2
                0x000000000800d798       0x54 ../sdk/mcu/lib/stm32f407/en\libpicovoice.a(pv_filterbank.o)
 .rodata.WEIGHT_DECREMENTS.0
                0x000000000800d7ec       0xa0 ../sdk/mcu/lib/stm32f407/en\libpicovoice.a(pv_filterbank.o)
 .rodata.WEIGHT_INCREMENTS.1
                0x000000000800d88c       0xa0 ../sdk/mcu/lib/stm32f407/en\libpicovoice.a(pv_filterbank.o)
 .rodata.HALF_HANN_WINDOW
                0x000000000800d92c      0x400 ../sdk/mcu/lib/stm32f407/en\libpicovoice.a(pv_stft.o)
 .rodata.str1.4
                0x000000000800dd2c       0x11 ../sdk/mcu/lib/stm32f407/en\libpicovoice.a(pv_access.o)
 *fill*         0x000000000800dd3d        0x3 
 .rodata.BIT_REVERSAL_TABLE
                0x000000000800dd40      0x200 ../sdk/mcu/lib/stm32f407/en\libpicovoice.a(pv_fft.o)
 .rodata.SIN_TABLE
                0x000000000800df40      0x600 ../sdk/mcu/lib/stm32f407/en\libpicovoice.a(pv_fft.o)
 .rodata.PV_EXP_LSB_TABLE
                0x000000000800e540      0x200 ../sdk/mcu/lib/stm32f407/en\libpicovoice.a(pv_math.o)
 .rodata.PV_EXP_MSB_TABLE
                0x000000000800e740      0x200 ../sdk/mcu/lib/stm32f407/en\libpicovoice.a(pv_math.o)
 .rodata.PV_LOG10_TABLE
                0x000000000800e940      0x402 ../sdk/mcu/lib/stm32f407/en\libpicovoice.a(pv_math.o)
 *fill*         0x000000000800ed42        0x2 
 .rodata.PV_SIGMOID_TABLE
                0x000000000800ed44      0x202 ../sdk/mcu/lib/stm32f407/en\libpicovoice.a(pv_math.o)
 *fill*         0x000000000800ef46        0x2 
 .rodata.FEATURE_NORMALIZATION_MEAN
                0x000000000800ef48       0x50 ../sdk/mcu/lib/stm32f407/en\libpicovoice.a(pv_classifier_80_cortexm.o)
 .rodata.FEATURE_NORMALIZATION_STD_RECIPROCAL
                0x000000000800ef98       0x50 ../sdk/mcu/lib/stm32f407/en\libpicovoice.a(pv_classifier_80_cortexm.o)
 .rodata.NORMALIZATION_PARAM
                0x000000000800efe8        0xc ../sdk/mcu/lib/stm32f407/en\libpicovoice.a(pv_classifier_80_cortexm.o)
 .rodata.PV_PORCUPINE_CLASSIFIER_PARAM
                0x000000000800eff4       0x14 ../sdk/mcu/lib/stm32f407/en\libpicovoice.a(pv_classifier_80_cortexm.o)
                0x000000000800eff4                PV_PORCUPINE_CLASSIFIER_PARAM
 .rodata.RNN_0_PARAM
                0x000000000800f008        0x8 ../sdk/mcu/lib/stm32f407/en\libpicovoice.a(pv_classifier_80_cortexm.o)
 .rodata.RNN_1_PARAM
                0x000000000800f010        0x8 ../sdk/mcu/lib/stm32f407/en\libpicovoice.a(pv_classifier_80_cortexm.o)
 .rodata.RNN_2_PARAM
                0x000000000800f018        0x8 ../sdk/mcu/lib/stm32f407/en\libpicovoice.a(pv_classifier_80_cortexm.o)
 .rodata.RNN_3_PARAM
                0x000000000800f020        0x8 ../sdk/mcu/lib/stm32f407/en\libpicovoice.a(pv_classifier_80_cortexm.o)
 .rodata.RNN_4_PARAM
                0x000000000800f028        0x8 ../sdk/mcu/lib/stm32f407/en\libpicovoice.a(pv_classifier_80_cortexm.o)
 .rodata.RNN_5_PARAM
                0x000000000800f030        0x8 ../sdk/mcu/lib/stm32f407/en\libpicovoice.a(pv_classifier_80_cortexm.o)
 .rodata.SOFTMAX_BIAS
                0x000000000800f038       0x28 ../sdk/mcu/lib/stm32f407/en\libpicovoice.a(pv_classifier_80_cortexm.o)
 .rodata.SOFTMAX_FC_PARAM
                0x000000000800f060       0x10 ../sdk/mcu/lib/stm32f407/en\libpicovoice.a(pv_classifier_80_cortexm.o)
 .rodata.SOFTMAX_WEIGHT