Archive member included to satisfy reference by file (symbol)

../Middlewares/ST/STM32_Audio/Addons/PDM/Lib/\libPDMFilter_CM4_GCC_wc32.a(pdm_filter.o)
                              ./Drivers/BSP/STM32F4-Discovery/stm32f4_discovery_audio.o (PDM_Filter_Init)
../Middlewares/ST/STM32_Audio/Addons/PDM/Lib/\libPDMFilter_CM4_GCC_wc32.a(stm32_crc_lock.o)
                              ../Middlewares/ST/STM32_Audio/Addons/PDM/Lib/\libPDMFilter_CM4_GCC_wc32.a(pdm_filter.o) (CRC_Lock)
../../../../../sdk/mcu/lib/stm32f407/zh\libpicovoice.a(picovoice.o)
                              ./Src/main.o (pv_status_to_string)
../../../../../sdk/mcu/lib/stm32f407/zh\libpicovoice.a(pv_picovoice.o)
                              ./Src/main.o (pv_inference_delete)
../../../../../sdk/mcu/lib/stm32f407/zh\libpicovoice.a(pv_porcupine.o)
                              ../../../../../sdk/mcu/lib/stm32f407/zh\libpicovoice.a(pv_picovoice.o) (pv_porcupine_init)
../../../../../sdk/mcu/lib/stm32f407/zh\libpicovoice.a(pv_porcupine_internal.o)
                              ../../../../../sdk/mcu/lib/stm32f407/zh\libpicovoice.a(pv_porcupine.o) (taabe24)
../../../../../sdk/mcu/lib/stm32f407/zh\libpicovoice.a(pv_rhino.o)
                              ../../../../../sdk/mcu/lib/stm32f407/zh\libpicovoice.a(pv_picovoice.o) (pv_rhino_init)
../../../../../sdk/mcu/lib/stm32f407/zh\libpicovoice.a(pv_rhino_context.o)
                              ../../../../../sdk/mcu/lib/stm32f407/zh\libpicovoice.a(pv_rhino.o) (taabe616)
../../../../../sdk/mcu/lib/stm32f407/zh\libpicovoice.a(pv_rhino_decoder.o)
                              ../../../../../sdk/mcu/lib/stm32f407/zh\libpicovoice.a(pv_rhino.o) (taabe64)
../../../../../sdk/mcu/lib/stm32f407/zh\libpicovoice.a(pv_rhino_decoder_fancy_slots.o)
                              ../../../../../sdk/mcu/lib/stm32f407/zh\libpicovoice.a(pv_rhino_decoder.o) (taabe714)
../../../../../sdk/mcu/lib/stm32f407/zh\libpicovoice.a(pv_cipher.o)
                              ../../../../../sdk/mcu/lib/stm32f407/zh\libpicovoice.a(pv_porcupine_internal.o) (taabe490)
../../../../../sdk/mcu/lib/stm32f407/zh\libpicovoice.a(pv_language.o)
                              ../../../../../sdk/mcu/lib/stm32f407/zh\libpicovoice.a(pv_porcupine.o) (taabe267)
../../../../../sdk/mcu/lib/stm32f407/zh\libpicovoice.a(pv_language_info_zh.o)
                              ../../../../../sdk/mcu/lib/stm32f407/zh\libpicovoice.a(pv_porcupine_internal.o) (PV_LANGUAGE_INFO)
../../../../../sdk/mcu/lib/stm32f407/zh\libpicovoice.a(pv_memory.o)
                              ../../../../../sdk/mcu/lib/stm32f407/zh\libpicovoice.a(pv_porcupine.o) (taabe653)
../../../../../sdk/mcu/lib/stm32f407/zh\libpicovoice.a(pv_filterbank.o)
                              ../../../../../sdk/mcu/lib/stm32f407/zh\libpicovoice.a(pv_porcupine_internal.o) (taabe734)
../../../../../sdk/mcu/lib/stm32f407/zh\libpicovoice.a(pv_stft.o)
                              ../../../../../sdk/mcu/lib/stm32f407/zh\libpicovoice.a(pv_filterbank.o) (taabe378)
../../../../../sdk/mcu/lib/stm32f407/zh\libpicovoice.a(pv_access.o)
                              ../../../../../sdk/mcu/lib/stm32f407/zh\libpicovoice.a(pv_picovoice.o) (taabe572)
../../../../../sdk/mcu/lib/stm32f407/zh\libpicovoice.a(pv_log.o)
                              ../../../../../sdk/mcu/lib/stm32f407/zh\libpicovoice.a(pv_porcupine.o) (taabe250)
../../../../../sdk/mcu/lib/stm32f407/zh\libpicovoice.a(pv_fft.o)
                              ../../../../../sdk/mcu/lib/stm32f407/zh\libpicovoice.a(pv_stft.o) (taabe72)
../../../../../sdk/mcu/lib/stm32f407/zh\libpicovoice.a(pv_math.o)
                              ../../../../../sdk/mcu/lib/stm32f407/zh\libpicovoice.a(pv_porcupine_internal.o) (taabe312)
../../../../../sdk/mcu/lib/stm32f407/zh\libpicovoice.a(pv_online_token_classifier.o)
                              ../../../../../sdk/mcu/lib/stm32f407/zh\libpicovoice.a(pv_porcupine_internal.o) (taabe194)
../../../../../sdk/mcu/lib/stm32f407/zh\libpicovoice.a(pv_fc.o)
                              ../../../../../sdk/mcu/lib/stm32f407/zh\libpicovoice.a(pv_online_token_classifier.o) (taabe703)
../../../../../sdk/mcu/lib/stm32f407/zh\libpicovoice.a(pv_rnn.o)
                              ../../../../../sdk/mcu/lib/stm32f407/zh\libpicovoice.a(pv_online_token_classifier.o) (taabe288)
../../../../../sdk/mcu/lib/stm32f407/zh\libpicovoice.a(pv_softmax.o)
                              ../../../../../sdk/mcu/lib/stm32f407/zh\libpicovoice.a(pv_online_token_classifier.o) (taabe358)
../../../../../sdk/mcu/lib/stm32f407/zh\libpicovoice.a(pv_classifier_80_zh_cortexm.o)
                              ../../../../../sdk/mcu/lib/stm32f407/zh\libpicovoice.a(pv_porcupine_internal.o) (PV_PORCUPINE_CLASSIFIER_PARAM)
../../../../../sdk/mcu/lib/stm32f407/zh\libpicovoice.a(pv_porcupine_decoder.o)
                              ../../../../../sdk/mcu/lib/stm32f407/zh\libpicovoice.a(pv_porcupine_internal.o) (taabe521)
[...]
Memory Configuration

Name             Origin             Length             Attributes
RAM              0x0000000020000000 0x0000000000020000 xrw
FLASH            0x0000000008000000 0x0000000000100000 xr
*default*        0x0000000000000000 0xffffffffffffffff

Linker script and memory map

LOAD c:/st/stm32cubeide_1.12.1/stm32cubeide/plugins/com.st.stm32cube.ide.mcu.externaltools.gnu-tools-for-stm32.10.3-2021.10.win32_1.0.200.202301161003/tools/bin/../lib/gcc/arm-none-eabi/10.3.1/thumb/v7e-m+fp/hard/crti.o
LOAD c:/st/stm32cubeide_1.12.1/stm32cubeide/plugins/com.st.stm32cube.ide.mcu.externaltools.gnu-tools-for-stm32.10.3-2021.10.win32_1.0.200.202301161003/tools/bin/../lib/gcc/arm-none-eabi/10.3.1/thumb/v7e-m+fp/hard/crtbegin.o
LOAD c:/st/stm32cubeide_1.12.1/stm32cubeide/plugins/com.st.stm32cube.ide.mcu.externaltools.gnu-tools-for-stm32.10.3-2021.10.win32_1.0.200.202301161003/tools/bin/../lib/gcc/arm-none-eabi/10.3.1/../../../../arm-none-eabi/lib/thumb/v7e-m+fp/hard/crt0.o
LOAD ./Drivers/BSP/Components/cs43l22/cs43l22.o
LOAD ./Drivers/BSP/STM32F4-Discovery/stm32f4_discovery.o
LOAD ./Drivers/BSP/STM32F4-Discovery/stm32f4_discovery_audio.o
LOAD ./Drivers/STM32F4xx_HAL_Driver/Src/Legacy/stm32f4xx_hal_can.o
LOAD ./Drivers/STM32F4xx_HAL_Driver/Src/stm32f4xx_hal.o
LOAD ./Drivers/STM32F4xx_HAL_Driver/Src/stm32f4xx_hal_cortex.o
LOAD ./Drivers/STM32F4xx_HAL_Driver/Src/stm32f4xx_hal_dma.o
LOAD ./Drivers/STM32F4xx_HAL_Driver/Src/stm32f4xx_hal_gpio.o
LOAD ./Drivers/STM32F4xx_HAL_Driver/Src/stm32f4xx_hal_i2c.o
LOAD ./Drivers/STM32F4xx_HAL_Driver/Src/stm32f4xx_hal_i2s.o
LOAD ./Drivers/STM32F4xx_HAL_Driver/Src/stm32f4xx_hal_i2s_ex.o
LOAD ./Drivers/STM32F4xx_HAL_Driver/Src/stm32f4xx_hal_rcc.o
LOAD ./Drivers/STM32F4xx_HAL_Driver/Src/stm32f4xx_hal_rcc_ex.o
LOAD ./Drivers/STM32F4xx_HAL_Driver/Src/stm32f4xx_ll_pwr.o
LOAD ./Src/main.o
LOAD ./Src/pv_audio_rec.o
LOAD ./Src/pv_st_f407.o
LOAD ./Src/stm32f4xx_it.o
LOAD ./Src/syscalls.o
LOAD ./Src/system_stm32f4xx.o
LOAD ./Startup/startup_stm32f407xx.o
LOAD ../Middlewares/ST/STM32_Audio/Addons/PDM/Lib/\libPDMFilter_CM4_GCC_wc32.a
LOAD ../../../../../sdk/mcu/lib/stm32f407/zh\libpicovoice.a
START GROUP
LOAD c:/st/stm32cubeide_1.12.1/stm32cubeide/plugins/com.st.stm32cube.ide.mcu.externaltools.gnu-tools-for-stm32.10.3-2021.10.win32_1.0.200.202301161003/tools/bin/../lib/gcc/arm-none-eabi/10.3.1/../../../../arm-none-eabi/lib/thumb/v7e-m+fp/hard\libc_nano.a
LOAD c:/st/stm32cubeide_1.12.1/stm32cubeide/plugins/com.st.stm32cube.ide.mcu.externaltools.gnu-tools-for-stm32.10.3-2021.10.win32_1.0.200.202301161003/tools/bin/../lib/gcc/arm-none-eabi/10.3.1/../../../../arm-none-eabi/lib/thumb/v7e-m+fp/hard\libm.a
END GROUP
START GROUP
LOAD c:/st/stm32cubeide_1.12.1/stm32cubeide/plugins/com.st.stm32cube.ide.mcu.externaltools.gnu-tools-for-stm32.10.3-2021.10.win32_1.0.200.202301161003/tools/bin/../lib/gcc/arm-none-eabi/10.3.1/thumb/v7e-m+fp/hard\libgcc.a
LOAD c:/st/stm32cubeide_1.12.1/stm32cubeide/plugins/com.st.stm32cube.ide.mcu.externaltools.gnu-tools-for-stm32.10.3-2021.10.win32_1.0.200.202301161003/tools/bin/../lib/gcc/arm-none-eabi/10.3.1/../../../../arm-none-eabi/lib/thumb/v7e-m+fp/hard\libc_nano.a
END GROUP
START GROUP
LOAD c:/st/stm32cubeide_1.12.1/stm32cubeide/plugins/com.st.stm32cube.ide.mcu.externaltools.gnu-tools-for-stm32.10.3-2021.10.win32_1.0.200.202301161003/tools/bin/../lib/gcc/arm-none-eabi/10.3.1/thumb/v7e-m+fp/hard\libgcc.a
LOAD c:/st/stm32cubeide_1.12.1/stm32cubeide/plugins/com.st.stm32cube.ide.mcu.externaltools.gnu-tools-for-stm32.10.3-2021.10.win32_1.0.200.202301161003/tools/bin/../lib/gcc/arm-none-eabi/10.3.1/../../../../arm-none-eabi/lib/thumb/v7e-m+fp/hard\libc_nano.a
LOAD c:/st/stm32cubeide_1.12.1/stm32cubeide/plugins/com.st.stm32cube.ide.mcu.externaltools.gnu-tools-for-stm32.10.3-2021.10.win32_1.0.200.202301161003/tools/bin/../lib/gcc/arm-none-eabi/10.3.1/../../../../arm-none-eabi/lib/thumb/v7e-m+fp/hard\libnosys.a
END GROUP
START GROUP
LOAD c:/st/stm32cubeide_1.12.1/stm32cubeide/plugins/com.st.stm32cube.ide.mcu.externaltools.gnu-tools-for-stm32.10.3-2021.10.win32_1.0.200.202301161003/tools/bin/../lib/gcc/arm-none-eabi/10.3.1/thumb/v7e-m+fp/hard\libgcc.a
LOAD c:/st/stm32cubeide_1.12.1/stm32cubeide/plugins/com.st.stm32cube.ide.mcu.externaltools.gnu-tools-for-stm32.10.3-2021.10.win32_1.0.200.202301161003/tools/bin/../lib/gcc/arm-none-eabi/10.3.1/../../../../arm-none-eabi/lib/thumb/v7e-m+fp/hard\libc_nano.a
LOAD c:/st/stm32cubeide_1.12.1/stm32cubeide/plugins/com.st.stm32cube.ide.mcu.externaltools.gnu-tools-for-stm32.10.3-2021.10.win32_1.0.200.202301161003/tools/bin/../lib/gcc/arm-none-eabi/10.3.1/../../../../arm-none-eabi/lib/thumb/v7e-m+fp/hard\libnosys.a
END GROUP
LOAD c:/st/stm32cubeide_1.12.1/stm32cubeide/plugins/com.st.stm32cube.ide.mcu.externaltools.gnu-tools-for-stm32.10.3-2021.10.win32_1.0.200.202301161003/tools/bin/../lib/gcc/arm-none-eabi/10.3.1/thumb/v7e-m+fp/hard/crtend.o
LOAD c:/st/stm32cubeide_1.12.1/stm32cubeide/plugins/com.st.stm32cube.ide.mcu.externaltools.gnu-tools-for-stm32.10.3-2021.10.win32_1.0.200.202301161003/tools/bin/../lib/gcc/arm-none-eabi/10.3.1/thumb/v7e-m+fp/hard/crtn.o
                0x0000000020020000                _estack = (ORIGIN (RAM) + LENGTH (RAM))
                0x0000000000000200                _Min_Heap_Size = 0x200
                0x0000000000000400                _Min_Stack_Size = 0x400

.isr_vector     0x0000000008000000      0x188
                0x0000000008000000                . = ALIGN (0x4)
 *(.isr_vector)
 .isr_vector    0x0000000008000000      0x188 ./Startup/startup_stm32f407xx.o
                0x0000000008000000                g_pfnVectors
                0x0000000008000188                . = ALIGN (0x4)

.text           0x0000000008000190     0xade8
                0x0000000008000190                . = ALIGN (0x4)
 *(.text)
 .text          0x0000000008000190       0x40 c:/st/stm32cubeide_1.12.1/stm32cubeide/plugins/com.st.stm32cube.ide.mcu.externaltools.gnu-tools-for-stm32.10.3-2021.10.win32_1.0.200.202301161003/tools/bin/../lib/gcc/arm-none-eabi/10.3.1/thumb/v7e-m+fp/hard/crtbegin.o
 .text          0x00000000080001d0       0x10 c:/st/stm32cubeide_1.12.1/stm32cubeide/plugins/com.st.stm32cube.ide.mcu.externaltools.gnu-tools-for-stm32.10.3-2021.10.win32_1.0.200.202301161003/tools/bin/../lib/gcc/arm-none-eabi/10.3.1/../../../../arm-none-eabi/lib/thumb/v7e-m+fp/hard\libc_nano.a(lib_a-strlen.o)
                0x00000000080001d0                strlen
 .text          0x00000000080001e0       0xa0 c:/st/stm32cubeide_1.12.1/stm32cubeide/plugins/com.st.stm32cube.ide.mcu.externaltools.gnu-tools-for-stm32.10.3-2021.10.win32_1.0.200.202301161003/tools/bin/../lib/gcc/arm-none-eabi/10.3.1/../../../../arm-none-eabi/lib/thumb/v7e-m+fp/hard\libc_nano.a(lib_a-memchr.o)
                0x00000000080001e0                memchr
 .text          0x0000000008000280      0x378 c:/st/stm32cubeide_1.12.1/stm32cubeide/plugins/com.st.stm32cube.ide.mcu.externaltools.gnu-tools-for-stm32.10.3-2021.10.win32_1.0.200.202301161003/tools/bin/../lib/gcc/arm-none-eabi/10.3.1/thumb/v7e-m+fp/hard\libgcc.a(_arm_addsubdf3.o)
                0x0000000008000280                __aeabi_drsub
                0x0000000008000288                __aeabi_dsub
                0x0000000008000288                __subdf3
                0x000000000800028c                __aeabi_dadd
                0x000000000800028c                __adddf3
                0x0000000008000504                __floatunsidf
                0x0000000008000504                __aeabi_ui2d
                0x0000000008000524                __floatsidf
                0x0000000008000524                __aeabi_i2d
                0x0000000008000548                __aeabi_f2d
                0x0000000008000548                __extendsfdf2
                0x000000000800058c                __floatundidf
                0x000000000800058c                __aeabi_ul2d
                0x000000000800059c                __floatdidf
                0x000000000800059c                __aeabi_l2d
 .text          0x00000000080005f8       0xa0 c:/st/stm32cubeide_1.12.1/stm32cubeide/plugins/com.st.stm32cube.ide.mcu.externaltools.gnu-tools-for-stm32.10.3-2021.10.win32_1.0.200.202301161003/tools/bin/../lib/gcc/arm-none-eabi/10.3.1/thumb/v7e-m+fp/hard\libgcc.a(_aeabi_ldivmod.o)
                0x00000000080005f8                __aeabi_ldivmod
 .text          0x0000000008000698       0x30 c:/st/stm32cubeide_1.12.1/stm32cubeide/plugins/com.st.stm32cube.ide.mcu.externaltools.gnu-tools-for-stm32.10.3-2021.10.win32_1.0.200.202301161003/tools/bin/../lib/gcc/arm-none-eabi/10.3.1/thumb/v7e-m+fp/hard\libgcc.a(_aeabi_uldivmod.o)
                0x0000000008000698                __aeabi_uldivmod
 .text          0x00000000080006c8       0x28 c:/st/stm32cubeide_1.12.1/stm32cubeide/plugins/com.st.stm32cube.ide.mcu.externaltools.gnu-tools-for-stm32.10.3-2021.10.win32_1.0.200.202301161003/tools/bin/../lib/gcc/arm-none-eabi/10.3.1/thumb/v7e-m+fp/hard\libgcc.a(_fixsfdi.o)
                0x00000000080006c8                __fixsfdi
                0x00000000080006c8                __aeabi_f2lz
 .text          0x00000000080006f0       0x40 c:/st/stm32cubeide_1.12.1/stm32cubeide/plugins/com.st.stm32cube.ide.mcu.externaltools.gnu-tools-for-stm32.10.3-2021.10.win32_1.0.200.202301161003/tools/bin/../lib/gcc/arm-none-eabi/10.3.1/thumb/v7e-m+fp/hard\libgcc.a(_fixunssfdi.o)
                0x00000000080006f0                __fixunssfdi
                0x00000000080006f0                __aeabi_f2ulz
 .text          0x0000000008000730      0x2d0 c:/st/stm32cubeide_1.12.1/stm32cubeide/plugins/com.st.stm32cube.ide.mcu.externaltools.gnu-tools-for-stm32.10.3-2021.10.win32_1.0.200.202301161003/tools/bin/../lib/gcc/arm-none-eabi/10.3.1/thumb/v7e-m+fp/hard\libgcc.a(_udivmoddi4.o)
                0x0000000008000730                __udivmoddi4
 .text          0x0000000008000a00      0x254 c:/st/stm32cubeide_1.12.1/stm32cubeide/plugins/com.st.stm32cube.ide.mcu.externaltools.gnu-tools-for-stm32.10.3-2021.10.win32_1.0.200.202301161003/tools/bin/../lib/gcc/arm-none-eabi/10.3.1/thumb/v7e-m+fp/hard\libgcc.a(_arm_muldf3.o)
                0x0000000008000a00                __muldf3
                0x0000000008000a00                __aeabi_dmul
 .text          0x0000000008000c54        0x4 c:/st/stm32cubeide_1.12.1/stm32cubeide/plugins/com.st.stm32cube.ide.mcu.externaltools.gnu-tools-for-stm32.10.3-2021.10.win32_1.0.200.202301161003/tools/bin/../lib/gcc/arm-none-eabi/10.3.1/thumb/v7e-m+fp/hard\libgcc.a(_dvmd_tls.o)
                0x0000000008000c54                __aeabi_idiv0
                0x0000000008000c54                __aeabi_ldiv0
 .text          0x0000000008000c58       0x40 c:/st/stm32cubeide_1.12.1/stm32cubeide/plugins/com.st.stm32cube.ide.mcu.externaltools.gnu-tools-for-stm32.10.3-2021.10.win32_1.0.200.202301161003/tools/bin/../lib/gcc/arm-none-eabi/10.3.1/thumb/v7e-m+fp/hard\libgcc.a(_arm_fixunsdfsi.o)
                0x0000000008000c58                __aeabi_d2uiz
                0x0000000008000c58                __fixunsdfsi
 *(.text*)
 .text.BSP_LED_Init
                0x0000000008000c98       0xb4 ./Drivers/BSP/STM32F4-Discovery/stm32f4_discovery.o
                0x0000000008000c98                BSP_LED_Init
 .text.BSP_LED_On
                0x0000000008000d4c       0x1c ./Drivers/BSP/STM32F4-Discovery/stm32f4_discovery.o
                0x0000000008000d4c                BSP_LED_On
 .text.BSP_LED_Off
                0x0000000008000d68       0x1c ./Drivers/BSP/STM32F4-Discovery/stm32f4_discovery.o
                0x0000000008000d68                BSP_LED_Off
 .text.BSP_LED_Toggle
                0x0000000008000d84       0x18 ./Drivers/BSP/STM32F4-Discovery/stm32f4_discovery.o
                0x0000000008000d84                BSP_LED_Toggle
 .text.BSP_AUDIO_OUT_TransferComplete_CallBack
                0x0000000008000d9c        0x4 ./Drivers/BSP/STM32F4-Discovery/stm32f4_discovery_audio.o
                0x0000000008000d9c                BSP_AUDIO_OUT_TransferComplete_CallBack
 .text.HAL_I2S_TxCpltCallback
                0x0000000008000da0       0x18 ./Drivers/BSP/STM32F4-Discovery/stm32f4_discovery_audio.o
                0x0000000008000da0                HAL_I2S_TxCpltCallback
 .text.BSP_AUDIO_OUT_Error_CallBack
                0x0000000008000db8        0x4 ./Drivers/BSP/STM32F4-Discovery/stm32f4_discovery_audio.o
                0x0000000008000db8                BSP_AUDIO_OUT_Error_CallBack
 .text.BSP_AUDIO_IN_Record
                0x0000000008000dbc       0x18 ./Drivers/BSP/STM32F4-Discovery/stm32f4_discovery_audio.o
                0x0000000008000dbc                BSP_AUDIO_IN_Record
 .text.BSP_AUDIO_IN_SetVolume
                0x0000000008000dd4        0xc ./Drivers/BSP/STM32F4-Discovery/stm32f4_discovery_audio.o
                0x0000000008000dd4                BSP_AUDIO_IN_SetVolume
 .text.BSP_AUDIO_IN_PDMToPCM
                0x0000000008000de0       0x44 ./Drivers/BSP/STM32F4-Discovery/stm32f4_discovery_audio.o
                0x0000000008000de0                BSP_AUDIO_IN_PDMToPCM
 .text.BSP_AUDIO_IN_ClockConfig
                0x0000000008000e24       0x30 ./Drivers/BSP/STM32F4-Discovery/stm32f4_discovery_audio.o
                0x0000000008000e24                BSP_AUDIO_IN_ClockConfig
 .text.BSP_AUDIO_IN_MspInit
                0x0000000008000e54      0x100 ./Drivers/BSP/STM32F4-Discovery/stm32f4_discovery_audio.o
                0x0000000008000e54                BSP_AUDIO_IN_MspInit
 .text.BSP_AUDIO_IN_Init
                0x0000000008000f54       0xf4 ./Drivers/BSP/STM32F4-Discovery/stm32f4_discovery_audio.o
                0x0000000008000f54                BSP_AUDIO_IN_Init
 .text.HAL_I2S_RxCpltCallback
                0x0000000008001048        0x8 ./Drivers/BSP/STM32F4-Discovery/stm32f4_discovery_audio.o
                0x0000000008001048                HAL_I2S_RxCpltCallback
 .text.HAL_I2S_RxHalfCpltCallback
                0x0000000008001050        0x8 ./Drivers/BSP/STM32F4-Discovery/stm32f4_discovery_audio.o
                0x0000000008001050                HAL_I2S_RxHalfCpltCallback
 .text.BSP_AUDIO_IN_Error_Callback
                0x0000000008001058        0x4 ./Drivers/BSP/STM32F4-Discovery/stm32f4_discovery_audio.o
                0x0000000008001058                BSP_AUDIO_IN_Error_Callback
 .text.HAL_I2S_ErrorCallback
                0x000000000800105c       0x2c ./Drivers/BSP/STM32F4-Discovery/stm32f4_discovery_audio.o
                0x000000000800105c                HAL_I2S_ErrorCallback
 .text.HAL_MspInit
                0x0000000008001088        0x4 ./Drivers/STM32F4xx_HAL_Driver/Src/stm32f4xx_hal.o
                0x0000000008001088                HAL_MspInit
 .text.HAL_InitTick
                0x000000000800108c       0x48 ./Drivers/STM32F4xx_HAL_Driver/Src/stm32f4xx_hal.o
                0x000000000800108c                HAL_InitTick
 .text.HAL_Init
                0x00000000080010d4       0x2c ./Drivers/STM32F4xx_HAL_Driver/Src/stm32f4xx_hal.o
                0x00000000080010d4                HAL_Init
 .text.HAL_IncTick
                0x0000000008001100       0x18 ./Drivers/STM32F4xx_HAL_Driver/Src/stm32f4xx_hal.o
                0x0000000008001100                HAL_IncTick
 .text.HAL_GetTick
                0x0000000008001118        0xc ./Drivers/STM32F4xx_HAL_Driver/Src/stm32f4xx_hal.o
                0x0000000008001118                HAL_GetTick
 .text.HAL_Delay
                0x0000000008001124       0x24 ./Drivers/STM32F4xx_HAL_Driver/Src/stm32f4xx_hal.o
                0x0000000008001124                HAL_Delay
 .text.HAL_GetREVID
                0x0000000008001148        0xc ./Drivers/STM32F4xx_HAL_Driver/Src/stm32f4xx_hal.o
                0x0000000008001148                HAL_GetREVID
 .text.HAL_NVIC_SetPriorityGrouping
                0x0000000008001154       0x24 ./Drivers/STM32F4xx_HAL_Driver/Src/stm32f4xx_hal_cortex.o
                0x0000000008001154                HAL_NVIC_SetPriorityGrouping
 .text.HAL_NVIC_SetPriority
                0x0000000008001178       0x7c ./Drivers/STM32F4xx_HAL_Driver/Src/stm32f4xx_hal_cortex.o
                0x0000000008001178                HAL_NVIC_SetPriority
 .text.HAL_NVIC_EnableIRQ
                0x00000000080011f4       0x1c ./Drivers/STM32F4xx_HAL_Driver/Src/stm32f4xx_hal_cortex.o
                0x00000000080011f4                HAL_NVIC_EnableIRQ
 .text.HAL_SYSTICK_Config
                0x0000000008001210       0x34 ./Drivers/STM32F4xx_HAL_Driver/Src/stm32f4xx_hal_cortex.o
                0x0000000008001210                HAL_SYSTICK_Config
 .text.HAL_DMA_Init
                0x0000000008001244      0x130 ./Drivers/STM32F4xx_HAL_Driver/Src/stm32f4xx_hal_dma.o
                0x0000000008001244                HAL_DMA_Init
 .text.HAL_DMA_DeInit
                0x0000000008001374       0x80 ./Drivers/STM32F4xx_HAL_Driver/Src/stm32f4xx_hal_dma.o
                0x0000000008001374                HAL_DMA_DeInit
 .text.HAL_DMA_Start_IT
                0x00000000080013f4       0x80 ./Drivers/STM32F4xx_HAL_Driver/Src/stm32f4xx_hal_dma.o
                0x00000000080013f4                HAL_DMA_Start_IT
 .text.HAL_DMA_IRQHandler
                0x0000000008001474      0x1e0 ./Drivers/STM32F4xx_HAL_Driver/Src/stm32f4xx_hal_dma.o
                0x0000000008001474                HAL_DMA_IRQHandler
 .text.HAL_GPIO_Init
                0x0000000008001654      0x25c ./Drivers/STM32F4xx_HAL_Driver/Src/stm32f4xx_hal_gpio.o
                0x0000000008001654                HAL_GPIO_Init
 .text.HAL_GPIO_WritePin
                0x00000000080018b0        0x8 ./Drivers/STM32F4xx_HAL_Driver/Src/stm32f4xx_hal_gpio.o
                0x00000000080018b0                HAL_GPIO_WritePin
 .text.HAL_GPIO_TogglePin
                0x00000000080018b8       0x10 ./Drivers/STM32F4xx_HAL_Driver/Src/stm32f4xx_hal_gpio.o
                0x00000000080018b8                HAL_GPIO_TogglePin
 .text.HAL_I2S_MspInit
                0x00000000080018c8        0x4 ./Drivers/STM32F4xx_HAL_Driver/Src/stm32f4xx_hal_i2s.o
                0x00000000080018c8                HAL_I2S_MspInit
 .text.HAL_I2S_Init
                0x00000000080018cc      0x134 ./Drivers/STM32F4xx_HAL_Driver/Src/stm32f4xx_hal_i2s.o
                0x00000000080018cc                HAL_I2S_Init
 .text.HAL_I2S_Receive_DMA
                0x0000000008001a00       0xe8 ./Drivers/STM32F4xx_HAL_Driver/Src/stm32f4xx_hal_i2s.o
                0x0000000008001a00                HAL_I2S_Receive_DMA
 .text.I2S_DMARxHalfCplt
                0x0000000008001ae8        0xc ./Drivers/STM32F4xx_HAL_Driver/Src/stm32f4xx_hal_i2s.o
 .text.I2S_DMARxCplt
                0x0000000008001af4       0x24 ./Drivers/STM32F4xx_HAL_Driver/Src/stm32f4xx_hal_i2s.o
 .text.I2S_IRQHandler
                0x0000000008001b18      0x108 ./Drivers/STM32F4xx_HAL_Driver/Src/stm32f4xx_hal_i2s.o
 .text.I2S_DMAError
                0x0000000008001c20       0x2c ./Drivers/STM32F4xx_HAL_Driver/Src/stm32f4xx_hal_i2s.o
 .text.HAL_I2S_GetState
                0x0000000008001c4c        0x8 ./Drivers/STM32F4xx_HAL_Driver/Src/stm32f4xx_hal_i2s.o
                0x0000000008001c4c                HAL_I2S_GetState
 .text.HAL_I2SEx_TxRxCpltCallback
                0x0000000008001c54        0x4 ./Drivers/STM32F4xx_HAL_Driver/Src/stm32f4xx_hal_i2s_ex.o
                0x0000000008001c54                HAL_I2SEx_TxRxCpltCallback
 .text.HAL_I2SEx_FullDuplex_IRQHandler
                0x0000000008001c58      0x25c ./Drivers/STM32F4xx_HAL_Driver/Src/stm32f4xx_hal_i2s_ex.o
                0x0000000008001c58                HAL_I2SEx_FullDuplex_IRQHandler
 .text.HAL_RCC_OscConfig
                0x0000000008001eb4      0x3b8 ./Drivers/STM32F4xx_HAL_Driver/Src/stm32f4xx_hal_rcc.o
                0x0000000008001eb4                HAL_RCC_OscConfig
 .text.HAL_RCC_GetSysClockFreq
                0x000000000800226c       0x68 ./Drivers/STM32F4xx_HAL_Driver/Src/stm32f4xx_hal_rcc.o
                0x000000000800226c                HAL_RCC_GetSysClockFreq
 .text.HAL_RCC_ClockConfig
                0x00000000080022d4      0x13c ./Drivers/STM32F4xx_HAL_Driver/Src/stm32f4xx_hal_rcc.o
                0x00000000080022d4                HAL_RCC_ClockConfig
 .text.HAL_RCCEx_PeriphCLKConfig
                0x0000000008002410      0x140 ./Drivers/STM32F4xx_HAL_Driver/Src/stm32f4xx_hal_rcc_ex.o
                0x0000000008002410                HAL_RCCEx_PeriphCLKConfig
 .text.HAL_RCCEx_GetPeriphCLKConfig
                0x0000000008002550       0x30 ./Drivers/STM32F4xx_HAL_Driver/Src/stm32f4xx_hal_rcc_ex.o
                0x0000000008002550                HAL_RCCEx_GetPeriphCLKConfig
 .text.HAL_RCCEx_GetPeriphCLKFreq
                0x0000000008002580       0x50 ./Drivers/STM32F4xx_HAL_Driver/Src/stm32f4xx_hal_rcc_ex.o
                0x0000000008002580                HAL_RCCEx_GetPeriphCLKFreq
 .text.inference_callback
                0x00000000080025d0       0xc0 ./Src/main.o
 .text.wake_word_callback
                0x0000000008002690       0x18 ./Src/main.o
 .text.startup.main
                0x00000000080026a8      0x134 ./Src/main.o
                0x00000000080026a8                main
 .text.pv_audio_rec_init
                0x00000000080027dc       0x38 ./Src/pv_audio_rec.o
                0x00000000080027dc                pv_audio_rec_init
 .text.pv_audio_rec_start
                0x0000000008002814       0x20 ./Src/pv_audio_rec.o
                0x0000000008002814                pv_audio_rec_start
 .text.pv_audio_rec_get_new_buffer
                0x0000000008002834       0x2c ./Src/pv_audio_rec.o
                0x0000000008002834                pv_audio_rec_get_new_buffer
 .text.BSP_AUDIO_IN_TransferComplete_CallBack
                0x0000000008002860       0x64 ./Src/pv_audio_rec.o
                0x0000000008002860                BSP_AUDIO_IN_TransferComplete_CallBack
 .text.BSP_AUDIO_IN_HalfTransfer_CallBack
                0x00000000080028c4       0x64 ./Src/pv_audio_rec.o
                0x00000000080028c4                BSP_AUDIO_IN_HalfTransfer_CallBack
 .text.pv_get_uuid
                0x0000000008002928        0x8 ./Src/pv_st_f407.o
                0x0000000008002928                pv_get_uuid
 .text.pv_get_uuid_size
                0x0000000008002930        0x4 ./Src/pv_st_f407.o
                0x0000000008002930                pv_get_uuid_size
 .text.pv_board_init
                0x0000000008002934       0xe4 ./Src/pv_st_f407.o
                0x0000000008002934                pv_board_init
 .text.__io_putchar
                0x0000000008002a18       0x2c ./Src/pv_st_f407.o
                0x0000000008002a18                __io_putchar
 .text.NMI_Handler
                0x0000000008002a44        0x4 ./Src/stm32f4xx_it.o
                0x0000000008002a44                NMI_Handler
 .text.HardFault_Handler
                0x0000000008002a48        0x4 ./Src/stm32f4xx_it.o
                0x0000000008002a48                HardFault_Handler
 .text.MemManage_Handler
                0x0000000008002a4c        0x4 ./Src/stm32f4xx_it.o
                0x0000000008002a4c                MemManage_Handler
 .text.BusFault_Handler
                0x0000000008002a50        0x4 ./Src/stm32f4xx_it.o
                0x0000000008002a50                BusFault_Handler
 .text.UsageFault_Handler
                0x0000000008002a54        0x4 ./Src/stm32f4xx_it.o
                0x0000000008002a54                UsageFault_Handler
 .text.SVC_Handler
                0x0000000008002a58        0x4 ./Src/stm32f4xx_it.o
                0x0000000008002a58                SVC_Handler
 .text.DebugMon_Handler
                0x0000000008002a5c        0x4 ./Src/stm32f4xx_it.o
                0x0000000008002a5c                DebugMon_Handler
 .text.PendSV_Handler
                0x0000000008002a60        0x4 ./Src/stm32f4xx_it.o
                0x0000000008002a60                PendSV_Handler
 .text.SysTick_Handler
                0x0000000008002a64        0x4 ./Src/stm32f4xx_it.o
                0x0000000008002a64                SysTick_Handler
 .text.DMA1_Stream7_IRQHandler
                0x0000000008002a68        0xc ./Src/stm32f4xx_it.o
                0x0000000008002a68                DMA1_Stream7_IRQHandler
 .text.DMA1_Stream3_IRQHandler
                0x0000000008002a74        0xc ./Src/stm32f4xx_it.o
                0x0000000008002a74                DMA1_Stream3_IRQHandler
 .text._sbrk    0x0000000008002a80       0x40 ./Src/syscalls.o
                0x0000000008002a80                _sbrk
 .text._write   0x0000000008002ac0       0x1c ./Src/syscalls.o
                0x0000000008002ac0                _write
 .text._close   0x0000000008002adc        0x8 ./Src/syscalls.o
                0x0000000008002adc                _close
 .text._fstat   0x0000000008002ae4        0xc ./Src/syscalls.o
                0x0000000008002ae4                _fstat
 .text._isatty  0x0000000008002af0        0x4 ./Src/syscalls.o
                0x0000000008002af0                _isatty
 .text._lseek   0x0000000008002af4        0x4 ./Src/syscalls.o
                0x0000000008002af4                _lseek
 .text._read    0x0000000008002af8       0x1c ./Src/syscalls.o
                0x0000000008002af8                _read
 .text.SystemInit
                0x0000000008002b14       0x50 ./Src/system_stm32f4xx.o
                0x0000000008002b14                SystemInit
 .text.Reset_Handler
                0x0000000008002b64       0x50 ./Startup/startup_stm32f407xx.o
                0x0000000008002b64                Reset_Handler
 .text.Default_Handler
                0x0000000008002bb4        0x2 ./Startup/startup_stm32f407xx.o
                0x0000000008002bb4                RTC_Alarm_IRQHandler
                0x0000000008002bb4                HASH_RNG_IRQHandler
                0x0000000008002bb4                EXTI2_IRQHandler
                0x0000000008002bb4                TIM8_CC_IRQHandler
                0x0000000008002bb4                TIM1_CC_IRQHandler
                0x0000000008002bb4                DMA2_Stream5_IRQHandler
                0x0000000008002bb4                DMA1_Stream5_IRQHandler
                0x0000000008002bb4                PVD_IRQHandler
                0x0000000008002bb4                SDIO_IRQHandler
                0x0000000008002bb4                TAMP_STAMP_IRQHandler
                0x0000000008002bb4                CAN2_RX1_IRQHandler
                0x0000000008002bb4                EXTI3_IRQHandler
                0x0000000008002bb4                TIM8_TRG_COM_TIM14_IRQHandler
                0x0000000008002bb4                TIM1_UP_TIM10_IRQHandler
                0x0000000008002bb4                TIM8_UP_TIM13_IRQHandler
                0x0000000008002bb4                I2C3_ER_IRQHandler
                0x0000000008002bb4                EXTI0_IRQHandler
                0x0000000008002bb4                I2C2_EV_IRQHandler
                0x0000000008002bb4                DMA1_Stream2_IRQHandler
                0x0000000008002bb4                CAN1_RX0_IRQHandler
                0x0000000008002bb4                FPU_IRQHandler
                0x0000000008002bb4                OTG_HS_WKUP_IRQHandler
                0x0000000008002bb4                CAN2_SCE_IRQHandler
                0x0000000008002bb4                DMA2_Stream2_IRQHandler
                0x0000000008002bb4                SPI1_IRQHandler
                0x0000000008002bb4                TIM6_DAC_IRQHandler
                0x0000000008002bb4                TIM1_BRK_TIM9_IRQHandler
                0x0000000008002bb4                DCMI_IRQHandler
                0x0000000008002bb4                CAN2_RX0_IRQHandler
                0x0000000008002bb4                DMA2_Stream3_IRQHandler
                0x0000000008002bb4                USART6_IRQHandler
                0x0000000008002bb4                USART3_IRQHandler
                0x0000000008002bb4                CAN1_RX1_IRQHandler
                0x0000000008002bb4                UART5_IRQHandler
                0x0000000008002bb4                DMA2_Stream0_IRQHandler
                0x0000000008002bb4                TIM4_IRQHandler
                0x0000000008002bb4                I2C1_EV_IRQHandler
                0x0000000008002bb4                DMA1_Stream6_IRQHandler
                0x0000000008002bb4                DMA1_Stream1_IRQHandler
                0x0000000008002bb4                UART4_IRQHandler
                0x0000000008002bb4                TIM3_IRQHandler
                0x0000000008002bb4                RCC_IRQHandler
                0x0000000008002bb4                TIM8_BRK_TIM12_IRQHandler
                0x0000000008002bb4                Default_Handler
                0x0000000008002bb4                EXTI15_10_IRQHandler
                0x0000000008002bb4                ADC_IRQHandler
                0x0000000008002bb4                TIM7_IRQHandler
                0x0000000008002bb4                CAN2_TX_IRQHandler
                0x0000000008002bb4                TIM5_IRQHandler
                0x0000000008002bb4                DMA2_Stream7_IRQHandler
                0x0000000008002bb4                I2C3_EV_IRQHandler
                0x0000000008002bb4                EXTI9_5_IRQHandler
                0x0000000008002bb4                RTC_WKUP_IRQHandler
                0x0000000008002bb4                ETH_WKUP_IRQHandler
                0x0000000008002bb4                SPI2_IRQHandler
                0x0000000008002bb4                OTG_HS_EP1_IN_IRQHandler
                0x0000000008002bb4                DMA1_Stream0_IRQHandler
                0x0000000008002bb4                CAN1_TX_IRQHandler
                0x0000000008002bb4                EXTI4_IRQHandler
                0x0000000008002bb4                FSMC_IRQHandler
                0x0000000008002bb4                ETH_IRQHandler
                0x0000000008002bb4                OTG_HS_EP1_OUT_IRQHandler
                0x0000000008002bb4                WWDG_IRQHandler
                0x0000000008002bb4                TIM2_IRQHandler
                0x0000000008002bb4                OTG_FS_WKUP_IRQHandler
                0x0000000008002bb4                TIM1_TRG_COM_TIM11_IRQHandler
                0x0000000008002bb4                OTG_HS_IRQHandler
                0x0000000008002bb4                EXTI1_IRQHandler
                0x0000000008002bb4                USART2_IRQHandler
                0x0000000008002bb4                I2C2_ER_IRQHandler
                0x0000000008002bb4                DMA2_Stream1_IRQHandler
                0x0000000008002bb4                CAN1_SCE_IRQHandler
                0x0000000008002bb4                FLASH_IRQHandler
                0x0000000008002bb4                DMA2_Stream4_IRQHandler
                0x0000000008002bb4                USART1_IRQHandler
                0x0000000008002bb4                OTG_FS_IRQHandler
                0x0000000008002bb4                SPI3_IRQHandler
                0x0000000008002bb4                DMA1_Stream4_IRQHandler
                0x0000000008002bb4                I2C1_ER_IRQHandler
                0x0000000008002bb4                DMA2_Stream6_IRQHandler
 *fill*         0x0000000008002bb6        0x2 
 .text.D16_GENERIC
                0x0000000008002bb8      0x120 ../Middlewares/ST/STM32_Audio/Addons/PDM/Lib/\libPDMFilter_CM4_GCC_wc32.a(pdm_filter.o)
 .text.D24_GENERIC
                0x0000000008002cd8      0x190 ../Middlewares/ST/STM32_Audio/Addons/PDM/Lib/\libPDMFilter_CM4_GCC_wc32.a(pdm_filter.o)
 .text.D32_GENERIC
                0x0000000008002e68      0x198 ../Middlewares/ST/STM32_Audio/Addons/PDM/Lib/\libPDMFilter_CM4_GCC_wc32.a(pdm_filter.o)
 .text.D48_GENERIC
                0x0000000008003000      0x1ec ../Middlewares/ST/STM32_Audio/Addons/PDM/Lib/\libPDMFilter_CM4_GCC_wc32.a(pdm_filter.o)
 .text.D64_GENERIC
                0x00000000080031ec      0x220 ../Middlewares/ST/STM32_Audio/Addons/PDM/Lib/\libPDMFilter_CM4_GCC_wc32.a(pdm_filter.o)
 .text.D80_GENERIC
                0x000000000800340c      0x2a0 ../Middlewares/ST/STM32_Audio/Addons/PDM/Lib/\libPDMFilter_CM4_GCC_wc32.a(pdm_filter.o)
 .text.D128_GENERIC
                0x00000000080036ac      0x3f0 ../Middlewares/ST/STM32_Audio/Addons/PDM/Lib/\libPDMFilter_CM4_GCC_wc32.a(pdm_filter.o)
 .text.D16_1CH_HTONS_VOL_HP
                0x0000000008003a9c       0xe4 ../Middlewares/ST/STM32_Audio/Addons/PDM/Lib/\libPDMFilter_CM4_GCC_wc32.a(pdm_filter.o)
 .text.D24_1CH_HTONS_VOL_HP
                0x0000000008003b80      0x138 ../Middlewares/ST/STM32_Audio/Addons/PDM/Lib/\libPDMFilter_CM4_GCC_wc32.a(pdm_filter.o)
 .text.D32_1CH_HTONS_VOL_HP
                0x0000000008003cb8      0x144 ../Middlewares/ST/STM32_Audio/Addons/PDM/Lib/\libPDMFilter_CM4_GCC_wc32.a(pdm_filter.o)
 .text.D48_1CH_HTONS_VOL_HP
                0x0000000008003dfc      0x16c ../Middlewares/ST/STM32_Audio/Addons/PDM/Lib/\libPDMFilter_CM4_GCC_wc32.a(pdm_filter.o)
 .text.D64_1CH_HTONS_VOL_HP
                0x0000000008003f68      0x1b8 ../Middlewares/ST/STM32_Audio/Addons/PDM/Lib/\libPDMFilter_CM4_GCC_wc32.a(pdm_filter.o)
 .text.D80_1CH_HTONS_VOL_HP
                0x0000000008004120      0x214 ../Middlewares/ST/STM32_Audio/Addons/PDM/Lib/\libPDMFilter_CM4_GCC_wc32.a(pdm_filter.o)
 .text.D128_1CH_HTONS_VOL_HP
                0x0000000008004334      0x324 ../Middlewares/ST/STM32_Audio/Addons/PDM/Lib/\libPDMFilter_CM4_GCC_wc32.a(pdm_filter.o)
 .text.PDM_Filter_Init
                0x0000000008004658      0x114 ../Middlewares/ST/STM32_Audio/Addons/PDM/Lib/\libPDMFilter_CM4_GCC_wc32.a(pdm_filter.o)
                0x0000000008004658                PDM_Filter_Init
 .text.PDM_Filter_setConfig
                0x000000000800476c      0x1e4 ../Middlewares/ST/STM32_Audio/Addons/PDM/Lib/\libPDMFilter_CM4_GCC_wc32.a(pdm_filter.o)
                0x000000000800476c                PDM_Filter_setConfig
 .text.PDM_Filter
                0x0000000008004950       0x38 ../Middlewares/ST/STM32_Audio/Addons/PDM/Lib/\libPDMFilter_CM4_GCC_wc32.a(pdm_filter.o)
                0x0000000008004950                PDM_Filter
 .text.CRC_Lock
                0x0000000008004988       0x7c ../Middlewares/ST/STM32_Audio/Addons/PDM/Lib/\libPDMFilter_CM4_GCC_wc32.a(stm32_crc_lock.o)
                0x0000000008004988                CRC_Lock
 .text.taabe431
                0x0000000008004a04        0x8 ../../../../../sdk/mcu/lib/stm32f407/zh\libpicovoice.a(picovoice.o)
                0x0000000008004a04                taabe431
 .text.pv_status_to_string
                0x0000000008004a0c       0x14 ../../../../../sdk/mcu/lib/stm32f407/zh\libpicovoice.a(picovoice.o)
                0x0000000008004a0c                pv_status_to_string
 .text.pv_inference_delete.part.0
                0x0000000008004a20       0x40 ../../../../../sdk/mcu/lib/stm32f407/zh\libpicovoice.a(pv_picovoice.o)
 .text.pv_inference_delete
                0x0000000008004a60        0x8 ../../../../../sdk/mcu/lib/stm32f407/zh\libpicovoice.a(pv_picovoice.o)
                0x0000000008004a60                pv_inference_delete
 .text.taabe762
                0x0000000008004a68      0x154 ../../../../../sdk/mcu/lib/stm32f407/zh\libpicovoice.a(pv_picovoice.o)
                0x0000000008004a68                taabe762
 .text.pv_picovoice_init
                0x0000000008004bbc       0x10 ../../../../../sdk/mcu/lib/stm32f407/zh\libpicovoice.a(pv_picovoice.o)
                0x0000000008004bbc                pv_picovoice_init
 .text.pv_picovoice_process
                0x0000000008004bcc      0x1a4 ../../../../../sdk/mcu/lib/stm32f407/zh\libpicovoice.a(pv_picovoice.o)
                0x0000000008004bcc                pv_picovoice_process
 .text.pv_picovoice_context_info
                0x0000000008004d70       0x10 ../../../../../sdk/mcu/lib/stm32f407/zh\libpicovoice.a(pv_picovoice.o)
                0x0000000008004d70                pv_picovoice_context_info
 .text.pv_porcupine_delete.part.0
                0x0000000008004d80       0x8c ../../../../../sdk/mcu/lib/stm32f407/zh\libpicovoice.a(pv_porcupine.o)
 .text.taabe567
                0x0000000008004e0c      0x488 ../../../../../sdk/mcu/lib/stm32f407/zh\libpicovoice.a(pv_porcupine.o)
                0x0000000008004e0c                taabe567
 .text.pv_porcupine_init
                0x0000000008005294       0x10 ../../../../../sdk/mcu/lib/stm32f407/zh\libpicovoice.a(pv_porcupine.o)
                0x0000000008005294                pv_porcupine_init
 .text.pv_porcupine_delete
                0x00000000080052a4        0x8 ../../../../../sdk/mcu/lib/stm32f407/zh\libpicovoice.a(pv_porcupine.o)
                0x00000000080052a4                pv_porcupine_delete
 .text.pv_porcupine_process
                0x00000000080052ac       0x88 ../../../../../sdk/mcu/lib/stm32f407/zh\libpicovoice.a(pv_porcupine.o)
                0x00000000080052ac                pv_porcupine_process
 .text.taabe114
                0x0000000008005334        0x8 ../../../../../sdk/mcu/lib/stm32f407/zh\libpicovoice.a(pv_porcupine.o)
                0x0000000008005334                taabe114
 .text.pv_porcupine_get_min_memory_buffer_size
                0x000000000800533c       0xe4 ../../../../../sdk/mcu/lib/stm32f407/zh\libpicovoice.a(pv_porcupine.o)
                0x000000000800533c                pv_porcupine_get_min_memory_buffer_size
 .text.taabe394.part.0
                0x0000000008005420       0x90 ../../../../../sdk/mcu/lib/stm32f407/zh\libpicovoice.a(pv_porcupine_internal.o)
 .text.taabe24  0x00000000080054b0      0x208 ../../../../../sdk/mcu/lib/stm32f407/zh\libpicovoice.a(pv_porcupine_internal.o)
                0x00000000080054b0                taabe24
 .text.taabe394
                0x00000000080056b8        0x8 ../../../../../sdk/mcu/lib/stm32f407/zh\libpicovoice.a(pv_porcupine_internal.o)
                0x00000000080056b8                taabe394
 .text.taabe787
                0x00000000080056c0       0x74 ../../../../../sdk/mcu/lib/stm32f407/zh\libpicovoice.a(pv_porcupine_internal.o)
                0x00000000080056c0                taabe787
 .text.taabe173
                0x0000000008005734      0x20c ../../../../../sdk/mcu/lib/stm32f407/zh\libpicovoice.a(pv_porcupine_internal.o)
                0x0000000008005734                taabe173
 .text.taabe559
                0x0000000008005940        0x4 ../../../../../sdk/mcu/lib/stm32f407/zh\libpicovoice.a(pv_porcupine_internal.o)
                0x0000000008005940                taabe559
 .text.taabe85  0x0000000008005944      0x3fc ../../../../../sdk/mcu/lib/stm32f407/zh\libpicovoice.a(pv_porcupine_internal.o)
                0x0000000008005944                taabe85
 .text.pv_rhino_delete.part.0
                0x0000000008005d40       0x3c ../../../../../sdk/mcu/lib/stm32f407/zh\libpicovoice.a(pv_rhino.o)
 .text.pv_rhino_process.part.0
                0x0000000008005d7c      0x280 ../../../../../sdk/mcu/lib/stm32f407/zh\libpicovoice.a(pv_rhino.o)
 .text.pv_rhino_parse_context
                0x0000000008005ffc      0x1b0 ../../../../../sdk/mcu/lib/stm32f407/zh\libpicovoice.a(pv_rhino.o)
                0x0000000008005ffc                pv_rhino_parse_context
 .text.taabe279.part.0
                0x00000000080061ac      0x27c ../../../../../sdk/mcu/lib/stm32f407/zh\libpicovoice.a(pv_rhino.o)
 .text.pv_rhino_init
                0x0000000008006428       0xc0 ../../../../../sdk/mcu/lib/stm32f407/zh\libpicovoice.a(pv_rhino.o)
                0x0000000008006428                pv_rhino_init
 .text.pv_rhino_delete
                0x00000000080064e8        0x8 ../../../../../sdk/mcu/lib/stm32f407/zh\libpicovoice.a(pv_rhino.o)
                0x00000000080064e8                pv_rhino_delete
 .text.pv_rhino_process
                0x00000000080064f0       0x1c ../../../../../sdk/mcu/lib/stm32f407/zh\libpicovoice.a(pv_rhino.o)
                0x00000000080064f0                pv_rhino_process
 .text.pv_rhino_is_understood
                0x000000000800650c       0x18 ../../../../../sdk/mcu/lib/stm32f407/zh\libpicovoice.a(pv_rhino.o)
                0x000000000800650c                pv_rhino_is_understood
 .text.pv_rhino_get_intent
                0x0000000008006524       0x30 ../../../../../sdk/mcu/lib/stm32f407/zh\libpicovoice.a(pv_rhino.o)
                0x0000000008006524                pv_rhino_get_intent
 .text.pv_rhino_free_slots_and_values
                0x0000000008006554       0x1c ../../../../../sdk/mcu/lib/stm32f407/zh\libpicovoice.a(pv_rhino.o)
                0x0000000008006554                pv_rhino_free_slots_and_values
 .text.pv_rhino_reset
                0x0000000008006570       0x50 ../../../../../sdk/mcu/lib/stm32f407/zh\libpicovoice.a(pv_rhino.o)
                0x0000000008006570                pv_rhino_reset
 .text.pv_rhino_context_info
                0x00000000080065c0       0x1c ../../../../../sdk/mcu/lib/stm32f407/zh\libpicovoice.a(pv_rhino.o)
                0x00000000080065c0                pv_rhino_context_info
 .text.taabe217.part.0
                0x00000000080065dc        0x8 ../../../../../sdk/mcu/lib/stm32f407/zh\libpicovoice.a(pv_rhino_context.o)
 .text.taabe616
                0x00000000080065e4      0x2f8 ../../../../../sdk/mcu/lib/stm32f407/zh\libpicovoice.a(pv_rhino_context.o)
                0x00000000080065e4                taabe616
 .text.taabe217
                0x00000000080068dc        0xc ../../../../../sdk/mcu/lib/stm32f407/zh\libpicovoice.a(pv_rhino_context.o)
                0x00000000080068dc                taabe217
 .text.taabe420
                0x00000000080068e8        0x4 ../../../../../sdk/mcu/lib/stm32f407/zh\libpicovoice.a(pv_rhino_context.o)
                0x00000000080068e8                taabe420
 .text.taabe227
                0x00000000080068ec        0x8 ../../../../../sdk/mcu/lib/stm32f407/zh\libpicovoice.a(pv_rhino_context.o)
                0x00000000080068ec                taabe227
 .text.taabe473
                0x00000000080068f4        0x8 ../../../../../sdk/mcu/lib/stm32f407/zh\libpicovoice.a(pv_rhino_context.o)
                0x00000000080068f4                taabe473
 .text.taabe55  0x00000000080068fc        0x8 ../../../../../sdk/mcu/lib/stm32f407/zh\libpicovoice.a(pv_rhino_context.o)
                0x00000000080068fc                taabe55
 .text.taabe644
                0x0000000008006904       0x18 ../../../../../sdk/mcu/lib/stm32f407/zh\libpicovoice.a(pv_rhino_context.o)
                0x0000000008006904                taabe644
 .text.taabe356
                0x000000000800691c        0xc ../../../../../sdk/mcu/lib/stm32f407/zh\libpicovoice.a(pv_rhino_context.o)
                0x000000000800691c                taabe356
 .text.taabe385
                0x0000000008006928        0xc ../../../../../sdk/mcu/lib/stm32f407/zh\libpicovoice.a(pv_rhino_context.o)
                0x0000000008006928                taabe385
 .text.taabe296
                0x0000000008006934        0xc ../../../../../sdk/mcu/lib/stm32f407/zh\libpicovoice.a(pv_rhino_context.o)
                0x0000000008006934                taabe296
 .text.taabe272
                0x0000000008006940       0x28 ../../../../../sdk/mcu/lib/stm32f407/zh\libpicovoice.a(pv_rhino_context.o)
                0x0000000008006940                taabe272
 .text.taabe59  0x0000000008006968        0xc ../../../../../sdk/mcu/lib/stm32f407/zh\libpicovoice.a(pv_rhino_context.o)
                0x0000000008006968                taabe59
 .text.taabe21  0x0000000008006974       0x14 ../../../../../sdk/mcu/lib/stm32f407/zh\libpicovoice.a(pv_rhino_context.o)
                0x0000000008006974                taabe21
 .text.taabe30  0x0000000008006988        0xc ../../../../../sdk/mcu/lib/stm32f407/zh\libpicovoice.a(pv_rhino_context.o)
                0x0000000008006988                taabe30
 .text.taabe462
                0x0000000008006994       0x34 ../../../../../sdk/mcu/lib/stm32f407/zh\libpicovoice.a(pv_rhino_context.o)
                0x0000000008006994                taabe462
 .text.taabe604
                0x00000000080069c8        0x4 ../../../../../sdk/mcu/lib/stm32f407/zh\libpicovoice.a(pv_rhino_context.o)
                0x00000000080069c8                taabe604
 .text.pv_rhino_beams_insert_at
                0x00000000080069cc       0x70 ../../../../../sdk/mcu/lib/stm32f407/zh\libpicovoice.a(pv_rhino_decoder.o)
 .text.pv_rhino_beams_insert
                0x0000000008006a3c      0x12c ../../../../../sdk/mcu/lib/stm32f407/zh\libpicovoice.a(pv_rhino_decoder.o)
 .text.pv_rhino_beams_delete.part.0
                0x0000000008006b68       0x5c ../../../../../sdk/mcu/lib/stm32f407/zh\libpicovoice.a(pv_rhino_decoder.o)
 .text.pv_rhino_beams_init
                0x0000000008006bc4       0xe4 ../../../../../sdk/mcu/lib/stm32f407/zh\libpicovoice.a(pv_rhino_decoder.o)
 .text.taabe64  0x0000000008006ca8       0xc4 ../../../../../sdk/mcu/lib/stm32f407/zh\libpicovoice.a(pv_rhino_decoder.o)
                0x0000000008006ca8                taabe64
 .text.taabe43  0x0000000008006d6c       0x1c ../../../../../sdk/mcu/lib/stm32f407/zh\libpicovoice.a(pv_rhino_decoder.o)
                0x0000000008006d6c                taabe43
 .text.taabe466
                0x0000000008006d88      0x94c ../../../../../sdk/mcu/lib/stm32f407/zh\libpicovoice.a(pv_rhino_decoder.o)
                0x0000000008006d88                taabe466
 .text.taabe347
                0x00000000080076d4       0x9c ../../../../../sdk/mcu/lib/stm32f407/zh\libpicovoice.a(pv_rhino_decoder.o)
                0x00000000080076d4                taabe347
 .text.taabe129
                0x0000000008007770      0x1b8 ../../../../../sdk/mcu/lib/stm32f407/zh\libpicovoice.a(pv_rhino_decoder.o)
                0x0000000008007770                taabe129
 .text.taabe599
                0x0000000008007928       0x38 ../../../../../sdk/mcu/lib/stm32f407/zh\libpicovoice.a(pv_rhino_decoder.o)
                0x0000000008007928                taabe599
 .text.binary_search
                0x0000000008007960       0x5c ../../../../../sdk/mcu/lib/stm32f407/zh\libpicovoice.a(pv_rhino_decoder_fancy_slots.o)
 .text.taabe714
                0x00000000080079bc      0x114 ../../../../../sdk/mcu/lib/stm32f407/zh\libpicovoice.a(pv_rhino_decoder_fancy_slots.o)
                0x00000000080079bc                taabe714
 .text.taabe490
                0x0000000008007ad0      0x164 ../../../../../sdk/mcu/lib/stm32f407/zh\libpicovoice.a(pv_cipher.o)
                0x0000000008007ad0                taabe490
 .text.taabe267
                0x0000000008007c34       0x10 ../../../../../sdk/mcu/lib/stm32f407/zh\libpicovoice.a(pv_language.o)
                0x0000000008007c34                taabe267
 .text.taabe681
                0x0000000008007c44       0x10 ../../../../../sdk/mcu/lib/stm32f407/zh\libpicovoice.a(pv_language.o)
                0x0000000008007c44                taabe681
 .text.taabe592
                0x0000000008007c54        0x4 ../../../../../sdk/mcu/lib/stm32f407/zh\libpicovoice.a(pv_language.o)
                0x0000000008007c54                taabe592
 .text.taabe248
                0x0000000008007c58        0x8 ../../../../../sdk/mcu/lib/stm32f407/zh\libpicovoice.a(pv_language.o)
                0x0000000008007c58                taabe248
 .text.taabe525
                0x0000000008007c60       0x10 ../../../../../sdk/mcu/lib/stm32f407/zh\libpicovoice.a(pv_language.o)
                0x0000000008007c60                taabe525
 .text.taabe653
                0x0000000008007c70       0x44 ../../../../../sdk/mcu/lib/stm32f407/zh\libpicovoice.a(pv_memory.o)
                0x0000000008007c70                taabe653
 .text.taabe284
                0x0000000008007cb4       0x68 ../../../../../sdk/mcu/lib/stm32f407/zh\libpicovoice.a(pv_memory.o)
                0x0000000008007cb4                taabe284
 .text.taabe22  0x0000000008007d1c       0x30 ../../../../../sdk/mcu/lib/stm32f407/zh\libpicovoice.a(pv_memory.o)
                0x0000000008007d1c                taabe22
 .text.taabe590
                0x0000000008007d4c        0x4 ../../../../../sdk/mcu/lib/stm32f407/zh\libpicovoice.a(pv_memory.o)
                0x0000000008007d4c                taabe590
 .text.taabe734
                0x0000000008007d50       0x5c ../../../../../sdk/mcu/lib/stm32f407/zh\libpicovoice.a(pv_filterbank.o)
                0x0000000008007d50                taabe734
 .text.taabe4   0x0000000008007dac       0x1c ../../../../../sdk/mcu/lib/stm32f407/zh\libpicovoice.a(pv_filterbank.o)
                0x0000000008007dac                taabe4
 .text.taabe453
                0x0000000008007dc8      0x1e8 ../../../../../sdk/mcu/lib/stm32f407/zh\libpicovoice.a(pv_filterbank.o)
                0x0000000008007dc8                taabe453
 .text.taabe57  0x0000000008007fb0        0xc ../../../../../sdk/mcu/lib/stm32f407/zh\libpicovoice.a(pv_filterbank.o)
                0x0000000008007fb0                taabe57
 .text.taabe378
                0x0000000008007fbc       0x84 ../../../../../sdk/mcu/lib/stm32f407/zh\libpicovoice.a(pv_stft.o)
                0x0000000008007fbc                taabe378
 .text.taabe355
                0x0000000008008040       0x24 ../../../../../sdk/mcu/lib/stm32f407/zh\libpicovoice.a(pv_stft.o)
                0x0000000008008040                taabe355
 .text.taabe716
                0x0000000008008064      0x180 ../../../../../sdk/mcu/lib/stm32f407/zh\libpicovoice.a(pv_stft.o)
                0x0000000008008064                taabe716
 .text.taabe642
                0x00000000080081e4       0x18 ../../../../../sdk/mcu/lib/stm32f407/zh\libpicovoice.a(pv_stft.o)
                0x00000000080081e4                taabe642
 .text.taabe572.part.0
                0x00000000080081fc       0xf4 ../../../../../sdk/mcu/lib/stm32f407/zh\libpicovoice.a(pv_access.o)
 .text.taabe572
                0x00000000080082f0       0x24 ../../../../../sdk/mcu/lib/stm32f407/zh\libpicovoice.a(pv_access.o)
                0x00000000080082f0                taabe572
 .text.taabe246
                0x0000000008008314        0x8 ../../../../../sdk/mcu/lib/stm32f407/zh\libpicovoice.a(pv_access.o)
                0x0000000008008314                taabe246
 .text.taabe695
                0x000000000800831c       0x34 ../../../../../sdk/mcu/lib/stm32f407/zh\libpicovoice.a(pv_access.o)
                0x000000000800831c                taabe695
 .text.taabe250
                0x0000000008008350       0x3c ../../../../../sdk/mcu/lib/stm32f407/zh\libpicovoice.a(pv_log.o)
                0x0000000008008350                taabe250
 .text.pv_fft_complex_DIT_RN
                0x000000000800838c       0xec ../../../../../sdk/mcu/lib/stm32f407/zh\libpicovoice.a(pv_fft.o)
 .text.taabe72  0x0000000008008478       0x24 ../../../../../sdk/mcu/lib/stm32f407/zh\libpicovoice.a(pv_fft.o)
                0x0000000008008478                taabe72
 .text.taabe544
                0x000000000800849c        0xc ../../../../../sdk/mcu/lib/stm32f407/zh\libpicovoice.a(pv_fft.o)
                0x000000000800849c                taabe544
 .text.taabe429
                0x00000000080084a8      0x134 ../../../../../sdk/mcu/lib/stm32f407/zh\libpicovoice.a(pv_fft.o)
                0x00000000080084a8                taabe429
 .text.taabe312
                0x00000000080085dc       0x7c ../../../../../sdk/mcu/lib/stm32f407/zh\libpicovoice.a(pv_math.o)
                0x00000000080085dc                taabe312
 .text.taabe419
                0x0000000008008658       0x58 ../../../../../sdk/mcu/lib/stm32f407/zh\libpicovoice.a(pv_math.o)
                0x0000000008008658                taabe419
 .text.taabe61  0x00000000080086b0       0x64 ../../../../../sdk/mcu/lib/stm32f407/zh\libpicovoice.a(pv_math.o)
                0x00000000080086b0                taabe61
 .text.taabe39  0x0000000008008714       0x5c ../../../../../sdk/mcu/lib/stm32f407/zh\libpicovoice.a(pv_math.o)
                0x0000000008008714                taabe39
 .text.taabe422.part.0
                0x0000000008008770       0x40 ../../../../../sdk/mcu/lib/stm32f407/zh\libpicovoice.a(pv_online_token_classifier.o)
 .text.taabe194
                0x00000000080087b0       0xb0 ../../../../../sdk/mcu/lib/stm32f407/zh\libpicovoice.a(pv_online_token_classifier.o)
                0x00000000080087b0                taabe194
 .text.taabe422
                0x0000000008008860        0x8 ../../../../../sdk/mcu/lib/stm32f407/zh\libpicovoice.a(pv_online_token_classifier.o)
                0x0000000008008860                taabe422
 .text.taabe265
                0x0000000008008868       0x10 ../../../../../sdk/mcu/lib/stm32f407/zh\libpicovoice.a(pv_online_token_classifier.o)
                0x0000000008008868                taabe265
 .text.taabe310
                0x0000000008008878       0xa4 ../../../../../sdk/mcu/lib/stm32f407/zh\libpicovoice.a(pv_online_token_classifier.o)
                0x0000000008008878                taabe310
 .text.taabe51  0x000000000800891c       0x24 ../../../../../sdk/mcu/lib/stm32f407/zh\libpicovoice.a(pv_online_token_classifier.o)
                0x000000000800891c                taabe51
 .text.taabe703
                0x0000000008008940       0x30 ../../../../../sdk/mcu/lib/stm32f407/zh\libpicovoice.a(pv_fc.o)
                0x0000000008008940                taabe703
 .text.taabe0   0x0000000008008970        0xc ../../../../../sdk/mcu/lib/stm32f407/zh\libpicovoice.a(pv_fc.o)
                0x0000000008008970                taabe0
 .text.taabe278
                0x000000000800897c      0x20c ../../../../../sdk/mcu/lib/stm32f407/zh\libpicovoice.a(pv_fc.o)
                0x000000000800897c                taabe278
 .text.taabe288
                0x0000000008008b88       0xdc ../../../../../sdk/mcu/lib/stm32f407/zh\libpicovoice.a(pv_rnn.o)
                0x0000000008008b88                taabe288
 .text.taabe41  0x0000000008008c64       0x34 ../../../../../sdk/mcu/lib/stm32f407/zh\libpicovoice.a(pv_rnn.o)
                0x0000000008008c64                taabe41
 .text.taabe588
                0x0000000008008c98      0x148 ../../../../../sdk/mcu/lib/stm32f407/zh\libpicovoice.a(pv_rnn.o)
                0x0000000008008c98                taabe588
 .text.taabe756
                0x0000000008008de0       0x5c ../../../../../sdk/mcu/lib/stm32f407/zh\libpicovoice.a(pv_rnn.o)
                0x0000000008008de0                taabe756
 .text.taabe358
                0x0000000008008e3c       0x20 ../../../../../sdk/mcu/lib/stm32f407/zh\libpicovoice.a(pv_softmax.o)
                0x0000000008008e3c                taabe358
 .text.taabe397
                0x0000000008008e5c        0xc ../../../../../sdk/mcu/lib/stm32f407/zh\libpicovoice.a(pv_softmax.o)
                0x0000000008008e5c                taabe397
 .text.taabe152
                0x0000000008008e68       0xd0 ../../../../../sdk/mcu/lib/stm32f407/zh\libpicovoice.a(pv_softmax.o)
                0x0000000008008e68                taabe152
 .text.taabe738.part.0
                0x0000000008008f38       0x38 ../../../../../sdk/mcu/lib/stm32f407/zh\libpicovoice.a(pv_porcupine_decoder.o)
 .text.taabe521
                0x0000000008008f70      0x104 ../../../../../sdk/mcu/lib/stm32f407/zh\libpicovoice.a(pv_porcupine_decoder.o)
                0x0000000008008f70                taabe521
 .text.taabe738
                0x0000000008009074        0x8 ../../../../../sdk/mcu/lib/stm32f407/zh\libpicovoice.a(pv_porcupine_decoder.o)
                0x0000000008009074                taabe738
 .text.taabe343
                0x000000000800907c      0x21c ../../../../../sdk/mcu/lib/stm32f407/zh\libpicovoice.a(pv_porcupine_decoder.o)
                0x000000000800907c                taabe343
 .text.taabe7   0x0000000008009298       0x90 ../../../../../sdk/mcu/lib/stm32f407/zh\libpicovoice.a(pv_porcupine_decoder.o)
                0x0000000008009298                taabe7
 .text.taabe171
                0x0000000008009328      0x220 ../../../../../sdk/mcu/lib/stm32f407/zh\libpicovoice.a(pv_base64.o)
                0x0000000008009328                taabe171
 .text.taabe673
                0x0000000008009548       0x60 ../../../../../sdk/mcu/lib/stm32f407/zh\libpicovoice.a(pv_normalization.o)
                0x0000000008009548                taabe673
 .text.calloc   0x00000000080095a8       0x10 c:/st/stm32cubeide_1.12.1/stm32cubeide/plugins/com.st.stm32cube.ide.mcu.externaltools.gnu-tools-for-stm32.10.3-2021.10.win32_1.0.200.202301161003/tools/bin/../lib/gcc/arm-none-eabi/10.3.1/../../../../arm-none-eabi/lib/thumb/v7e-m+fp/hard\libc_nano.a(lib_a-calloc.o)
                0x00000000080095a8                calloc
 .text.__errno  0x00000000080095b8        0xc c:/st/stm32cubeide_1.12.1/stm32cubeide/plugins/com.st.stm32cube.ide.mcu.externaltools.gnu-tools-for-stm32.10.3-2021.10.win32_1.0.200.202301161003/tools/bin/../lib/gcc/arm-none-eabi/10.3.1/../../../../arm-none-eabi/lib/thumb/v7e-m+fp/hard\libc_nano.a(lib_a-errno.o)
                0x00000000080095b8                __errno
 .text.__libc_init_array
                0x00000000080095c4       0x48 c:/st/stm32cubeide_1.12.1/stm32cubeide/plugins/com.st.stm32cube.ide.mcu.externaltools.gnu-tools-for-stm32.10.3-2021.10.win32_1.0.200.202301161003/tools/bin/../lib/gcc/arm-none-eabi/10.3.1/../../../../arm-none-eabi/lib/thumb/v7e-m+fp/hard\libc_nano.a(lib_a-init.o)
                0x00000000080095c4                __libc_init_array
 .text.malloc   0x000000000800960c       0x10 c:/st/stm32cubeide_1.12.1/stm32cubeide/plugins/com.st.stm32cube.ide.mcu.externaltools.gnu-tools-for-stm32.10.3-2021.10.win32_1.0.200.202301161003/tools/bin/../lib/gcc/arm-none-eabi/10.3.1/../../../../arm-none-eabi/lib/thumb/v7e-m+fp/hard\libc_nano.a(lib_a-malloc.o)
                0x000000000800960c                malloc
 .text.free     0x000000000800961c       0x10 c:/st/stm32cubeide_1.12.1/stm32cubeide/plugins/com.st.stm32cube.ide.mcu.externaltools.gnu-tools-for-stm32.10.3-2021.10.win32_1.0.200.202301161003/tools/bin/../lib/gcc/arm-none-eabi/10.3.1/../../../../arm-none-eabi/lib/thumb/v7e-m+fp/hard\libc_nano.a(lib_a-malloc.o)
                0x000000000800961c                free
 .text.memcpy   0x000000000800962c       0x1c c:/st/stm32cubeide_1.12.1/stm32cubeide/plugins/com.st.stm32cube.ide.mcu.externaltools.gnu-tools-for-stm32.10.3-2021.10.win32_1.0.200.202301161003/tools/bin/../lib/gcc/arm-none-eabi/10.3.1/../../../../arm-none-eabi/lib/thumb/v7e-m+fp/hard\libc_nano.a(lib_a-memcpy-stub.o)
                0x000000000800962c                memcpy
 .text.memmove  0x0000000008009648       0x34 c:/st/stm32cubeide_1.12.1/stm32cubeide/plugins/com.st.stm32cube.ide.mcu.externaltools.gnu-tools-for-stm32.10.3-2021.10.win32_1.0.200.202301161003/tools/bin/../lib/gcc/arm-none-eabi/10.3.1/../../../../arm-none-eabi/lib/thumb/v7e-m+fp/hard\libc_nano.a(lib_a-memmove.o)
                0x0000000008009648                memmove
 .text.memset   0x000000000800967c       0x10 c:/st/stm32cubeide_1.12.1/stm32cubeide/plugins/com.st.stm32cube.ide.mcu.externaltools.gnu-tools-for-stm32.10.3-2021.10.win32_1.0.200.202301161003/tools/bin/../lib/gcc/arm-none-eabi/10.3.1/../../../../arm-none-eabi/lib/thumb/v7e-m+fp/hard\libc_nano.a(lib_a-memset.o)
                0x000000000800967c                memset
 .text._calloc_r
                0x000000000800968c       0x2c c:/st/stm32cubeide_1.12.1/stm32cubeide/plugins/com.st.stm32cube.ide.mcu.externaltools.gnu-tools-for-stm32.10.3-2021.10.win32_1.0.200.202301161003/tools/bin/../lib/gcc/arm-none-eabi/10.3.1/../../../../arm-none-eabi/lib/thumb/v7e-m+fp/hard\libc_nano.a(lib_a-nano-callocr.o)
                0x000000000800968c                _calloc_r
 .text._free_r  0x00000000080096b8       0x98 c:/st/stm32cubeide_1.12.1/stm32cubeide/plugins/com.st.stm32cube.ide.mcu.externaltools.gnu-tools-for-stm32.10.3-2021.10.win32_1.0.200.202301161003/tools/bin/../lib/gcc/arm-none-eabi/10.3.1/../../../../arm-none-eabi/lib/thumb/v7e-m+fp/hard\libc_nano.a(lib_a-nano-freer.o)
                0x00000000080096b8                _free_r
 .text.sbrk_aligned
                0x0000000008009750       0x40 c:/st/stm32cubeide_1.12.1/stm32cubeide/plugins/com.st.stm32cube.ide.mcu.externaltools.gnu-tools-for-stm32.10.3-2021.10.win32_1.0.200.202301161003/tools/bin/../lib/gcc/arm-none-eabi/10.3.1/../../../../arm-none-eabi/lib/thumb/v7e-m+fp/hard\libc_nano.a(lib_a-nano-mallocr.o)
 .text._malloc_r
                0x0000000008009790       0xe8 c:/st/stm32cubeide_1.12.1/stm32cubeide/plugins/com.st.stm32cube.ide.mcu.externaltools.gnu-tools-for-stm32.10.3-2021.10.win32_1.0.200.202301161003/tools/bin/../lib/gcc/arm-none-eabi/10.3.1/../../../../arm-none-eabi/lib/thumb/v7e-m+fp/hard\libc_nano.a(lib_a-nano-mallocr.o)
                0x0000000008009790                _malloc_r
 .text.__sfputc_r
                0x0000000008009878       0x2e c:/st/stm32cubeide_1.12.1/stm32cubeide/plugins/com.st.stm32cube.ide.mcu.externaltools.gnu-tools-for-stm32.10.3-2021.10.win32_1.0.200.202301161003/tools/bin/../lib/gcc/arm-none-eabi/10.3.1/../../../../arm-none-eabi/lib/thumb/v7e-m+fp/hard\libc_nano.a(lib_a-nano-vfprintf.o)
 .text.__sfputs_r
                0x00000000080098a6       0x24 c:/st/stm32cubeide_1.12.1/stm32cubeide/plugins/com.st.stm32cube.ide.mcu.externaltools.gnu-tools-for-stm32.10.3-2021.10.win32_1.0.200.202301161003/tools/bin/../lib/gcc/arm-none-eabi/10.3.1/../../../../arm-none-eabi/lib/thumb/v7e-m+fp/hard\libc_nano.a(lib_a-nano-vfprintf.o)
                0x00000000080098a6                __sfputs_r
 *fill*         0x00000000080098ca        0x2 
 .text._vfprintf_r
                0x00000000080098cc      0x260 c:/st/stm32cubeide_1.12.1/stm32cubeide/plugins/com.st.stm32cube.ide.mcu.externaltools.gnu-tools-for-stm32.10.3-2021.10.win32_1.0.200.202301161003/tools/bin/../lib/gcc/arm-none-eabi/10.3.1/../../../../arm-none-eabi/lib/thumb/v7e-m+fp/hard\libc_nano.a(lib_a-nano-vfprintf.o)
                0x00000000080098cc                _vfprintf_r
                0x00000000080098cc                _vfiprintf_r
 .text.vfprintf
                0x0000000008009b2c       0x14 c:/st/stm32cubeide_1.12.1/stm32cubeide/plugins/com.st.stm32cube.ide.mcu.externaltools.gnu-tools-for-stm32.10.3-2021.10.win32_1.0.200.202301161003/tools/bin/../lib/gcc/arm-none-eabi/10.3.1/../../../../arm-none-eabi/lib/thumb/v7e-m+fp/hard\libc_nano.a(lib_a-nano-vfprintf.o)
                0x0000000008009b2c                vfprintf
                0x0000000008009b2c                vfiprintf
 .text._printf_common
                0x0000000008009b40       0xda c:/st/stm32cubeide_1.12.1/stm32cubeide/plugins/com.st.stm32cube.ide.mcu.externaltools.gnu-tools-for-stm32.10.3-2021.10.win32_1.0.200.202301161003/tools/bin/../lib/gcc/arm-none-eabi/10.3.1/../../../../arm-none-eabi/lib/thumb/v7e-m+fp/hard\libc_nano.a(lib_a-nano-vfprintf_i.o)
                0x0000000008009b40                _printf_common
 *fill*         0x0000000008009c1a        0x2 
 .text._printf_i
                0x0000000008009c1c      0x24c c:/st/stm32cubeide_1.12.1/stm32cubeide/plugins/com.st.stm32cube.ide.mcu.externaltools.gnu-tools-for-stm32.10.3-2021.10.win32_1.0.200.202301161003/tools/bin/../lib/gcc/arm-none-eabi/10.3.1/../../../../arm-none-eabi/lib/thumb/v7e-m+fp/hard\libc_nano.a(lib_a-nano-vfprintf_i.o)
                0x0000000008009c1c                _printf_i
 .text.printf   0x0000000008009e68       0x30 c:/st/stm32cubeide_1.12.1/stm32cubeide/plugins/com.st.stm32cube.ide.mcu.externaltools.gnu-tools-for-stm32.10.3-2021.10.win32_1.0.200.202301161003/tools/bin/../lib/gcc/arm-none-eabi/10.3.1/../../../../arm-none-eabi/lib/thumb/v7e-m+fp/hard\libc_nano.a(lib_a-printf.o)
                0x0000000008009e68                iprintf
                0x0000000008009e68                printf
 .text._puts_r  0x0000000008009e98       0xdc c:/st/stm32cubeide_1.12.1/stm32cubeide/plugins/com.st.stm32cube.ide.mcu.externaltools.gnu-tools-for-stm32.10.3-2021.10.win32_1.0.200.202301161003/tools/bin/../lib/gcc/arm-none-eabi/10.3.1/../../../../arm-none-eabi/lib/thumb/v7e-m+fp/hard\libc_nano.a(lib_a-puts.o)
                0x0000000008009e98                _puts_r
 .text.puts     0x0000000008009f74       0x10 c:/st/stm32cubeide_1.12.1/stm32cubeide/plugins/com.st.stm32cube.ide.mcu.externaltools.gnu-tools-for-stm32.10.3-2021.10.win32_1.0.200.202301161003/tools/bin/../lib/gcc/arm-none-eabi/10.3.1/../../../../arm-none-eabi/lib/thumb/v7e-m+fp/hard\libc_nano.a(lib_a-puts.o)
                0x0000000008009f74                puts
 .text._sbrk_r  0x0000000008009f84       0x20 c:/st/stm32cubeide_1.12.1/stm32cubeide/plugins/com.st.stm32cube.ide.mcu.externaltools.gnu-tools-for-stm32.10.3-2021.10.win32_1.0.200.202301161003/tools/bin/../lib/gcc/arm-none-eabi/10.3.1/../../../../arm-none-eabi/lib/thumb/v7e-m+fp/hard\libc_nano.a(lib_a-sbrkr.o)
                0x0000000008009f84                _sbrk_r
 .text.strcpy   0x0000000008009fa4       0x10 c:/st/stm32cubeide_1.12.1/stm32cubeide/plugins/com.st.stm32cube.ide.mcu.externaltools.gnu-tools-for-stm32.10.3-2021.10.win32_1.0.200.202301161003/tools/bin/../lib/gcc/arm-none-eabi/10.3.1/../../../../arm-none-eabi/lib/thumb/v7e-m+fp/hard\libc_nano.a(lib_a-strcpy.o)
                0x0000000008009fa4                strcpy
 .text.strcspn  0x0000000008009fb4       0x22 c:/st/stm32cubeide_1.12.1/stm32cubeide/plugins/com.st.stm32cube.ide.mcu.externaltools.gnu-tools-for-stm32.10.3-2021.10.win32_1.0.200.202301161003/tools/bin/../lib/gcc/arm-none-eabi/10.3.1/../../../../arm-none-eabi/lib/thumb/v7e-m+fp/hard\libc_nano.a(lib_a-strcspn.o)
                0x0000000008009fb4                strcspn
 .text.strncmp  0x0000000008009fd6       0x28 c:/st/stm32cubeide_1.12.1/stm32cubeide/plugins/com.st.stm32cube.ide.mcu.externaltools.gnu-tools-for-stm32.10.3-2021.10.win32_1.0.200.202301161003/tools/bin/../lib/gcc/arm-none-eabi/10.3.1/../../../../arm-none-eabi/lib/thumb/v7e-m+fp/hard\libc_nano.a(lib_a-strncmp.o)
                0x0000000008009fd6                strncmp
 .text.strncpy  0x0000000008009ffe       0x26 c:/st/stm32cubeide_1.12.1/stm32cubeide/plugins/com.st.stm32cube.ide.mcu.externaltools.gnu-tools-for-stm32.10.3-2021.10.win32_1.0.200.202301161003/tools/bin/../lib/gcc/arm-none-eabi/10.3.1/../../../../arm-none-eabi/lib/thumb/v7e-m+fp/hard\libc_nano.a(lib_a-strncpy.o)
                0x0000000008009ffe                strncpy
 .text.strspn   0x000000000800a024       0x20 c:/st/stm32cubeide_1.12.1/stm32cubeide/plugins/com.st.stm32cube.ide.mcu.externaltools.gnu-tools-for-stm32.10.3-2021.10.win32_1.0.200.202301161003/tools/bin/../lib/gcc/arm-none-eabi/10.3.1/../../../../arm-none-eabi/lib/thumb/v7e-m+fp/hard\libc_nano.a(lib_a-strspn.o)
                0x000000000800a024                strspn
 .text.__swbuf_r
                0x000000000800a044       0xa4 c:/st/stm32cubeide_1.12.1/stm32cubeide/plugins/com.st.stm32cube.ide.mcu.externaltools.gnu-tools-for-stm32.10.3-2021.10.win32_1.0.200.202301161003/tools/bin/../lib/gcc/arm-none-eabi/10.3.1/../../../../arm-none-eabi/lib/thumb/v7e-m+fp/hard\libc_nano.a(lib_a-wbuf.o)
                0x000000000800a044                __swbuf_r
 .text.__swsetup_r
                0x000000000800a0e8       0xdc c:/st/stm32cubeide_1.12.1/stm32cubeide/plugins/com.st.stm32cube.ide.mcu.externaltools.gnu-tools-for-stm32.10.3-2021.10.win32_1.0.200.202301161003/tools/bin/../lib/gcc/arm-none-eabi/10.3.1/../../../../arm-none-eabi/lib/thumb/v7e-m+fp/hard\libc_nano.a(lib_a-wsetup.o)
                0x000000000800a0e8                __swsetup_r
 .text.__sflush_r
                0x000000000800a1c4      0x10c c:/st/stm32cubeide_1.12.1/stm32cubeide/plugins/com.st.stm32cube.ide.mcu.externaltools.gnu-tools-for-stm32.10.3-2021.10.win32_1.0.200.202301161003/tools/bin/../lib/gcc/arm-none-eabi/10.3.1/../../../../arm-none-eabi/lib/thumb/v7e-m+fp/hard\libc_nano.a(lib_a-fflush.o)
                0x000000000800a1c4                __sflush_r
 .text._fflush_r
                0x000000000800a2d0       0x78 c:/st/stm32cubeide_1.12.1/stm32cubeide/plugins/com.st.stm32cube.ide.mcu.externaltools.gnu-tools-for-stm32.10.3-2021.10.win32_1.0.200.202301161003/tools/bin/../lib/gcc/arm-none-eabi/10.3.1/../../../../arm-none-eabi/lib/thumb/v7e-m+fp/hard\libc_nano.a(lib_a-fflush.o)
                0x000000000800a2d0                _fflush_r
 .text.std      0x000000000800a348       0x48 c:/st/stm32cubeide_1.12.1/stm32cubeide/plugins/com.st.stm32cube.ide.mcu.externaltools.gnu-tools-for-stm32.10.3-2021.10.win32_1.0.200.202301161003/tools/bin/../lib/gcc/arm-none-eabi/10.3.1/../../../../arm-none-eabi/lib/thumb/v7e-m+fp/hard\libc_nano.a(lib_a-findfp.o)
 .text._cleanup_r
                0x000000000800a390        0xc c:/st/stm32cubeide_1.12.1/stm32cubeide/plugins/com.st.stm32cube.ide.mcu.externaltools.gnu-tools-for-stm32.10.3-2021.10.win32_1.0.200.202301161003/tools/bin/../lib/gcc/arm-none-eabi/10.3.1/../../../../arm-none-eabi/lib/thumb/v7e-m+fp/hard\libc_nano.a(lib_a-findfp.o)
                0x000000000800a390                _cleanup_r
 .text.__sfmoreglue
                0x000000000800a39c       0x2c c:/st/stm32cubeide_1.12.1/stm32cubeide/plugins/com.st.stm32cube.ide.mcu.externaltools.gnu-tools-for-stm32.10.3-2021.10.win32_1.0.200.202301161003/tools/bin/../lib/gcc/arm-none-eabi/10.3.1/../../../../arm-none-eabi/lib/thumb/v7e-m+fp/hard\libc_nano.a(lib_a-findfp.o)
                0x000000000800a39c                __sfmoreglue
 .text.__sfp_lock_acquire
                0x000000000800a3c8        0xc c:/st/stm32cubeide_1.12.1/stm32cubeide/plugins/com.st.stm32cube.ide.mcu.externaltools.gnu-tools-for-stm32.10.3-2021.10.win32_1.0.200.202301161003/tools/bin/../lib/gcc/arm-none-eabi/10.3.1/../../../../arm-none-eabi/lib/thumb/v7e-m+fp/hard\libc_nano.a(lib_a-findfp.o)
                0x000000000800a3c8                __sfp_lock_acquire
 .text.__sfp_lock_release
                0x000000000800a3d4        0xc c:/st/stm32cubeide_1.12.1/stm32cubeide/plugins/com.st.stm32cube.ide.mcu.externaltools.gnu-tools-for-stm32.10.3-2021.10.win32_1.0.200.202301161003/tools/bin/../lib/gcc/arm-none-eabi/10.3.1/../../../../arm-none-eabi/lib/thumb/v7e-m+fp/hard\libc_nano.a(lib_a-findfp.o)
                0x000000000800a3d4                __sfp_lock_release
 .text.__sinit_lock_acquire
                0x000000000800a3e0        0xc c:/st/stm32cubeide_1.12.1/stm32cubeide/plugins/com.st.stm32cube.ide.mcu.externaltools.gnu-tools-for-stm32.10.3-2021.10.win32_1.0.200.202301161003/tools/bin/../lib/gcc/arm-none-eabi/10.3.1/../../../../arm-none-eabi/lib/thumb/v7e-m+fp/hard\libc_nano.a(lib_a-findfp.o)
                0x000000000800a3e0                __sinit_lock_acquire
 .text.__sinit_lock_release
                0x000000000800a3ec        0xc c:/st/stm32cubeide_1.12.1/stm32cubeide/plugins/com.st.stm32cube.ide.mcu.externaltools.gnu-tools-for-stm32.10.3-2021.10.win32_1.0.200.202301161003/tools/bin/../lib/gcc/arm-none-eabi/10.3.1/../../../../arm-none-eabi/lib/thumb/v7e-m+fp/hard\libc_nano.a(lib_a-findfp.o)
                0x000000000800a3ec                __sinit_lock_release
 .text.__sinit  0x000000000800a3f8       0x70 c:/st/stm32cubeide_1.12.1/stm32cubeide/plugins/com.st.stm32cube.ide.mcu.externaltools.gnu-tools-for-stm32.10.3-2021.10.win32_1.0.200.202301161003/tools/bin/../lib/gcc/arm-none-eabi/10.3.1/../../../../arm-none-eabi/lib/thumb/v7e-m+fp/hard\libc_nano.a(lib_a-findfp.o)
                0x000000000800a3f8                __sinit
 .text.__sfp    0x000000000800a468       0x8c c:/st/stm32cubeide_1.12.1/stm32cubeide/plugins/com.st.stm32cube.ide.mcu.externaltools.gnu-tools-for-stm32.10.3-2021.10.win32_1.0.200.202301161003/tools/bin/../lib/gcc/arm-none-eabi/10.3.1/../../../../arm-none-eabi/lib/thumb/v7e-m+fp/hard\libc_nano.a(lib_a-findfp.o)
                0x000000000800a468                __sfp
 .text._fwalk_reent
                0x000000000800a4f4       0x3e c:/st/stm32cubeide_1.12.1/stm32cubeide/plugins/com.st.stm32cube.ide.mcu.externaltools.gnu-tools-for-stm32.10.3-2021.10.win32_1.0.200.202301161003/tools/bin/../lib/gcc/arm-none-eabi/10.3.1/../../../../arm-none-eabi/lib/thumb/v7e-m+fp/hard\libc_nano.a(lib_a-fwalk.o)
                0x000000000800a4f4                _fwalk_reent
 .text.__retarget_lock_init_recursive
                0x000000000800a532        0x2 c:/st/stm32cubeide_1.12.1/stm32cubeide/plugins/com.st.stm32cube.ide.mcu.externaltools.gnu-tools-for-stm32.10.3-2021.10.win32_1.0.200.202301161003/tools/bin/../lib/gcc/arm-none-eabi/10.3.1/../../../../arm-none-eabi/lib/thumb/v7e-m+fp/hard\libc_nano.a(lib_a-lock.o)
                0x000000000800a532                __retarget_lock_init_recursive
 .text.__retarget_lock_acquire_recursive
                0x000000000800a534        0x2 c:/st/stm32cubeide_1.12.1/stm32cubeide/plugins/com.st.stm32cube.ide.mcu.externaltools.gnu-tools-for-stm32.10.3-2021.10.win32_1.0.200.202301161003/tools/bin/../lib/gcc/arm-none-eabi/10.3.1/../../../../arm-none-eabi/lib/thumb/v7e-m+fp/hard\libc_nano.a(lib_a-lock.o)
                0x000000000800a534                __retarget_lock_acquire_recursive
 .text.__retarget_lock_release_recursive
                0x000000000800a536        0x2 c:/st/stm32cubeide_1.12.1/stm32cubeide/plugins/com.st.stm32cube.ide.mcu.externaltools.gnu-tools-for-stm32.10.3-2021.10.win32_1.0.200.202301161003/tools/bin/../lib/gcc/arm-none-eabi/10.3.1/../../../../arm-none-eabi/lib/thumb/v7e-m+fp/hard\libc_nano.a(lib_a-lock.o)
                0x000000000800a536                __retarget_lock_release_recursive
 .text.__swhatbuf_r
                0x000000000800a538       0x4a c:/st/stm32cubeide_1.12.1/stm32cubeide/plugins/com.st.stm32cube.ide.mcu.externaltools.gnu-tools-for-stm32.10.3-2021.10.win32_1.0.200.202301161003/tools/bin/../lib/gcc/arm-none-eabi/10.3.1/../../../../arm-none-eabi/lib/thumb/v7e-m+fp/hard\libc_nano.a(lib_a-makebuf.o)
                0x000000000800a538                __swhatbuf_r
 *fill*         0x000000000800a582        0x2 
 .text.__smakebuf_r
                0x000000000800a584       0x80 c:/st/stm32cubeide_1.12.1/stm32cubeide/plugins/com.st.stm32cube.ide.mcu.externaltools.gnu-tools-for-stm32.10.3-2021.10.win32_1.0.200.202301161003/tools/bin/../lib/gcc/arm-none-eabi/10.3.1/../../../../arm-none-eabi/lib/thumb/v7e-m+fp/hard\libc_nano.a(lib_a-makebuf.o)
                0x000000000800a584                __smakebuf_r
 .text.__malloc_lock
                0x000000000800a604        0xc c:/st/stm32cubeide_1.12.1/stm32cubeide/plugins/com.st.stm32cube.ide.mcu.externaltools.gnu-tools-for-stm32.10.3-2021.10.win32_1.0.200.202301161003/tools/bin/../lib/gcc/arm-none-eabi/10.3.1/../../../../arm-none-eabi/lib/thumb/v7e-m+fp/hard\libc_nano.a(lib_a-mlock.o)
                0x000000000800a604                __malloc_lock
 .text.__malloc_unlock
                0x000000000800a610        0xc c:/st/stm32cubeide_1.12.1/stm32cubeide/plugins/com.st.stm32cube.ide.mcu.externaltools.gnu-tools-for-stm32.10.3-2021.10.win32_1.0.200.202301161003/tools/bin/../lib/gcc/arm-none-eabi/10.3.1/../../../../arm-none-eabi/lib/thumb/v7e-m+fp/hard\libc_nano.a(lib_a-mlock.o)
                0x000000000800a610                __malloc_unlock
 .text.__sread  0x000000000800a61c       0x22 c:/st/stm32cubeide_1.12.1/stm32cubeide/plugins/com.st.stm32cube.ide.mcu.externaltools.gnu-tools-for-stm32.10.3-2021.10.win32_1.0.200.202301161003/tools/bin/../lib/gcc/arm-none-eabi/10.3.1/../../../../arm-none-eabi/lib/thumb/v7e-m+fp/hard\libc_nano.a(lib_a-stdio.o)
                0x000000000800a61c                __sread
 .text.__swrite
                0x000000000800a63e       0x38 c:/st/stm32cubeide_1.12.1/stm32cubeide/plugins/com.st.stm32cube.ide.mcu.externaltools.gnu-tools-for-stm32.10.3-2021.10.win32_1.0.200.202301161003/tools/bin/../lib/gcc/arm-none-eabi/10.3.1/../../../../arm-none-eabi/lib/thumb/v7e-m+fp/hard\libc_nano.a(lib_a-stdio.o)
                0x000000000800a63e                __swrite
 .text.__sseek  0x000000000800a676       0x24 c:/st/stm32cubeide_1.12.1/stm32cubeide/plugins/com.st.stm32cube.ide.mcu.externaltools.gnu-tools-for-stm32.10.3-2021.10.win32_1.0.200.202301161003/tools/bin/../lib/gcc/arm-none-eabi/10.3.1/../../../../arm-none-eabi/lib/thumb/v7e-m+fp/hard\libc_nano.a(lib_a-stdio.o)
                0x000000000800a676                __sseek
 .text.__sclose
                0x000000000800a69a        0x8 c:/st/stm32cubeide_1.12.1/stm32cubeide/plugins/com.st.stm32cube.ide.mcu.externaltools.gnu-tools-for-stm32.10.3-2021.10.win32_1.0.200.202301161003/tools/bin/../lib/gcc/arm-none-eabi/10.3.1/../../../../arm-none-eabi/lib/thumb/v7e-m+fp/hard\libc_nano.a(lib_a-stdio.o)
                0x000000000800a69a                __sclose
 *fill*         0x000000000800a6a2        0x2 
 .text._write_r
                0x000000000800a6a4       0x24 c:/st/stm32cubeide_1.12.1/stm32cubeide/plugins/com.st.stm32cube.ide.mcu.externaltools.gnu-tools-for-stm32.10.3-2021.10.win32_1.0.200.202301161003/tools/bin/../lib/gcc/arm-none-eabi/10.3.1/../../../../arm-none-eabi/lib/thumb/v7e-m+fp/hard\libc_nano.a(lib_a-writer.o)
                0x000000000800a6a4                _write_r
 .text._close_r
                0x000000000800a6c8       0x20 c:/st/stm32cubeide_1.12.1/stm32cubeide/plugins/com.st.stm32cube.ide.mcu.externaltools.gnu-tools-for-stm32.10.3-2021.10.win32_1.0.200.202301161003/tools/bin/../lib/gcc/arm-none-eabi/10.3.1/../../../../arm-none-eabi/lib/thumb/v7e-m+fp/hard\libc_nano.a(lib_a-closer.o)
                0x000000000800a6c8                _close_r
 .text._fstat_r
                0x000000000800a6e8       0x24 c:/st/stm32cubeide_1.12.1/stm32cubeide/plugins/com.st.stm32cube.ide.mcu.externaltools.gnu-tools-for-stm32.10.3-2021.10.win32_1.0.200.202301161003/tools/bin/../lib/gcc/arm-none-eabi/10.3.1/../../../../arm-none-eabi/lib/thumb/v7e-m+fp/hard\libc_nano.a(lib_a-fstatr.o)
                0x000000000800a6e8                _fstat_r
 .text._isatty_r
                0x000000000800a70c       0x20 c:/st/stm32cubeide_1.12.1/stm32cubeide/plugins/com.st.stm32cube.ide.mcu.externaltools.gnu-tools-for-stm32.10.3-2021.10.win32_1.0.200.202301161003/tools/bin/../lib/gcc/arm-none-eabi/10.3.1/../../../../arm-none-eabi/lib/thumb/v7e-m+fp/hard\libc_nano.a(lib_a-isattyr.o)
                0x000000000800a70c                _isatty_r
 .text._lseek_r
                0x000000000800a72c       0x24 c:/st/stm32cubeide_1.12.1/stm32cubeide/plugins/com.st.stm32cube.ide.mcu.externaltools.gnu-tools-for-stm32.10.3-2021.10.win32_1.0.200.202301161003/tools/bin/../lib/gcc/arm-none-eabi/10.3.1/../../../../arm-none-eabi/lib/thumb/v7e-m+fp/hard\libc_nano.a(lib_a-lseekr.o)
                0x000000000800a72c                _lseek_r
 .text._read_r  0x000000000800a750       0x24 c:/st/stm32cubeide_1.12.1/stm32cubeide/plugins/com.st.stm32cube.ide.mcu.externaltools.gnu-tools-for-stm32.10.3-2021.10.win32_1.0.200.202301161003/tools/bin/../lib/gcc/arm-none-eabi/10.3.1/../../../../arm-none-eabi/lib/thumb/v7e-m+fp/hard\libc_nano.a(lib_a-readr.o)
                0x000000000800a750                _read_r
 .text.roundf   0x000000000800a774       0x48 c:/st/stm32cubeide_1.12.1/stm32cubeide/plugins/com.st.stm32cube.ide.mcu.externaltools.gnu-tools-for-stm32.10.3-2021.10.win32_1.0.200.202301161003/tools/bin/../lib/gcc/arm-none-eabi/10.3.1/../../../../arm-none-eabi/lib/thumb/v7e-m+fp/hard\libm.a(lib_a-sf_round.o)
                0x000000000800a774                roundf
 .text.powf     0x000000000800a7bc       0xae c:/st/stm32cubeide_1.12.1/stm32cubeide/plugins/com.st.stm32cube.ide.mcu.externaltools.gnu-tools-for-stm32.10.3-2021.10.win32_1.0.200.202301161003/tools/bin/../lib/gcc/arm-none-eabi/10.3.1/../../../../arm-none-eabi/lib/thumb/v7e-m+fp/hard\libm.a(lib_a-wf_pow.o)
                0x000000000800a7bc                powf
 *fill*         0x000000000800a86a        0x2 
 .text.__ieee754_powf
                0x000000000800a86c      0x59c c:/st/stm32cubeide_1.12.1/stm32cubeide/plugins/com.st.stm32cube.ide.mcu.externaltools.gnu-tools-for-stm32.10.3-2021.10.win32_1.0.200.202301161003/tools/bin/../lib/gcc/arm-none-eabi/10.3.1/../../../../arm-none-eabi/lib/thumb/v7e-m+fp/hard\libm.a(lib_a-ef_pow.o)
                0x000000000800a86c                __ieee754_powf
 .text.__ieee754_sqrtf
                0x000000000800ae08        0x6 c:/st/stm32cubeide_1.12.1/stm32cubeide/plugins/com.st.stm32cube.ide.mcu.externaltools.gnu-tools-for-stm32.10.3-2021.10.win32_1.0.200.202301161003/tools/bin/../lib/gcc/arm-none-eabi/10.3.1/../../../../arm-none-eabi/lib/thumb/v7e-m+fp/hard\libm.a(lib_a-ef_sqrt.o)
                0x000000000800ae08                __ieee754_sqrtf
 .text.with_errnof
                0x000000000800ae0e       0x16 c:/st/stm32cubeide_1.12.1/stm32cubeide/plugins/com.st.stm32cube.ide.mcu.externaltools.gnu-tools-for-stm32.10.3-2021.10.win32_1.0.200.202301161003/tools/bin/../lib/gcc/arm-none-eabi/10.3.1/../../../../arm-none-eabi/lib/thumb/v7e-m+fp/hard\libm.a(lib_a-math_errf.o)
 .text.xflowf   0x000000000800ae24       0x16 c:/st/stm32cubeide_1.12.1/stm32cubeide/plugins/com.st.stm32cube.ide.mcu.externaltools.gnu-tools-for-stm32.10.3-2021.10.win32_1.0.200.202301161003/tools/bin/../lib/gcc/arm-none-eabi/10.3.1/../../../../arm-none-eabi/lib/thumb/v7e-m+fp/hard\libm.a(lib_a-math_errf.o)
 *fill*         0x000000000800ae3a        0x2 
 .text.__math_uflowf
                0x000000000800ae3c        0xc c:/st/stm32cubeide_1.12.1/stm32cubeide/plugins/com.st.stm32cube.ide.mcu.externaltools.gnu-tools-for-stm32.10.3-2021.10.win32_1.0.200.202301161003/tools/bin/../lib/gcc/arm-none-eabi/10.3.1/../../../../arm-none-eabi/lib/thumb/v7e-m+fp/hard\libm.a(lib_a-math_errf.o)
                0x000000000800ae3c                __math_uflowf
 .text.__math_oflowf
                0x000000000800ae48        0xc c:/st/stm32cubeide_1.12.1/stm32cubeide/plugins/com.st.stm32cube.ide.mcu.externaltools.gnu-tools-for-stm32.10.3-2021.10.win32_1.0.200.202301161003/tools/bin/../lib/gcc/arm-none-eabi/10.3.1/../../../../arm-none-eabi/lib/thumb/v7e-m+fp/hard\libm.a(lib_a-math_errf.o)
                0x000000000800ae48                __math_oflowf
 .text.fabsf    0x000000000800ae54        0xe c:/st/stm32cubeide_1.12.1/stm32cubeide/plugins/com.st.stm32cube.ide.mcu.externaltools.gnu-tools-for-stm32.10.3-2021.10.win32_1.0.200.202301161003/tools/bin/../lib/gcc/arm-none-eabi/10.3.1/../../../../arm-none-eabi/lib/thumb/v7e-m+fp/hard\libm.a(lib_a-sf_fabs.o)
                0x000000000800ae54                fabsf
 .text.finitef  0x000000000800ae62       0x1a c:/st/stm32cubeide_1.12.1/stm32cubeide/plugins/com.st.stm32cube.ide.mcu.externaltools.gnu-tools-for-stm32.10.3-2021.10.win32_1.0.200.202301161003/tools/bin/../lib/gcc/arm-none-eabi/10.3.1/../../../../arm-none-eabi/lib/thumb/v7e-m+fp/hard\libm.a(lib_a-sf_finite.o)
                0x000000000800ae62                finitef
 .text.scalbnf  0x000000000800ae7c       0xe4 c:/st/stm32cubeide_1.12.1/stm32cubeide/plugins/com.st.stm32cube.ide.mcu.externaltools.gnu-tools-for-stm32.10.3-2021.10.win32_1.0.200.202301161003/tools/bin/../lib/gcc/arm-none-eabi/10.3.1/../../../../arm-none-eabi/lib/thumb/v7e-m+fp/hard\libm.a(lib_a-sf_scalbn.o)
                0x000000000800ae7c                scalbnf
 *(.glue_7)
 .glue_7        0x000000000800af60        0x0 linker stubs
 *(.glue_7t)
 .glue_7t       0x000000000800af60        0x0 linker stubs
 *(.eh_frame)
 .eh_frame      0x000000000800af60        0x0 c:/st/stm32cubeide_1.12.1/stm32cubeide/plugins/com.st.stm32cube.ide.mcu.externaltools.gnu-tools-for-stm32.10.3-2021.10.win32_1.0.200.202301161003/tools/bin/../lib/gcc/arm-none-eabi/10.3.1/thumb/v7e-m+fp/hard/crtbegin.o
 *(.init)
 .init          0x000000000800af60        0x4 c:/st/stm32cubeide_1.12.1/stm32cubeide/plugins/com.st.stm32cube.ide.mcu.externaltools.gnu-tools-for-stm32.10.3-2021.10.win32_1.0.200.202301161003/tools/bin/../lib/gcc/arm-none-eabi/10.3.1/thumb/v7e-m+fp/hard/crti.o
                0x000000000800af60                _init
 .init          0x000000000800af64        0x8 c:/st/stm32cubeide_1.12.1/stm32cubeide/plugins/com.st.stm32cube.ide.mcu.externaltools.gnu-tools-for-stm32.10.3-2021.10.win32_1.0.200.202301161003/tools/bin/../lib/gcc/arm-none-eabi/10.3.1/thumb/v7e-m+fp/hard/crtn.o
 *(.fini)
 .fini          0x000000000800af6c        0x4 c:/st/stm32cubeide_1.12.1/stm32cubeide/plugins/com.st.stm32cube.ide.mcu.externaltools.gnu-tools-for-stm32.10.3-2021.10.win32_1.0.200.202301161003/tools/bin/../lib/gcc/arm-none-eabi/10.3.1/thumb/v7e-m+fp/hard/crti.o
                0x000000000800af6c                _fini
 .fini          0x000000000800af70        0x8 c:/st/stm32cubeide_1.12.1/stm32cubeide/plugins/com.st.stm32cube.ide.mcu.externaltools.gnu-tools-for-stm32.10.3-2021.10.win32_1.0.200.202301161003/tools/bin/../lib/gcc/arm-none-eabi/10.3.1/thumb/v7e-m+fp/hard/crtn.o
                0x000000000800af78                . = ALIGN (0x4)
                0x000000000800af78                _etext = .

.vfp11_veneer   0x000000000800af78        0x0
 .vfp11_veneer  0x000000000800af78        0x0 linker stubs

.v4_bx          0x000000000800af78        0x0
 .v4_bx         0x000000000800af78        0x0 linker stubs

.iplt           0x000000000800af78        0x0
 .iplt          0x000000000800af78        0x0 c:/st/stm32cubeide_1.12.1/stm32cubeide/plugins/com.st.stm32cube.ide.mcu.externaltools.gnu-tools-for-stm32.10.3-2021.10.win32_1.0.200.202301161003/tools/bin/../lib/gcc/arm-none-eabi/10.3.1/thumb/v7e-m+fp/hard/crtbegin.o

.rodata         0x000000000800af78    0x3de34
                0x000000000800af78                . = ALIGN (0x4)
 *(.rodata)
 .rodata        0x000000000800af78       0x38 ../Middlewares/ST/STM32_Audio/Addons/PDM/Lib/\libPDMFilter_CM4_GCC_wc32.a(pdm_filter.o)
 *(.rodata*)
 .rodata.GPIO_PIN
                0x000000000800afb0        0x8 ./Drivers/BSP/STM32F4-Discovery/stm32f4_discovery.o
                0x000000000800afb0                GPIO_PIN
 .rodata.flagBitshiftOffset.0
                0x000000000800afb8        0x8 ./Drivers/STM32F4xx_HAL_Driver/Src/stm32f4xx_hal_dma.o
 .rodata.inference_callback.str1.4
                0x000000000800afc0       0x73 ./Src/main.o
                                         0x77 (size before relaxing)
 *fill*         0x000000000800b033        0x1 
 .rodata.wake_word_callback.str1.4
                0x000000000800b034        0xc ./Src/main.o
 .rodata.main.str1.4
                0x000000000800b040      0x10f ./Src/main.o
 *fill*         0x000000000800b14f        0x1 
 .rodata.CONTEXT_ARRAY
                0x000000000800b150      0x3e4 ./Src/main.o
 .rodata.KEYWORD_ARRAY
                0x000000000800b534     0x1698 ./Src/main.o
 .rodata.AHBPrescTable
                0x000000000800cbcc       0x10 ./Src/system_stm32f4xx.o
                0x000000000800cbcc                AHBPrescTable
 .rodata.str1.4
                0x000000000800cbdc       0xcf ../../../../../sdk/mcu/lib/stm32f407/zh\libpicovoice.a(picovoice.o)
 *fill*         0x000000000800ccab        0x1 
 .rodata.STRINGS.0
                0x000000000800ccac       0x30 ../../../../../sdk/mcu/lib/stm32f407/zh\libpicovoice.a(picovoice.o)
 .rodata.taabe567.str1.4
                0x000000000800ccdc      0x1d0 ../../../../../sdk/mcu/lib/stm32f407/zh\libpicovoice.a(pv_porcupine.o)
 .rodata.taabe24.str1.4
                0x000000000800ceac       0x7e ../../../../../sdk/mcu/lib/stm32f407/zh\libpicovoice.a(pv_porcupine_internal.o)
 *fill*         0x000000000800cf2a        0x2 
 .rodata.taabe85.str1.4
                0x000000000800cf2c      0x1e2 ../../../../../sdk/mcu/lib/stm32f407/zh\libpicovoice.a(pv_porcupine_internal.o)
                                        0x1ea (size before relaxing)
 *fill*         0x000000000800d10e        0x2 
 .rodata.pv_rhino_parse_context.str1.4
                0x000000000800d110      0x149 ../../../../../sdk/mcu/lib/stm32f407/zh\libpicovoice.a(pv_rhino.o)
                                        0x18d (size before relaxing)
 *fill*         0x000000000800d259        0x3 
 .rodata.taabe279.part.0.str1.4
                0x000000000800d25c      0x11c ../../../../../sdk/mcu/lib/stm32f407/zh\libpicovoice.a(pv_rhino.o)
                                        0x19f (size before relaxing)
 .rodata.taabe714.str1.4
                0x000000000800d378        0x2 ../../../../../sdk/mcu/lib/stm32f407/zh\libpicovoice.a(pv_rhino_decoder_fancy_slots.o)
                                          0x6 (size before relaxing)
 *fill*         0x000000000800d37a        0x2 
 .rodata.str1.4
                0x000000000800d37c       0xcf ../../../../../sdk/mcu/lib/stm32f407/zh\libpicovoice.a(pv_language_info_zh.o)
                                         0xd7 (size before relaxing)
 *fill*         0x000000000800d44b        0x1 
 .rodata.PV_LANGUAGE_INFO
                0x000000000800d44c       0x10 ../../../../../sdk/mcu/lib/stm32f407/zh\libpicovoice.a(pv_language_info_zh.o)
                0x000000000800d44c                PV_LANGUAGE_INFO
 .rodata.BINS.2
                0x000000000800d45c       0x54 ../../../../../sdk/mcu/lib/stm32f407/zh\libpicovoice.a(pv_filterbank.o)
 .rodata.WEIGHT_DECREMENTS.0
                0x000000000800d4b0       0xa0 ../../../../../sdk/mcu/lib/stm32f407/zh\libpicovoice.a(pv_filterbank.o)
 .rodata.WEIGHT_INCREMENTS.1
                0x000000000800d550       0xa0 ../../../../../sdk/mcu/lib/stm32f407/zh\libpicovoice.a(pv_filterbank.o)
 .rodata.HALF_HANN_WINDOW
                0x000000000800d5f0      0x400 ../../../../../sdk/mcu/lib/stm32f407/zh\libpicovoice.a(pv_stft.o)
 .rodata.str1.4
                0x000000000800d9f0       0x11 ../../../../../sdk/mcu/lib/stm32f407/zh\libpicovoice.a(pv_access.o)
 *fill*         0x000000000800da01        0x3 
 .rodata.BIT_REVERSAL_TABLE
                0x000000000800da04      0x200 ../../../../../sdk/mcu/lib/stm32f407/zh\libpicovoice.a(pv_fft.o)
 .rodata.SIN_TABLE
                0x000000000800dc04      0x600 ../../../../../sdk/mcu/lib/stm32f407/zh\libpicovoice.a(pv_fft.o)
 .rodata.PV_EXP_LSB_TABLE
                0x000000000800e204      0x200 ../../../../../sdk/mcu/lib/stm32f407/zh\libpicovoice.a(pv_math.o)
 .rodata.PV_EXP_MSB_TABLE
                0x000000000800e404      0x200 ../../../../../sdk/mcu/lib/stm32f407/zh\libpicovoice.a(pv_math.o)
 .rodata.PV_LOG10_TABLE
                0x000000000800e604      0x402 ../../../../../sdk/mcu/lib/stm32f407/zh\libpicovoice.a(pv_math.o)
 *fill*         0x000000000800ea06        0x2 
 .rodata.PV_SIGMOID_TABLE
                0x000000000800ea08      0x202 ../../../../../sdk/mcu/lib/stm32f407/zh\libpicovoice.a(pv_math.o)
 *fill*         0x000000000800ec0a        0x2 
 .rodata.FEATURE_NORMALIZATION_MEAN
                0x000000000800ec0c       0x50 ../../../../../sdk/mcu/lib/stm32f407/zh\libpicovoice.a(pv_classifier_80_zh_cortexm.o)
 .rodata.FEATURE_NORMALIZATION_STD_RECIPROCAL
                0x000000000800ec5c       0x50 ../../../../../sdk/mcu/lib/stm32f407/zh\libpicovoice.a(pv_classifier_80_zh_cortexm.o)
 .rodata.NORMALIZATION_PARAM
                0x000000000800ecac        0xc ../../../../../sdk/mcu/lib/stm32f407/zh\libpicovoice.a(pv_classifier_80_zh_cortexm.o)
 .rodata.PV_PORCUPINE_CLASSIFIER_PARAM
                0x000000000800ecb8       0x14 ../../../../../sdk/mcu/lib/stm32f407/zh\libpicovoice.a(pv_classifier_80_zh_cortexm.o)
                0x000000000800ecb8                PV_PORCUPINE_CLASSIFIER_PARAM
 .rodata.RNN_0_PARAM
                0x000000000800eccc        0x8 ../../../../../sdk/mcu/lib/stm32f407/zh\libpicovoice.a(pv_classifier_80_zh_cortexm.o)
 .rodata.RNN_1_PARAM
                0x000000000800ecd4        0x8 ../../../../../sdk/mcu/lib/stm32f407/zh\libpicovoice.a(pv_classifier_80_zh_cortexm.o)
 .rodata.RNN_2_PARAM
                0x000000000800ecdc        0x8 ../../../../../sdk/mcu/lib/stm32f407/zh\libpicovoice.a(pv_classifier_80_zh_cortexm.o)
 .rodata.RNN_3_PARAM
                0x000000000800ece4        0x8 ../../../../../sdk/mcu/lib/stm32f407/zh\libpicovoice.a(pv_classifier_80_zh_cortexm.o)
 .rodata.RNN_4_PARAM
                0x000000000800ecec        0x8 ../../../../../sdk/mcu/lib/stm32f407/zh\libpicovoice.a(pv_classifier_80_zh_cortexm.o)
 .rodata.RNN_5_PARAM
                0x000000000800ecf4        0x8 ../../../../../sdk/mcu/lib/stm32f407/zh\libpicovoice.a(pv_classifier_80_zh_cortexm.o)
 .rodata.SOFTMAX_BIAS
                0x000000000800ecfc       0x30 ../../../../../sdk/mcu/lib/stm32f407/zh\libpicovoice.a(pv_classifier_80_zh_cortexm.o)
 .rodata.SOFTMAX_FC_PARAM
                0x000000000800ed2c       0x10 ../../../../../sdk/mcu/lib/stm32f407/zh\libpicovoice.a(pv_classifier_80_zh_cortexm.o)
 .rodata.SOFTMAX_WEIGHT
                0x000000000800ed3c      0xf00 ../../../../../sdk/mcu/lib/stm32f407/zh\libpicovoice.a(pv_classifier_80_zh_cortexm.o)
 .rodata.TIED_LSTM_0_HIDDEN_BIAS
                0x000000000800fc3c       0xf0 ../../../../../sdk/mcu/lib/stm32f407/zh\libpicovoice.a(pv_classifier_80_zh_cortexm.o)
 .rodata.TIED_LSTM_0_HIDDEN_FC_PARAM
                0x000000000800fd2c       0x10 ../../../../../sdk/mcu/lib/stm32f407/zh\libpicovoice.a(pv_classifier_80_zh_cortexm.o)
 .rodata.TIED_LSTM_0_HIDDEN_WEIGHT
                0x000000000800fd3c     0x4b00 ../../../../../sdk/mcu/lib/stm32f407/zh\libpicovoice.a(pv_classifier_80_zh_cortexm.o)
 .rodata.TIED_LSTM_0_INPUT_BIAS
                0x000000000801483c       0xf0 ../../../../../sdk/mcu/lib/stm32f407/zh\libpicovoice.a(pv_classifier_80_zh_cortexm.o)
 .rodata.TIED_LSTM_0_INPUT_FC_PARAM
                0x000000000801492c       0x10 ../../../../../sdk/mcu/lib/stm32f407/zh\libpicovoice.a(pv_classifier_80_zh_cortexm.o)
 .rodata.TIED_LSTM_0_INPUT_WEIGHT
                0x000000000801493c     0x4b00 ../../../../../sdk/mcu/lib/stm32f407/zh\libpicovoice.a(pv_classifier_80_zh_cortexm.o)
 .rodata.TIED_LSTM_1_HIDDEN_BIAS
                0x000000000801943c       0xf0 ../../../../../sdk/mcu/lib/stm32f407/zh\libpicovoice.a(pv_classifier_80_zh_cortexm.o)
 .rodata.TIED_LSTM_1_HIDDEN_FC_PARAM
                0x000000000801952c       0x10 ../../../../../sdk/mcu/lib/stm32f407/zh\libpicovoice.a(pv_classifier_80_zh_cortexm.o)
 .rodata.TIED_LSTM_1_HIDDEN_WEIGHT
                0x000000000801953c     0x4b00 ../../../../../sdk/mcu/lib/stm32f407/zh\libpicovoice.a(pv_classifier_80_zh_cortexm.o)
 .rodata.TIED_LSTM_1_INPUT_BIAS
                0x000000000801e03c       0xf0 ../../../../../sdk/mcu/lib/stm32f407/zh\libpicovoice.a(pv_classifier_80_zh_cortexm.o)
 .rodata.TIED_LSTM_1_INPUT_FC_PARAM
                0x000000000801e12c       0x10 ../../../../../sdk/mcu/lib/stm32f407/zh\libpicovoice.a(pv_classifier_80_zh_cortexm.o)
 .rodata.TIED_LSTM_1_INPUT_WEIGHT
                0x000000000801e13c     0x4b00 ../../../../../sdk/mcu/lib/stm32f407/zh\libpicovoice.a(pv_classifier_80_zh_cortexm.o)
 .rodata.TIED_LSTM_2_HIDDEN_BIAS
                0x0000000008022c3c       0xf0 ../../../../../sdk/mcu/lib/stm32f407/zh\libpicovoice.a(pv_classifier_80_zh_cortexm.o)
 .rodata.TIED_LSTM_2_HIDDEN_FC_PARAM